 GodComplex

 Timestamp is 5113a10a (Thu Feb 07 13:41:46 2013)

 Preferred load address is 00600000

 Start         Length     Name                   Class
 0001:00000000 0000eaecH .text                   CODE
 0001:0000eaec 00000005H .text$yc                CODE
 0002:00000000 000000d4H .idata$5                DATA
 0002:000000d8 00000bb4H .rdata                  DATA
 0002:00000c8c 0000008cH .idata$2                DATA
 0002:00000d18 00000014H .idata$3                DATA
 0002:00000d2c 000000d4H .idata$4                DATA
 0002:00000e00 00000368H .idata$6                DATA
 0002:00001168 00000000H .edata                  DATA
 0003:00000000 00000840H .data                   DATA
 0003:00000840 0032397aH .bss                    DATA
 0004:00000000 00000004H .CRT$XCU                DATA
 0005:00000000 0000020cH .rsrc$01                DATA
 0005:00000210 0000d8e8H .rsrc$02                DATA

  Address         Publics by Value              Rva+Base       Lib:Object

 0000:00000000       ___safe_se_handler_count   00000000     <absolute>
 0000:00000000       ___safe_se_handler_table   00000000     <absolute>
 0001:00000000       ?RenderProxy@V2MPlayer@@SGXPAXPAMK@Z 00601000 f i GodComplex.obj
 0001:00000015       ??0NjHalf4@@QAE@XZ         00601015 f i EffectRoom.obj
 0001:0000004d       ??$CLAMP@M@@YIMABM00@Z     0060104d f i EffectRoom.obj
 0001:0000006c       ??$SATURATE@M@@YIMABM@Z    0060106c f i EffectRoom.obj
 0001:00000089       ??BNjHalf4@@QAE?AVNjFloat4@@XZ 00601089 f i Intro.obj
 0001:000000cf       ?Blend@Pixel@@QAEXABU1@M@Z 006010cf f i Intro.obj
 0001:0000016a       ??TNjFloat3@@QBE?AV0@ABV0@@Z 0060116a f i Math.obj
 0001:00000199       ?NewScanline@DrawContext@DrawUtils@@UAEXXZ 00601199 f i Draw.obj
 0001:000001c5       ?Max@NjFloat4@@QBE?AV1@ABV1@@Z 006011c5 f i Filters.obj
 0001:00000223       ??0Pixel@@QAE@XZ           00601223 f i Filters.obj
 0001:0000024c       ?Normalize@NjFloat3@@QAEAAV1@XZ 0060124c f i Generators.obj
 0001:00000281       ?TriLerp@Noise@@ABEMMMMMMMMMMMM@Z 00601281 f i Noise.obj
 0001:000002d0       ?SCurve@Noise@@ABEMM@Z     006012d0 f i Noise.obj
 0001:000002f8       ?Dot@Noise@@ABEMIMMMMMM@Z  006012f8 f i Noise.obj
 0001:00000332       ??_GComponent@@UAEPAXI@Z   00601332 f i Component.obj
 0001:00000332       ??_EComponent@@UAEPAXI@Z   00601332 f i  CIL library: CIL module
 0001:00000351       ??_EComputeShader@@UAEPAXI@Z 00601351 f i  CIL library: CIL module
 0001:00000351       ??_GComputeShader@@UAEPAXI@Z 00601351 f i ComputeShader.obj
 0001:00000370       ??_GStructuredBuffer@ComputeShader@@UAEPAXI@Z 00601370 f i ComputeShader.obj
 0001:00000370       ??_EStructuredBuffer@ComputeShader@@UAEPAXI@Z 00601370 f i  CIL library: CIL module
 0001:0000038f       ??_EMaterial@@UAEPAXI@Z    0060138f f i  CIL library: CIL module
 0001:0000038f       ??_GMaterial@@UAEPAXI@Z    0060138f f i Material.obj
 0001:000003ae       ??_GPrimitive@@UAEPAXI@Z   006013ae f i Primitive.obj
 0001:000003ae       ??_EPrimitive@@UAEPAXI@Z   006013ae f i  CIL library: CIL module
 0001:000003cd       ??_ERasterizerState@@UAEPAXI@Z 006013cd f i  CIL library: CIL module
 0001:000003cd       ??_GRasterizerState@@UAEPAXI@Z 006013cd f i States.obj
 0001:000003ec       ??_EDepthStencilState@@UAEPAXI@Z 006013ec f i  CIL library: CIL module
 0001:000003ec       ??_GDepthStencilState@@UAEPAXI@Z 006013ec f i States.obj
 0001:0000040b       ??_EBlendState@@UAEPAXI@Z  0060140b f i  CIL library: CIL module
 0001:0000040b       ??_GBlendState@@UAEPAXI@Z  0060140b f i States.obj
 0001:0000042a       ??_GTexture2D@@UAEPAXI@Z   0060142a f i Texture2D.obj
 0001:0000042a       ??_ETexture2D@@UAEPAXI@Z   0060142a f i  CIL library: CIL module
 0001:00000449       ??_GTexture3D@@UAEPAXI@Z   00601449 f i Texture3D.obj
 0001:00000449       ??_ETexture3D@@UAEPAXI@Z   00601449 f i  CIL library: CIL module
 0001:00000468       ?DirectXFormat@Desc@DepthStencilFormatD32F@@UBE?AW4DXGI_FORMAT@@XZ 00601468 f i DepthStencilFormats.obj
 0001:0000046c       ?WritableDirectXFormat@Desc@DepthStencilFormatD32F@@UBE?AW4DXGI_FORMAT@@XZ 0060146c f i DepthStencilFormats.obj
 0001:00000470       ?Write@Desc@DepthStencilFormatD32F@@UAEXAAUDepthStencilFormat@@AAMAAH@Z 00601470 f i DepthStencilFormats.obj
 0001:00000481       ?Read@Desc@DepthStencilFormatD32F@@UBEXABUDepthStencilFormat@@AAMAAH@Z 00601481 f i DepthStencilFormats.obj
 0001:00000492       ?DirectXFormat@Desc@PixelFormatRGBA8@@UBE?AW4DXGI_FORMAT@@XZ 00601492 f i PixelFormats.obj
 0001:00000496       ?DirectXFormat@Desc@PixelFormatRGBA8_sRGB@@UBE?AW4DXGI_FORMAT@@XZ 00601496 f i PixelFormats.obj
 0001:0000049a       ?Write@Desc@PixelFormatRGBA8@@UBEXPAEABVNjFloat4@@@Z 0060149a f i PixelFormats.obj
 0001:0000049a       ?Write@Desc@PixelFormatRGBA8_sRGB@@UBEXPAEABVNjFloat4@@@Z 0060149a f i PixelFormats.obj
 0001:000004e1       ?Read@Desc@PixelFormatRGBA8_sRGB@@UBE?AVNjFloat4@@PBE@Z 006014e1 f i PixelFormats.obj
 0001:000004e1       ?Read@Desc@PixelFormatRGBA8@@UBE?AVNjFloat4@@PBE@Z 006014e1 f i PixelFormats.obj
 0001:0000052e       ?DirectXFormat@Desc@PixelFormatRGBA16F@@UBE?AW4DXGI_FORMAT@@XZ 0060152e f i PixelFormats.obj
 0001:00000532       ?Size@Desc@PixelFormatRG32F@@UBEHXZ 00601532 f i PixelFormats.obj
 0001:00000532       ?Size@Desc@PixelFormatRGBA16F@@UBEHXZ 00601532 f i PixelFormats.obj
 0001:00000532       ?Size@Desc@PixelFormatRGBA16_UINT@@UBEHXZ 00601532 f i PixelFormats.obj
 0001:00000536       ?Write@Desc@PixelFormatRGBA16F@@UBEXPAEABVNjFloat4@@@Z 00601536 f i PixelFormats.obj
 0001:000005a1       ?Read@Desc@PixelFormatRGBA16F@@UBE?AVNjFloat4@@PBE@Z 006015a1 f i PixelFormats.obj
 0001:000005ee       ?DirectXFormat@Desc@PixelFormatR16F@@UBE?AW4DXGI_FORMAT@@XZ 006015ee f i PixelFormats.obj
 0001:000005f2       ?Write@Desc@PixelFormatR16F@@UBEXPAEABVNjFloat4@@@Z 006015f2 f i PixelFormats.obj
 0001:00000614       ?Read@Desc@PixelFormatR16F@@UBE?AVNjFloat4@@PBE@Z 00601614 f i PixelFormats.obj
 0001:00000633       ?DirectXFormat@Desc@PixelFormatR16_UINT@@UBE?AW4DXGI_FORMAT@@XZ 00601633 f i PixelFormats.obj
 0001:00000637       ?DirectXFormat@Desc@PixelFormatRGBA32F@@UBE?AW4DXGI_FORMAT@@XZ 00601637 f i PixelFormats.obj
 0001:00000637       ?Size@Desc@PixelFormatR16F@@UBEHXZ 00601637 f i PixelFormats.obj
 0001:00000637       ?GetInputElementsCount@Desc@VertexFormatP3T2@@UBEHXZ 00601637 f i VertexFormats.obj
 0001:00000637       ?Size@Desc@PixelFormatR16_UINT@@UBEHXZ 00601637 f i PixelFormats.obj
 0001:0000063b       ?Write@Desc@PixelFormatR16_UINT@@UBEXPAEABVNjFloat4@@@Z 0060163b f i PixelFormats.obj
 0001:0000065c       ?Read@Desc@PixelFormatR16_UINT@@UBE?AVNjFloat4@@PBE@Z 0060165c f i PixelFormats.obj
 0001:00000685       ?DirectXFormat@Desc@PixelFormatRG16F@@UBE?AW4DXGI_FORMAT@@XZ 00601685 f i PixelFormats.obj
 0001:00000689       ?Write@Desc@PixelFormatRG16F@@UBEXPAEABVNjFloat4@@@Z 00601689 f i PixelFormats.obj
 0001:000006c6       ?Read@Desc@PixelFormatRG16F@@UBE?AVNjFloat4@@PBE@Z 006016c6 f i PixelFormats.obj
 0001:000006f7       ?DirectXFormat@Desc@PixelFormatRGBA16_UINT@@UBE?AW4DXGI_FORMAT@@XZ 006016f7 f i PixelFormats.obj
 0001:000006f7       ?Size@Desc@VertexFormatP3@@UBEHXZ 006016f7 f i VertexFormats.obj
 0001:000006fb       ?Write@Desc@PixelFormatRGBA16_UINT@@UBEXPAEABVNjFloat4@@@Z 006016fb f i PixelFormats.obj
 0001:0000074e       ?Read@Desc@PixelFormatRGBA16_UINT@@UBE?AVNjFloat4@@PBE@Z 0060174e f i PixelFormats.obj
 0001:0000079b       ?DirectXFormat@Desc@PixelFormatR32F@@UBE?AW4DXGI_FORMAT@@XZ 0060179b f i PixelFormats.obj
 0001:0000079b       ?ReadableDirectXFormat@Desc@DepthStencilFormatD32F@@UBE?AW4DXGI_FORMAT@@XZ 0060179b f i DepthStencilFormats.obj
 0001:0000079f       ?Size@Desc@PixelFormatRGBA8@@UBEHXZ 0060179f f i PixelFormats.obj
 0001:0000079f       ?Size@Desc@DepthStencilFormatD32F@@UBEHXZ 0060179f f i DepthStencilFormats.obj
 0001:0000079f       ?Size@Desc@PixelFormatRG16F@@UBEHXZ 0060179f f i PixelFormats.obj
 0001:0000079f       ?Size@Desc@PixelFormatR32F@@UBEHXZ 0060179f f i PixelFormats.obj
 0001:0000079f       ?Size@Desc@PixelFormatRGBA8_sRGB@@UBEHXZ 0060179f f i PixelFormats.obj
 0001:0000079f       ?GetInputElementsCount@Desc@VertexFormatP3N3G3T2@@UBEHXZ 0060179f f i VertexFormats.obj
 0001:000007a3       ?Write@Desc@PixelFormatR32F@@UBEXPAEABVNjFloat4@@@Z 006017a3 f i PixelFormats.obj
 0001:000007b4       ?Read@Desc@PixelFormatR32F@@UBE?AVNjFloat4@@PBE@Z 006017b4 f i PixelFormats.obj
 0001:000007d0       ?Write@Desc@PixelFormatRG32F@@UBEXPAEABVNjFloat4@@@Z 006017d0 f i PixelFormats.obj
 0001:000007e7       ?Read@Desc@PixelFormatRG32F@@UBE?AVNjFloat4@@PBE@Z 006017e7 f i PixelFormats.obj
 0001:00000806       ?Size@Desc@PixelFormatRGBA32F@@UBEHXZ 00601806 f i PixelFormats.obj
 0001:00000806       ?DirectXFormat@Desc@PixelFormatRG32F@@UBE?AW4DXGI_FORMAT@@XZ 00601806 f i PixelFormats.obj
 0001:00000806       ?Size@Desc@VertexFormatPt4@@UBEHXZ 00601806 f i VertexFormats.obj
 0001:0000080a       ?Write@Desc@PixelFormatRGBA32F@@UBEXPAEABVNjFloat4@@@Z 0060180a f i PixelFormats.obj
 0001:0000082d       ?Read@Desc@PixelFormatRGBA32F@@UBE?AVNjFloat4@@PBE@Z 0060182d f i PixelFormats.obj
 0001:00000850       ?GetInputElements@Desc@VertexFormatPt4@@UBEPAUD3D11_INPUT_ELEMENT_DESC@@XZ 00601850 f i VertexFormats.obj
 0001:00000856       ?GetInputElementsCount@Desc@VertexFormatP3@@UBEHXZ 00601856 f i VertexFormats.obj
 0001:00000856       ?GetInputElementsCount@Desc@VertexFormatPt4@@UBEHXZ 00601856 f i VertexFormats.obj
 0001:0000085a       ?GetInputElements@Desc@VertexFormatP3@@UBEPAUD3D11_INPUT_ELEMENT_DESC@@XZ 0060185a f i VertexFormats.obj
 0001:00000860       ?Size@Desc@VertexFormatP3T2@@UBEHXZ 00601860 f i VertexFormats.obj
 0001:00000864       ?GetInputElements@Desc@VertexFormatP3T2@@UBEPAUD3D11_INPUT_ELEMENT_DESC@@XZ 00601864 f i VertexFormats.obj
 0001:0000086a       ?Size@Desc@VertexFormatP3N3G3T2@@UBEHXZ 0060186a f i VertexFormats.obj
 0001:0000086e       ?GetInputElements@Desc@VertexFormatP3N3G3T2@@UBEPAUD3D11_INPUT_ELEMENT_DESC@@XZ 0060186e f i VertexFormats.obj
 0001:00000874       ?Size@Desc@VertexFormatP3N3G3T2T2@@UBEHXZ 00601874 f i VertexFormats.obj
 0001:00000878       ?GetInputElements@Desc@VertexFormatP3N3G3T2T2@@UBEPAUD3D11_INPUT_ELEMENT_DESC@@XZ 00601878 f i VertexFormats.obj
 0001:0000087e       ?GetInputElementsCount@Desc@VertexFormatP3N3G3T2T2@@UBEHXZ 0060187e f i VertexFormats.obj
 0001:0000087e       ?GetInputElementsCount@Desc@VertexFormatP3N3G3T3T3@@UBEHXZ 0060187e f i VertexFormats.obj
 0001:00000882       ?Size@Desc@VertexFormatP3N3G3T3T3@@UBEHXZ 00601882 f i VertexFormats.obj
 0001:00000886       ?GetInputElements@Desc@VertexFormatP3N3G3T3T3@@UBEPAUD3D11_INPUT_ELEMENT_DESC@@XZ 00601886 f i VertexFormats.obj
 0001:0000088c       ??_E?$CB@UCBData@Camera@@@@UAEPAXI@Z 0060188c f i  CIL library: CIL module
 0001:0000088c       ??_E?$CB@UCBGlobal@@@@UAEPAXI@Z 0060188c f i  CIL library: CIL module
 0001:0000088c       ??_E?$CB@UCBTest@@@@UAEPAXI@Z 0060188c f i  CIL library: CIL module
 0001:0000088c       ??_G?$CB@UCBTest@@@@UAEPAXI@Z 0060188c f i Intro.obj
 0001:0000088c       ??_GConstantBuffer@@UAEPAXI@Z 0060188c f i ConstantBuffer.obj
 0001:0000088c       ??_EConstantBuffer@@UAEPAXI@Z 0060188c f i  CIL library: CIL module
 0001:0000088c       ??_E?$CB@UCBRender@EffectParticles@@@@UAEPAXI@Z 0060188c f i  CIL library: CIL module
 0001:0000088c       ??_G?$CB@UCBRender@EffectParticles@@@@UAEPAXI@Z 0060188c f i EffectParticles.obj
 0001:0000088c       ??_G?$CB@UCBGlobal@@@@UAEPAXI@Z 0060188c f i Intro.obj
 0001:0000088c       ??_G?$CB@UCBData@Camera@@@@UAEPAXI@Z 0060188c f i Camera.obj
 0001:000008ab       ?Open@IncludesManager@@UAGJW4_D3D_INCLUDE_TYPE@@PBDPBXPAPBXPAI@Z 006018ab f i Resources.obj
 0001:00000911       ?Close@IncludesManager@@UAGJPBX@Z 00601911 f i Resources.obj
 0001:00000952       _dsInit@12                 00601952     libv2:dsio.obj
 0001:00000a90       _dsClose@0                 00601a90     libv2:dsio.obj
 0001:00000bcb       _dsGetCurSmp@0             00601bcb     libv2:dsio.obj
 0001:00000c17       _dsSetVolume@4             00601c17     libv2:dsio.obj
 0001:00000c2e       _dsTick@0                  00601c2e     libv2:dsio.obj
 0001:00000c3e       _dsLock@0                  00601c3e     libv2:dsio.obj
 0001:00000c4f       _dsUnlock@0                00601c4f     libv2:dsio.obj
 0001:00000e39       _OSC_                      00601e39     libv2:synth.obj
 0001:00001261       _ENV_                      00602261     libv2:synth.obj
 0001:000013b0       _VCF_                      006023b0     libv2:synth.obj
 0001:000015db       _LFO_                      006025db     libv2:synth.obj
 0001:00001708       _DIST_                     00602708     libv2:synth.obj
 0001:00001974       _DCFILTER_                 00602974     libv2:synth.obj
 0001:00001a12       _V2V_                      00602a12     libv2:synth.obj
 0001:00001f09       _BASS_                     00602f09     libv2:synth.obj
 0001:00002033       _MODDEL_                   00603033     libv2:synth.obj
 0001:00002253       _COMPRESSOR_               00603253     libv2:synth.obj
 0001:000025cf       _REVERB_                   006035cf     libv2:synth.obj
 0001:000028d8       _V2CHAN_                   006038d8     libv2:synth.obj
 0001:00002ceb       _RONAN_                    00603ceb     libv2:synth.obj
 0001:00002d4c       _synthInit@12              00603d4c     libv2:synth.obj
 0001:00002e42       _synthRender@20            00603e42     libv2:synth.obj
 0001:00003256       _synthProcessMIDI@8        00604256     libv2:synth.obj
 0001:00003256       _MIDI_                     00604256     libv2:synth.obj
 0001:0000356a       _synthSetGlobals@8         0060456a     libv2:synth.obj
 0001:00003612       _synthSetSampler@12        00604612     libv2:synth.obj
 0001:00003615       _synthSetVUMode@8          00604615     libv2:synth.obj
 0001:00003628       _synthGetChannelVU@16      00604628     libv2:synth.obj
 0001:00003670       _synthGetPoly@8            00604670     libv2:synth.obj
 0001:0000369d       _synthGetPgm@8             0060469d     libv2:synth.obj
 0001:000036bb       _synthGetSize@0            006046bb     libv2:synth.obj
 0001:000036c1       _synthGetFrameSize@4       006046c1     libv2:synth.obj
 0001:000036c9       _synthGetSpeechMem@4       006046c9     libv2:synth.obj
 0001:00003770       ?mystrnicmp1@Ronan@@YIHPBD0@Z 00604770 f   libv2:ronan.obj
 0001:0000379f       ?set@ResDef@Ronan@@QAEXMMM@Z 0060479f f i libv2:ronan.obj
 0001:000037e0       ?tick@Resonator@Ronan@@QAEMM@Z 006047e0 f i libv2:ronan.obj
 0001:0000385a       ?SetFrame@syWRonan@Ronan@@QAEXABUPhoneme@2@0MAAUsyVRonan@2@@Z 0060485a f i libv2:ronan.obj
 0001:000039bb       ?noise@syWRonan@Ronan@@QAEMXZ 006049bb f i libv2:ronan.obj
 0001:00003a04       ?reset@syWRonan@Ronan@@QAEXXZ 00604a04 f i libv2:ronan.obj
 0001:00003a67       _ronanCBSetSR@8            00604a67 f   libv2:ronan.obj
 0001:00003aa9       _ronanCBInit@4             00604aa9 f   libv2:ronan.obj
 0001:00003b68       _ronanCBTick@4             00604b68 f   libv2:ronan.obj
 0001:00003df9       _ronanCBNoteOn@4           00604df9 f   libv2:ronan.obj
 0001:00003e07       _ronanCBNoteOff@4          00604e07 f   libv2:ronan.obj
 0001:00003e15       _ronanCBSetCtl@12          00604e15 f   libv2:ronan.obj
 0001:00003ea3       _ronanCBProcess@12         00604ea3 f   libv2:ronan.obj
 0001:00004024       _synthSetLyrics@8          00605024 f   libv2:ronan.obj
 0001:0000405e       _DirectSoundCreate@12      0060505e f   dsound:DSOUND.dll
 0001:00004064       _CreateThread@24           00605064 f   kernel32:KERNEL32.dll
 0001:0000406a       _WaitForSingleObject@8     0060506a f   kernel32:KERNEL32.dll
 0001:00004070       _SetThreadPriority@8       00605070 f   kernel32:KERNEL32.dll
 0001:00004076       _InitializeCriticalSection@4 00605076 f   kernel32:KERNEL32.dll
 0001:0000407c       _EnterCriticalSection@4    0060507c f   kernel32:KERNEL32.dll
 0001:00004082       _LeaveCriticalSection@4    00605082 f   kernel32:KERNEL32.dll
 0001:00004088       _DeleteCriticalSection@4   00605088 f   kernel32:KERNEL32.dll
 0001:0000408e       _CreateEventA@16           0060508e f   kernel32:KERNEL32.dll
 0001:00004094       _CloseHandle@4             00605094 f   kernel32:KERNEL32.dll
 0001:0000409a       _SetEvent@4                0060509a f   kernel32:KERNEL32.dll
 0001:000040a0       ?LoadResourceBinary@@YIPBEGPBDPAI@Z 006050a0 f   Resources.obj
 0001:000040f7       ?LoadResourceShader@@YIPADGAAI@Z 006050f7 f   Resources.obj
 0001:0000412a       ?CreateMaterial@@YIPAVMaterial@@GABVIVertexFormatDescriptor@@PBD1111PAU_D3D_SHADER_MACRO@@@Z 0060512a f   Resources.obj
 0001:0000416d       ?CreateMaterial@@YIPAVMaterial@@GABVIVertexFormatDescriptor@@PBD11PAU_D3D_SHADER_MACRO@@@Z 0060516d f   Resources.obj
 0001:00004176       ?_srand@@YIXII@Z           00605176 f   Random.obj
 0001:00004186       ?_rand@@YIIXZ              00605186 f   Random.obj
 0001:000041c3       ?_randpopseed@@YIXXZ       006051c3 f   Random.obj
 0001:000041d8       ?_randpushseed@@YIXXZ      006051d8 f   Random.obj
 0001:000041ed       ?_frand@@YIMXZ             006051ed f   Random.obj
 0001:0000420e       ?_rand@@YIII@Z             0060520e f   Random.obj
 0001:00004219       ?_rand@@YIIII@Z            00605219 f   Random.obj
 0001:00004236       ?_frand@@YIMMM@Z           00605236 f   Random.obj
 0001:0000424d       ??1Camera@@QAE@XZ          0060524d f   Camera.obj
 0001:0000425b       ?Upload@Camera@@QAEXH@Z    0060525b f   Camera.obj
 0001:00004279       ??0Camera@@QAE@AAVDevice@@@Z 00605279 f   Camera.obj
 0001:0000431a       ?UpdateCompositions@Camera@@QAEXXZ 0060531a f   Camera.obj
 0001:0000436c       ?LookAt@Camera@@QAEXABVNjFloat3@@00@Z 0060536c f   Camera.obj
 0001:00004441       ?SetPerspective@Camera@@QAEXMMMM@Z 00605441 f   Camera.obj
 0001:00004526       ?Stop@V2MPlayer@@QAEXK@Z   00605526 f   v2mplayer.obj
 0001:00004540       ?Close@V2MPlayer@@QAEXXZ   00605540 f   v2mplayer.obj
 0001:00004563       ?Tick@V2MPlayer@@AAEXXZ    00605563 f   v2mplayer.obj
 0001:00004acd       ?Reset@V2MPlayer@@AAEXXZ   00605acd f   v2mplayer.obj
 0001:00004ce3       ?InitBase@V2MPlayer@@AAEHPBX@Z 00605ce3 f   v2mplayer.obj
 0001:00004dec       ?UpdateSampleDelta@?A0x646310df@@YIXKKKKPAK0@Z 00605dec f   v2mplayer.obj
 0001:00004e1a       ?Render@V2MPlayer@@QAEXPAMKH@Z 00605e1a f   v2mplayer.obj
 0001:00004f81       ?Play@V2MPlayer@@QAEXK@Z   00605f81 f   v2mplayer.obj
 0001:00005080       ?Open@V2MPlayer@@QAEHPBXK@Z 00606080 f   v2mplayer.obj
 0001:000050b0       ?Write@Desc@VertexFormatP3N3G3T2T2@@UBEXPAXABVNjFloat3@@11ABVNjFloat2@@@Z 006060b0 f   VertexFormats.obj
 0001:000050f1       ?Write@Desc@VertexFormatP3N3G3T2@@UBEXPAXABVNjFloat3@@11ABVNjFloat2@@@Z 006060f1 f   VertexFormats.obj
 0001:00005127       ?Write@Desc@VertexFormatP3T2@@UBEXPAXABVNjFloat3@@11ABVNjFloat2@@@Z 00606127 f   VertexFormats.obj
 0001:0000514b       ?Write@Desc@VertexFormatP3@@UBEXPAXABVNjFloat3@@11ABVNjFloat2@@@Z 0060614b f   VertexFormats.obj
 0001:0000515f       ?Write@Desc@VertexFormatP3N3G3T3T3@@UBEXPAXABVNjFloat3@@11ABVNjFloat2@@@Z 0060615f f   VertexFormats.obj
 0001:000051a8       ?Write@Desc@VertexFormatPt4@@UBEXPAXABVNjFloat3@@11ABVNjFloat2@@@Z 006061a8 f   VertexFormats.obj
 0001:000051d9       ?Check@Device@@SI_NJ@Z     006061d9 f   Device.obj
 0001:000051e7       ?UnRegisterComponent@Device@@AAEXAAVComponent@@@Z 006061e7 f   Device.obj
 0001:00005210       ?RegisterComponent@Device@@AAEXAAVComponent@@@Z 00606210 f   Device.obj
 0001:00005224       ?SetStates@Device@@QAEXPAVRasterizerState@@PAVDepthStencilState@@PAVBlendState@@@Z 00606224 f   Device.obj
 0001:0000528c       ?SetRenderTargets@Device@@QAEXHHHPAPAUID3D11RenderTargetView@@PAUID3D11DepthStencilView@@PAUD3D11_VIEWPORT@@@Z 0060628c f   Device.obj
 0001:000052e4       ?Exit@Device@@QAEXXZ       006062e4 f   Device.obj
 0001:00005367       ?ComponentsCount@Device@@QBEHXZ 00606367 f   Device.obj
 0001:00005381       ??0Device@@QAE@XZ          00606381 f   Device.obj
 0001:000053c8       ?ClearDepthStencil@Device@@QAEXABVTexture2D@@ME@Z 006063c8 f   Device.obj
 0001:000053ee       ?SetRenderTarget@Device@@QAEXABVTexture2D@@PBV2@PAUD3D11_VIEWPORT@@@Z 006063ee f   Device.obj
 0001:0000542b       ?ClearRenderTarget@Device@@QAEXABVTexture2D@@ABVNjFloat4@@@Z 0060642b f   Device.obj
 0001:00005452       ?Init@Device@@QAEXHHPAUHWND__@@_N1@Z 00606452 f   Device.obj
 0001:00005ada       ?ComputeMipLevelsCount@Texture3D@@SIHHHHH@Z 00606ada f   Texture3D.obj
 0001:00005b19       ?NextMipSize@Texture3D@@SIXAAH00@Z 00606b19 f   Texture3D.obj
 0001:00005b43       ?GetShaderView@Texture3D@@QBEPAUID3D11ShaderResourceView@@HH@Z 00606b43 f   Texture3D.obj
 0001:00005ba1       ??1Texture3D@@UAE@XZ       00606ba1 f   Texture3D.obj
 0001:00005be3       ??0Texture3D@@QAE@AAVDevice@@HHHABVIPixelFormatDescriptor@@HPBQBX@Z 00606be3 f   Texture3D.obj
 0001:00005d18       ?Set@Texture3D@@QAEXH_N@Z  00606d18 f   Texture3D.obj
 0001:00005dc1       ?ComputeMipLevelsCount@Texture2D@@SIHHHH@Z 00606dc1 f   Texture2D.obj
 0001:00005e03       ?NextMipSize@Texture2D@@SIXAAH0@Z 00606e03 f   Texture2D.obj
 0001:00005e20       ?CopyFrom@Texture2D@@QAEXAAV1@@Z 00606e20 f   Texture2D.obj
 0001:00005e36       ?GetDepthStencilView@Texture2D@@QBEPAUID3D11DepthStencilView@@XZ 00606e36 f   Texture2D.obj
 0001:00005e77       ?GetTargetView@Texture2D@@QBEPAUID3D11RenderTargetView@@HHH@Z 00606e77 f   Texture2D.obj
 0001:00005ee7       ?GetShaderView@Texture2D@@QBEPAUID3D11ShaderResourceView@@HHHH@Z 00606ee7 f   Texture2D.obj
 0001:00005f81       ??1Texture2D@@UAE@XZ       00606f81 f   Texture2D.obj
 0001:00005fd0       ??0Texture2D@@QAE@AAVDevice@@HHABVIDepthStencilFormatDescriptor@@@Z 00606fd0 f   Texture2D.obj
 0001:0000606d       ??0Texture2D@@QAE@AAVDevice@@HHHABVIPixelFormatDescriptor@@HPBQBX_N3@Z 0060706d f   Texture2D.obj
 0001:00006228       ??0Texture2D@@QAE@AAVDevice@@AAUID3D11Texture2D@@ABVIPixelFormatDescriptor@@@Z 00607228 f   Texture2D.obj
 0001:0000628c       ?SetPS@Texture2D@@QAEXH_N@Z 0060728c f   Texture2D.obj
 0001:000062b3       ?SetVS@Texture2D@@QAEXH_N@Z 006072b3 f   Texture2D.obj
 0001:000062da       ?WriteIndex@Primitive@@UAEXPAXH@Z 006072da f   Primitive.obj
 0001:000062eb       ?WriteVertex@Primitive@@UAEXPAXABVNjFloat3@@11ABVNjFloat2@@@Z 006072eb f   Primitive.obj
 0001:000062f7       ?CreateBuffers@Primitive@@UAEXHHW4D3D_PRIMITIVE_TOPOLOGY@@AAPAX1AAH2@Z 006072f7 f   Primitive.obj
 0001:0000635a       ?Build@Primitive@@AAEXPAXPAG_N@Z 0060735a f   Primitive.obj
 0001:00006441       ??1Primitive@@UAE@XZ       00607441 f   Primitive.obj
 0001:00006473       ??0Primitive@@QAE@AAVDevice@@HPAXHPAGW4D3D_PRIMITIVE_TOPOLOGY@@ABVIVertexFormatDescriptor@@@Z 00607473 f   Primitive.obj
 0001:000064ce       ?Finalize@Primitive@@UAEXPAX0@Z 006074ce f   Primitive.obj
 0001:000064f5       ?Render@Primitive@@QAEXAAVMaterial@@HHHHH@Z 006074f5 f   Primitive.obj
 0001:00006593       ?Render@Primitive@@QAEXAAVMaterial@@@Z 00607593 f   Primitive.obj
 0001:000065ac       ?Unlock@Material@@ABEXXZ   006075ac f   Material.obj
 0001:000065ad       ?Lock@Material@@ABE_NXZ    006075ad f   Material.obj
 0001:000065b0       ?Close@Material@@UAGJPBX@Z 006075b0 f   Material.obj
 0001:000065d0       ?Open@Material@@UAGJW4_D3D_INCLUDE_TYPE@@PBDPBXPAPBXPAI@Z 006075d0 f   Material.obj
 0001:00006619       ?Use@Material@@QAEXXZ      00607619 f   Material.obj
 0001:00006696       ?CompileShader@Material@@SIPAUID3D10Blob@@PBD0PAU_D3D_SHADER_MACRO@@00PAUID3DInclude@@_N@Z 00607696 f   Material.obj
 0001:00006735       ?CompileShaders@Material@@AAEXPBD@Z 00607735 f   Material.obj
 0001:000069b1       ??1Material@@UAE@XZ        006079b1 f   Material.obj
 0001:00006a4b       ??0Material@@QAE@AAVDevice@@ABVIVertexFormatDescriptor@@PBD2PAU_D3D_SHADER_MACRO@@22222PAUID3DInclude@@@Z 00607a4b f   Material.obj
 0001:00006ada       ?Set@ConstantBuffer@@QAEXH@Z 00607ada f   ConstantBuffer.obj
 0001:00006b49       ?UpdateData@ConstantBuffer@@QAEXPBX@Z 00607b49 f   ConstantBuffer.obj
 0001:00006b8b       ??1ConstantBuffer@@UAE@XZ  00607b8b f   ConstantBuffer.obj
 0001:00006ba5       ??0ConstantBuffer@@QAE@AAVDevice@@HPAX@Z 00607ba5 f   ConstantBuffer.obj
 0001:00006c00       ?Close@ComputeShader@@UAGJPBX@Z 00607c00 f   ComputeShader.obj
 0001:00006c20       ?Open@ComputeShader@@UAGJW4_D3D_INCLUDE_TYPE@@PBDPBXPAPBXPAI@Z 00607c20 f   ComputeShader.obj
 0001:00006c4b       ??1StructuredBuffer@ComputeShader@@UAE@XZ 00607c4b f   ComputeShader.obj
 0001:00006c7c       ??1ComputeShader@@UAE@XZ   00607c7c f   ComputeShader.obj
 0001:00006cc5       ?Check@Component@@QBEXJ@Z  00607cc5 f   Component.obj
 0001:00006cc6       ??1Component@@UAE@XZ       00607cc6 f   Component.obj
 0001:00006cd7       ??0Component@@QAE@AAVDevice@@@Z 00607cd7 f   Component.obj
 0001:00006cf0       ?BuildComponent@TextureBuilder@@ABEMHABUConversionParams@1@AAUPixel@@11@Z 00607cf0 f   TextureBuilder.obj
 0001:00006d66       ?Get@TextureBuilder@@QBEXHHHAAUPixel@@@Z 00607d66 f   TextureBuilder.obj
 0001:00006dab       ?ReleaseSpecificBuffer@TextureBuilder@@ABEXXZ 00607dab f   TextureBuilder.obj
 0001:00006dd5       ?Fill@TextureBuilder@@QAEXP6IXHHABVNjFloat2@@AAUPixel@@PAX@Z2@Z 00607dd5 f   TextureBuilder.obj
 0001:00006e47       ??1TextureBuilder@@QAE@XZ  00607e47 f   TextureBuilder.obj
 0001:00006ec2       ?GenerateMips@TextureBuilder@@QBEX_N@Z 00607ec2 f   TextureBuilder.obj
 0001:000072be       ?SampleClamp@TextureBuilder@@QBEXMMHAAUPixel@@@Z 006082be f   TextureBuilder.obj
 0001:000074bb       ?SampleWrap@TextureBuilder@@QBEXMMHAAUPixel@@@Z 006084bb f   TextureBuilder.obj
 0001:000076a9       ?CopyFiller@Fillers@@YIXHHABVNjFloat2@@AAUPixel@@PAX@Z 006086a9 f   TextureBuilder.obj
 0001:000076d7       ??0TextureBuilder@@QAE@HH@Z 006086d7 f   TextureBuilder.obj
 0001:000077b2       ?Convert@TextureBuilder@@QBEPAPAXABVIPixelFormatDescriptor@@ABUConversionParams@1@AAH@Z 006087b2 f   TextureBuilder.obj
 0001:00007b31       ?CreateTexture@TextureBuilder@@QBEPAVTexture2D@@ABVIPixelFormatDescriptor@@ABUConversionParams@1@_N2@Z 00608b31 f   TextureBuilder.obj
 0001:00007b76       ?LCGRandom@Noise@@SIIAAI@Z 00608b76 f   Noise.obj
 0001:00007b86       ?CellularGetCenter@Noise@@QBEXHHAAVNjFloat2@@_N@Z 00608b86 f   Noise.obj
 0001:00007c11       ?SetCellularWrappingParameters@Noise@@QAEXHHH@Z 00608c11 f   Noise.obj
 0001:00007c46       ?SetWrappingParameters@Noise@@QAEXMI@Z 00608c46 f   Noise.obj
 0001:00007cbc       ?Perlin@Noise@@QBEMABVNjFloat4@@ABVNjFloat2@@@Z 00608cbc f   Noise.obj
 0001:000098c8       ?Perlin@Noise@@QBEMABVNjFloat3@@@Z 0060a8c8 f   Noise.obj
 0001:00009b6d       ?Perlin@Noise@@QBEMABVNjFloat2@@@Z 0060ab6d f   Noise.obj
 0001:00009ca4       ?Perlin@Noise@@QBEMM@Z     0060aca4 f   Noise.obj
 0001:00009d1f       ??1Noise@@QAE@XZ           0060ad1f f   Noise.obj
 0001:00009d58       ??0Noise@@QAE@H@Z          0060ad58 f   Noise.obj
 0001:00009fe1       ?Cellular@Noise@@QBEMABVNjFloat2@@P6IMQAMQAH22PAX@Z3_N@Z 0060afe1 f   Noise.obj
 0001:0000a1e9       ?WrapPerlin@Noise@@QBEMABVNjFloat3@@@Z 0060b1e9 f   Noise.obj
 0001:0000a261       ?PerlinVector@Noise@@QBE?AVNjFloat3@@ABV2@@Z 0060b261 f   Noise.obj
 0001:0000a2f4       ?PerlinVector@Noise@@QBE?AVNjFloat2@@ABV2@@Z 0060b2f4 f   Noise.obj
 0001:0000a393       ?FillDilate@@YIXHHABVNjFloat2@@AAUPixel@@PAX@Z 0060b393 f   Filters.obj
 0001:0000a4ab       ?FillErode@@YIXHHABVNjFloat2@@AAUPixel@@PAX@Z 0060b4ab f   Filters.obj
 0001:0000a61e       ?FillEmboss@@YIXHHABVNjFloat2@@AAUPixel@@PAX@Z 0060b61e f   Filters.obj
 0001:0000a75f       ?FillBCG@@YIXHHABVNjFloat2@@AAUPixel@@PAX@Z 0060b75f f   Filters.obj
 0001:0000a7f0       ?FillUnsharpMaskSubtract@@YIXHHABVNjFloat2@@AAUPixel@@PAX@Z 0060b7f0 f   Filters.obj
 0001:0000a8bb       ?FillBlurGaussianVC@@YIXHHABVNjFloat2@@AAUPixel@@PAX@Z 0060b8bb f   Filters.obj
 0001:0000aaa0       ?FillBlurGaussianHC@@YIXHHABVNjFloat2@@AAUPixel@@PAX@Z 0060baa0 f   Filters.obj
 0001:0000ac85       ?FillBlurGaussianVW@@YIXHHABVNjFloat2@@AAUPixel@@PAX@Z 0060bc85 f   Filters.obj
 0001:0000ae64       ?FillBlurGaussianHW@@YIXHHABVNjFloat2@@AAUPixel@@PAX@Z 0060be64 f   Filters.obj
 0001:0000b043       ?Transform@DrawUtils@@IBEXABVNjFloat4@@AAV2@@Z 0060c043 f   Draw.obj
 0001:0000b075       ?SetupSurface@DrawUtils@@QAEXHHPAUPixel@@@Z 0060c075 f   Draw.obj
 0001:0000b0cb       ?DrawPixel@DrawContextSCRATCH@DrawUtils@@UAEXXZ 0060c0cb f   Draw.obj
 0001:0000b13e       ?DrawPixel@DrawContextELLIPSE@DrawUtils@@UAEXXZ 0060c13e f   Draw.obj
 0001:0000b1ca       ?DrawPixel@DrawContextRECT@DrawUtils@@UAEXXZ 0060c1ca f   Draw.obj
 0001:0000b303       ?SetupTransform@DrawUtils@@QAEXMMM@Z 0060c303 f   Draw.obj
 0001:0000b339       ??0DrawUtils@@QAE@XZ       0060c339 f   Draw.obj
 0001:0000b45b       ?DrawQuad@DrawUtils@@IBEXQAVNjFloat4@@AAUDrawContext@1@@Z 0060c45b f   Draw.obj
 0001:0000bacc       ?DrawPixel@DrawContextLINE@DrawUtils@@UAEXXZ 0060cacc f   Draw.obj
 0001:0000bb5e       ?DrawRectangle@DrawUtils@@QBEXMMMMMMP6IXABUDrawInfos@1@AAUPixel@@@ZPAX@Z 0060cb5e f   Draw.obj
 0001:0000bc3b       ?DrawScratch@DrawUtils@@QBEXABVNjFloat2@@0MMMMMP6IXABUDrawInfos@1@AAUPixel@@MM@ZPAX@Z 0060cc3b f   Draw.obj
 0001:0000bf92       ??DNjFloat4x4@@QBE?AV0@ABV0@@Z 0060cf92 f   Math.obj
 0001:0000c19a       ??BNjHalf@@QBEMXZ          0060d19a f   Math.obj
 0001:0000c221       ??0NjHalf@@QAE@M@Z         0060d221 f   Math.obj
 0001:0000c298       ?CoFactor@NjFloat4x4@@QBEMHH@Z 0060d298 f   Math.obj
 0001:0000c383       ?Determinant@NjFloat4x4@@QBEMXZ 0060d383 f   Math.obj
 0001:0000c3d5       ?Inverse@NjFloat4x4@@QBE?AV1@XZ 0060d3d5 f   Math.obj
 0001:0000c50f       ?ForEach@DictionaryU32@@QAEXP6IXAAPAXPAX@Z1@Z 0060d50f f   Hashtable.obj
 0001:0000c53c       ?Get@DictionaryU32@@QBEPAXI@Z 0060d53c f   Hashtable.obj
 0001:0000c578       ?Add@DictionaryU32@@QAEXIPAX@Z 0060d578 f   Hashtable.obj
 0001:0000c5bd       ??1DictionaryU32@@QAE@XZ   0060d5bd f   Hashtable.obj
 0001:0000c5eb       ??0DictionaryU32@@QAE@H@Z  0060d5eb f   Hashtable.obj
 0001:0000c61f       ?Delete3DTextures@@YIXXZ   0060d61f f   Intro.obj
 0001:0000c630       ?Delete2DTextures@@YIXXZ   0060d630 f   Intro.obj
 0001:0000c641       ?IntroExit@@YIXXZ          0060d641 f   Intro.obj
 0001:0000c6f5       ?CombineDistances@@YIMQAMQAH11PAX@Z 0060d6f5 f   Intro.obj
 0001:0000c73d       ?Build3DTextures@@YIHAAUIntroProgressDelegate@@@Z 0060d73d f   Intro.obj
 0001:0000cce2       ?FillSplotch@@YIXABUDrawInfos@DrawUtils@@AAUPixel@@@Z 0060dce2 f   Intro.obj
 0001:0000cda9       ?FillScratch@@YIXABUDrawInfos@DrawUtils@@AAUPixel@@MM@Z 0060dda9 f   Intro.obj
 0001:0000ce49       ?IntroDo@@YI_NMM@Z         0060de49 f   Intro.obj
 0001:0000cf08       ?Build2DTextures@@YIHAAUIntroProgressDelegate@@@Z 0060df08 f   Intro.obj
 0001:0000cf0b       ?IntroInit@@YIHAAUIntroProgressDelegate@@@Z 0060df0b f   Intro.obj
 0001:0000d0bd       ??1EffectTranslucency@@QAE@XZ 0060e0bd f   EffectTranslucency.obj
 0001:0000d173       ?TweakTorusInternal@@YIXAAVNjFloat3@@00AAVNjFloat2@@PAX@Z 0060e173 f   EffectTranslucency.obj
 0001:0000d1e9       ?TweakSphereExternal@@YIXAAVNjFloat3@@00AAVNjFloat2@@PAX@Z 0060e1e9 f   EffectTranslucency.obj
 0001:0000d210       ??1EffectRoom@@QAE@XZ      0060e210 f   EffectRoom.obj
 0001:0000d276       ?FillRoundedRect@RoomFillers@@YIXABUDrawInfos@DrawUtils@@AAUPixel@@@Z 0060e276 f   EffectRoom.obj
 0001:0000d2fa       ??1EffectParticles@@QAE@XZ 0060e2fa f   EffectParticles.obj
 0001:0000d3e1       ?CombineDistances@?A0xd7603b06@@YIMQAMQAH11PAX@Z 0060e3e1 f   EffectParticles.obj
 0001:0000d439       ?PerturbVoronoi@?A0xd7603b06@@YIXHHABVNjFloat2@@AAUPixel@@PAX@Z 0060e439 f   EffectParticles.obj
 0001:0000d58f       ?FillVoronoi@?A0xd7603b06@@YIXHHABVNjFloat2@@AAUPixel@@PAX@Z 0060e58f f   EffectParticles.obj
 0001:0000d5d6       ?BuildVoronoiTexture@EffectParticles@@IAEXAAVTextureBuilder@@PAVNjFloat2@@PAUVertexFormatPt4@@@Z 0060e5d6 f   EffectParticles.obj
 0001:0000d6ba       ?Render@EffectParticles@@QAEXMM@Z 0060e6ba f   EffectParticles.obj
 0001:0000d8ce       ??0EffectParticles@@QAE@XZ 0060e8ce f   EffectParticles.obj
 0001:0000e0c8       __purecall                 0060f0c8 f   GodComplex.obj
 0001:0000e0e7       ?WindowExit@@YIXXZ         0060f0e7 f   GodComplex.obj
 0001:0000e155       ?WindowInit@@YIHXZ         0060f155 f   GodComplex.obj
 0001:0000e338       ?EntryPoint@@YGXXZ         0060f338 f   GodComplex.obj
 0001:0000e47f       ??1BlendState@@UAE@XZ      0060f47f f   States.obj
 0001:0000e499       ??0BlendState@@QAE@AAVDevice@@AAUD3D11_BLEND_DESC@@@Z 0060f499 f   States.obj
 0001:0000e4c6       ??1DepthStencilState@@UAE@XZ 0060f4c6 f   States.obj
 0001:0000e4e0       ??0DepthStencilState@@QAE@AAVDevice@@AAUD3D11_DEPTH_STENCIL_DESC@@@Z 0060f4e0 f   States.obj
 0001:0000e50d       ??1RasterizerState@@UAE@XZ 0060f50d f   States.obj
 0001:0000e527       ??0RasterizerState@@QAE@AAVDevice@@AAUD3D11_RASTERIZER_DESC@@@Z 0060f527 f   States.obj
 0001:0000e56e       ?Map@MapperSpherical@GeometryBuilder@@UBEXABVNjFloat3@@00AAVNjFloat2@@@Z 0060f56e f   GeometryBuilder.obj
 0001:0000e60c       ?FillMarble@@YIXHHABVNjFloat2@@AAUPixel@@PAX@Z 0060f60c f   Generators.obj
 0001:0000e658       ?FillDirtyness@@YIXHHABVNjFloat2@@AAUPixel@@PAX@Z 0060f658 f   Generators.obj
 0001:0000e78e       ?FillAO@@YIXHHABVNjFloat2@@AAUPixel@@PAX@Z 0060f78e f   Generators.obj
 0001:0000e8ed       ?ComputeAO@Generators@@SIXABVTextureBuilder@@AAV2@MHH_N@Z 0060f8ed f   Generators.obj
 0001:0000e91b       ?FillNormal@@YIXHHABVNjFloat2@@AAUPixel@@PAX@Z 0060f91b f   Generators.obj
 0001:0000ea89       ?ComputeNormal@Generators@@SIXABVTextureBuilder@@AAV2@M_N@Z 0060fa89 f   Generators.obj
 0002:00000000       __imp__D3DCreateBlob@8     00610000     d3dcompiler:D3DCOMPILER_43.dll
 0002:00000004       \177D3DCOMPILER_43_NULL_THUNK_DATA 00610004     d3dcompiler:D3DCOMPILER_43.dll
 0002:00000008       __imp__DirectSoundCreate@12 00610008     dsound:DSOUND.dll
 0002:0000000c       \177DSOUND_NULL_THUNK_DATA 0061000c     dsound:DSOUND.dll
 0002:00000010       __imp__Rectangle@20        00610010     gdi32:GDI32.dll
 0002:00000014       __imp__CreateFontA@56      00610014     gdi32:GDI32.dll
 0002:00000018       __imp__SetTextColor@8      00610018     gdi32:GDI32.dll
 0002:0000001c       __imp__SetBkMode@8         0061001c     gdi32:GDI32.dll
 0002:00000020       __imp__SelectObject@8      00610020     gdi32:GDI32.dll
 0002:00000024       __imp__TextOutA@20         00610024     gdi32:GDI32.dll
 0002:00000028       __imp__CreateSolidBrush@4  00610028     gdi32:GDI32.dll
 0002:0000002c       \177GDI32_NULL_THUNK_DATA  0061002c     gdi32:GDI32.dll
 0002:00000030       __imp__SizeofResource@8    00610030     kernel32:KERNEL32.dll
 0002:00000034       __imp__LockResource@4      00610034     kernel32:KERNEL32.dll
 0002:00000038       __imp__LoadResource@8      00610038     kernel32:KERNEL32.dll
 0002:0000003c       __imp__InitializeCriticalSection@4 0061003c     kernel32:KERNEL32.dll
 0002:00000040       __imp__SetThreadPriority@8 00610040     kernel32:KERNEL32.dll
 0002:00000044       __imp__WaitForSingleObject@8 00610044     kernel32:KERNEL32.dll
 0002:00000048       __imp__CreateThread@24     00610048     kernel32:KERNEL32.dll
 0002:0000004c       __imp__FindResourceA@12    0061004c     kernel32:KERNEL32.dll
 0002:00000050       __imp__GetModuleHandleA@4  00610050     kernel32:KERNEL32.dll
 0002:00000054       __imp__GlobalFree@4        00610054     kernel32:KERNEL32.dll
 0002:00000058       __imp__GlobalAlloc@8       00610058     kernel32:KERNEL32.dll
 0002:0000005c       __imp__LeaveCriticalSection@4 0061005c     kernel32:KERNEL32.dll
 0002:00000060       __imp__ExitProcess@4       00610060     kernel32:KERNEL32.dll
 0002:00000064       __imp__DeleteCriticalSection@4 00610064     kernel32:KERNEL32.dll
 0002:00000068       __imp__CreateEventA@16     00610068     kernel32:KERNEL32.dll
 0002:0000006c       __imp__CloseHandle@4       0061006c     kernel32:KERNEL32.dll
 0002:00000070       __imp__EnterCriticalSection@4 00610070     kernel32:KERNEL32.dll
 0002:00000074       __imp__SetEvent@4          00610074     kernel32:KERNEL32.dll
 0002:00000078       \177KERNEL32_NULL_THUNK_DATA 00610078     kernel32:KERNEL32.dll
 0002:0000007c       __imp__DestroyWindow@4     0061007c     user32:USER32.dll
 0002:00000080       __imp__PostQuitMessage@4   00610080     user32:USER32.dll
 0002:00000084       __imp__SetForegroundWindow@4 00610084     user32:USER32.dll
 0002:00000088       __imp__SetFocus@4          00610088     user32:USER32.dll
 0002:0000008c       __imp__GetDC@4             0061008c     user32:USER32.dll
 0002:00000090       __imp__ShowCursor@4        00610090     user32:USER32.dll
 0002:00000094       __imp__MessageBoxA@16      00610094     user32:USER32.dll
 0002:00000098       __imp__CreateWindowExA@48  00610098     user32:USER32.dll
 0002:0000009c       __imp__PeekMessageA@20     0061009c     user32:USER32.dll
 0002:000000a0       __imp__ReleaseDC@8         006100a0     user32:USER32.dll
 0002:000000a4       __imp__DefWindowProcA@16   006100a4     user32:USER32.dll
 0002:000000a8       __imp__DispatchMessageA@4  006100a8     user32:USER32.dll
 0002:000000ac       __imp__GetSystemMetrics@4  006100ac     user32:USER32.dll
 0002:000000b0       __imp__AdjustWindowRect@12 006100b0     user32:USER32.dll
 0002:000000b4       __imp__ChangeDisplaySettingsA@8 006100b4     user32:USER32.dll
 0002:000000b8       __imp__RegisterClassA@4    006100b8     user32:USER32.dll
 0002:000000bc       __imp__UnregisterClassA@8  006100bc     user32:USER32.dll
 0002:000000c0       \177USER32_NULL_THUNK_DATA 006100c0     user32:USER32.dll
 0002:000000c4       __imp__timeGetTime@0       006100c4     winmm:WINMM.dll
 0002:000000c8       \177WINMM_NULL_THUNK_DATA  006100c8     winmm:WINMM.dll
 0002:000000cc       __imp__D3D11CreateDeviceAndSwapChain@48 006100cc     d3d11:d3d11.dll
 0002:000000d0       \177d3d11_NULL_THUNK_DATA  006100d0     d3d11:d3d11.dll
 0002:000000d8       ??_C@_00CNPNBAHC@?$AA@     006100d8     libv2:ronan.obj
 0002:000007d4       __real@3e2aaaab            006107d4     libv2:ronan.obj
 0002:000007d8       __real@428c0000            006107d8     libv2:ronan.obj
 0002:000007dc       ?p1f@?1??SetFrame@syWRonan@Ronan@@QAEXABUPhoneme@3@0MAAUsyVRonan@3@@Z@4QBQBMB 006107dc     libv2:ronan.obj
 0002:000007f8       ?p2f@?1??SetFrame@syWRonan@Ronan@@QAEXABUPhoneme@3@0MAAUsyVRonan@3@@Z@4QBQBMB 006107f8     libv2:ronan.obj
 0002:00000814       ?p1b@?1??SetFrame@syWRonan@Ronan@@QAEXABUPhoneme@3@0MAAUsyVRonan@3@@Z@4QBQBMB 00610814     libv2:ronan.obj
 0002:00000830       ?p2b@?1??SetFrame@syWRonan@Ronan@@QAEXABUPhoneme@3@0MAAUsyVRonan@3@@Z@4QBQBMB 00610830     libv2:ronan.obj
 0002:0000084c       ?p1a@?1??SetFrame@syWRonan@Ronan@@QAEXABUPhoneme@3@0MAAUsyVRonan@3@@Z@4QBQBMB 0061084c     libv2:ronan.obj
 0002:00000868       ?p2a@?1??SetFrame@syWRonan@Ronan@@QAEXABUPhoneme@3@0MAAUsyVRonan@3@@Z@4QBQBMB 00610868     libv2:ronan.obj
 0002:00000884       __real@3f400000            00610884     libv2:ronan.obj
 0002:00000888       __real@40400000            00610888     libv2:ronan.obj
 0002:0000088c       __real@463b8000            0061088c     libv2:ronan.obj
 0002:00000890       __real@457a0000            00610890     libv2:ronan.obj
 0002:00000894       __real@41000000            00610894     libv2:ronan.obj
 0002:00000898       __real@3c000000            00610898     libv2:ronan.obj
 0002:0000089c       __real@3c449ba6            0061089c     libv2:ronan.obj
 0002:000008a0       ??_C@_0L@FDGHKON@GodComplex?$AA@ 006108a0     GodComplex.obj
 0002:000008ac       ??_C@_0DE@GCAKFNGP@?$CBIntroInit?$CI?$CJ?$CB?6?6?7No?5DirectX?$DP?6?7No?5@ 006108ac     GodComplex.obj
 0002:000008e0       ??_C@_05HAKPANJA@MUSIC?$AA@ 006108e0     GodComplex.obj
 0002:000008e8       ??_C@_05MIPEAMDJ@arial?$AA@ 006108e8     GodComplex.obj
 0002:000008f0       ??_C@_0BA@BFJKICID@Precomputing?4?4?4?$AA@ 006108f0     GodComplex.obj
 0002:00000910       ?BIAS_U@Noise@@1MB         00610910     Noise.obj
 0002:00000914       ?BIAS_V@Noise@@1MB         00610914     Noise.obj
 0002:00000918       ?BIAS_W@Noise@@1MB         00610918     Noise.obj
 0002:0000091c       ?BIAS_R@Noise@@1MB         0061091c     Noise.obj
 0002:00000920       ?BIAS_S@Noise@@1MB         00610920     Noise.obj
 0002:00000924       ?BIAS_T@Noise@@1MB         00610924     Noise.obj
 0002:00000938       ?Identity@NjFloat4x4@@2V1@B 00610938     Math.obj
 0002:00000980       ??_C@_02PNJEAGMK@PS?$AA@   00610980     EffectParticles.obj
 0002:00000984       ??_C@_02PJBJHKHI@VS?$AA@   00610984     EffectParticles.obj
 0002:00000988       ??_C@_02OEPNLDDP@GS?$AA@   00610988     EffectParticles.obj
 0002:0000098c       ??_C@_08IFBIPNDA@PS_DEBUG?$AA@ 0061098c     EffectParticles.obj
 0002:00000998       ??_C@_08PGACIELK@VS_DEBUG?$AA@ 00610998     EffectParticles.obj
 0002:000009a4       ??_7?$CB@UCBRender@EffectParticles@@@@6B@ 006109a4     EffectParticles.obj
 0002:000009a4       ??_7?$CB@UCBGlobal@@@@6B@  006109a4     Intro.obj
 0002:000009a4       ??_7?$CB@UCBTest@@@@6B@    006109a4     Intro.obj
 0002:000009a4       ??_7ConstantBuffer@@6B@    006109a4     ConstantBuffer.obj
 0002:000009a4       ??_7?$CB@UCBData@Camera@@@@6B@ 006109a4     Camera.obj
 0002:000009a8       ??_7DrawContextRECT@DrawUtils@@6B@ 006109a8     Draw.obj
 0002:000009b0       ??_7DrawContextLINE@DrawUtils@@6B@ 006109b0     Draw.obj
 0002:000009b8       ??_7DrawContextELLIPSE@DrawUtils@@6B@ 006109b8     Draw.obj
 0002:000009c0       ??_7DrawContextSCRATCH@DrawUtils@@6B@ 006109c0     Draw.obj
 0002:000009c8       ??_7Component@@6B@         006109c8     Component.obj
 0002:000009cc       ??_7ComputeShader@@6BComponent@@@ 006109cc     ComputeShader.obj
 0002:000009d0       ??_7ComputeShader@@6BID3DInclude@@@ 006109d0     ComputeShader.obj
 0002:000009d8       ??_7StructuredBuffer@ComputeShader@@6B@ 006109d8     ComputeShader.obj
 0002:000009dc       ??_7Material@@6BComponent@@@ 006109dc     Material.obj
 0002:000009e0       ??_7Material@@6BID3DInclude@@@ 006109e0     Material.obj
 0002:000009e8       ??_7IGeometryWriter@GeometryBuilder@@6B@ 006109e8     Primitive.obj
 0002:000009f8       ??_7Primitive@@6BComponent@@@ 006109f8     Primitive.obj
 0002:000009fc       ??_7Primitive@@6BIGeometryWriter@GeometryBuilder@@@ 006109fc     Primitive.obj
 0002:00000a0c       ??_7RasterizerState@@6B@   00610a0c     States.obj
 0002:00000a10       ??_7DepthStencilState@@6B@ 00610a10     States.obj
 0002:00000a14       ??_7BlendState@@6B@        00610a14     States.obj
 0002:00000a18       ??_7Texture2D@@6B@         00610a18     Texture2D.obj
 0002:00000a1c       ??_7Texture3D@@6B@         00610a1c     Texture3D.obj
 0002:00000a20       __GUID_6f15aaf2_d208_4e89_9ab4_489535d34f9c 00610a20     Device.obj
 0002:00000a30       ??_7Desc@DepthStencilFormatD32F@@6B@ 00610a30     DepthStencilFormats.obj
 0002:00000a48       ??_7Desc@PixelFormatRGBA8@@6B@ 00610a48     PixelFormats.obj
 0002:00000a58       ??_7Desc@PixelFormatRGBA8_sRGB@@6B@ 00610a58     PixelFormats.obj
 0002:00000a68       ??_7Desc@PixelFormatRGBA16F@@6B@ 00610a68     PixelFormats.obj
 0002:00000a78       ??_7Desc@PixelFormatR16F@@6B@ 00610a78     PixelFormats.obj
 0002:00000a88       ??_7Desc@PixelFormatR16_UINT@@6B@ 00610a88     PixelFormats.obj
 0002:00000a98       ??_7Desc@PixelFormatRG16F@@6B@ 00610a98     PixelFormats.obj
 0002:00000aa8       ??_7Desc@PixelFormatRGBA16_UINT@@6B@ 00610aa8     PixelFormats.obj
 0002:00000ab8       ??_7Desc@PixelFormatR32F@@6B@ 00610ab8     PixelFormats.obj
 0002:00000ac8       ??_7Desc@PixelFormatRG32F@@6B@ 00610ac8     PixelFormats.obj
 0002:00000ad8       ??_7Desc@PixelFormatRGBA32F@@6B@ 00610ad8     PixelFormats.obj
 0002:00000ae8       ??_C@_08CMDKBPJM@TEXCOORD?$AA@ 00610ae8     VertexFormats.obj
 0002:00000af4       ??_C@_07HOFFNMLH@TANGENT?$AA@ 00610af4     VertexFormats.obj
 0002:00000afc       ??_C@_06IOJAGNKJ@NORMAL?$AA@ 00610afc     VertexFormats.obj
 0002:00000b04       ??_C@_0M@JBONJELN@SV_POSITION?$AA@ 00610b04     VertexFormats.obj
 0002:00000b10       ??_C@_08JPMAAECC@POSITION?$AA@ 00610b10     VertexFormats.obj
 0002:00000b1c       ??_7Desc@VertexFormatPt4@@6B@ 00610b1c     VertexFormats.obj
 0002:00000b2c       ??_7Desc@VertexFormatP3@@6B@ 00610b2c     VertexFormats.obj
 0002:00000b3c       ??_7Desc@VertexFormatP3T2@@6B@ 00610b3c     VertexFormats.obj
 0002:00000b4c       ??_7Desc@VertexFormatP3N3G3T2@@6B@ 00610b4c     VertexFormats.obj
 0002:00000b5c       ??_7Desc@VertexFormatP3N3G3T2T2@@6B@ 00610b5c     VertexFormats.obj
 0002:00000b6c       ??_7Desc@VertexFormatP3N3G3T3T3@@6B@ 00610b6c     VertexFormats.obj
 0002:00000b7c       ??_C@_01CLKCMJKC@?5?$AA@   00610b7c     v2mplayer.obj
 0002:00000b80       ??_C@_0BC@ELLIBNMD@Inc?1RayTracing?4fx?$AA@ 00610b80     Resources.obj
 0002:00000b94       ??_C@_0O@NIPOMGOO@Inc?1Global?4fx?$AA@ 00610b94     Resources.obj
 0002:00000ba4       ??_C@_06BMJMJFME@SHADER?$AA@ 00610ba4     Resources.obj
 0002:00000bac       ??_7IncludesManager@@6B@   00610bac     Resources.obj
 0002:00000bb4       __real@477fff00            00610bb4      CIL library: CIL module
 0002:00000bb8       __real@3f800000            00610bb8      CIL library: CIL module
 0002:00000bbc       __real@00000000            00610bbc      CIL library: CIL module
 0002:00000bc0       __real@2f800000            00610bc0      CIL library: CIL module
 0002:00000bc4       __real@4f800000            00610bc4      CIL library: CIL module
 0002:00000bc8       __real@41200000            00610bc8      CIL library: CIL module
 0002:00000bcc       __real@41700000            00610bcc      CIL library: CIL module
 0002:00000bd0       __real@40c00000            00610bd0      CIL library: CIL module
 0002:00000bd8       __real@3fe6571840000000    00610bd8      CIL library: CIL module
 0002:00000be0       __real@3a800000            00610be0      CIL library: CIL module
 0002:00000be4       __real@33800000            00610be4      CIL library: CIL module
 0002:00000be8       __real@bf800000            00610be8      CIL library: CIL module
 0002:00000bec       __real@37800080            00610bec      CIL library: CIL module
 0002:00000bf0       __real@3b808081            00610bf0      CIL library: CIL module
 0002:00000bf8       __real@4000000000000000    00610bf8      CIL library: CIL module
 0002:00000c00       __real@3a03126f            00610c00      CIL library: CIL module
 0002:00000c04       __real@45800000            00610c04      CIL library: CIL module
 0002:00000c08       __real@40000000            00610c08      CIL library: CIL module
 0002:00000c0c       __real@3f000000            00610c0c      CIL library: CIL module
 0002:00000c10       __real@3c8efa35            00610c10      CIL library: CIL module
 0002:00000c14       __real@3e000000            00610c14      CIL library: CIL module
 0002:00000c18       __real@3a83126f            00610c18      CIL library: CIL module
 0002:00000c1c       __real@3e800000            00610c1c      CIL library: CIL module
 0002:00000c20       __real@3e4ccccd            00610c20      CIL library: CIL module
 0002:00000c24       __real@3d4ccccd            00610c24      CIL library: CIL module
 0002:00000c28       __real@bf000000            00610c28      CIL library: CIL module
 0002:00000c2c       __real@437f0000            00610c2c      CIL library: CIL module
 0002:00000c30       __real@ff7fffff            00610c30      CIL library: CIL module
 0002:00000c34       __real@3e99999a            00610c34      CIL library: CIL module
 0002:00000c38       __real@3dcccccd            00610c38      CIL library: CIL module
 0002:00000c3c       __real@3f4ccccd            00610c3c      CIL library: CIL module
 0002:00000c40       __real@3d800000            00610c40      CIL library: CIL module
 0002:00000c44       __real@3c4ccccd            00610c44      CIL library: CIL module
 0002:00000c48       __real@3ca3d70a            00610c48      CIL library: CIL module
 0002:00000c4c       __real@42800000            00610c4c      CIL library: CIL module
 0002:00000c50       __real@bc23d71f            00610c50      CIL library: CIL module
 0002:00000c54       __real@3f800011            00610c54      CIL library: CIL module
 0002:00000c58       __real@459c4000            00610c58      CIL library: CIL module
 0002:00000c5c       __real@3c23d70a            00610c5c      CIL library: CIL module
 0002:00000c60       __real@3fe38e39            00610c60      CIL library: CIL module
 0002:00000c64       __real@3d000000            00610c64      CIL library: CIL module
 0002:00000c68       __real@3f99999a            00610c68      CIL library: CIL module
 0002:00000c6c       __real@3ba3d70a            00610c6c      CIL library: CIL module
 0002:00000c70       __real@40800000            00610c70      CIL library: CIL module
 0002:00000c74       __real@ff7fffee            00610c74      CIL library: CIL module
 0002:00000c78       __real@7f7fffee            00610c78      CIL library: CIL module
 0002:00000c7c       __real@43800000            00610c7c      CIL library: CIL module
 0002:00000c80       __real@3fc00000            00610c80      CIL library: CIL module
 0002:00000c84       __real@3c800000            00610c84      CIL library: CIL module
 0002:00000c88       __real@3eaaaaab            00610c88      CIL library: CIL module
 0002:00000c8c       __IMPORT_DESCRIPTOR_d3d11  00610c8c     d3d11:d3d11.dll
 0002:00000ca0       __IMPORT_DESCRIPTOR_D3DCOMPILER_43 00610ca0     d3dcompiler:D3DCOMPILER_43.dll
 0002:00000cb4       __IMPORT_DESCRIPTOR_WINMM  00610cb4     winmm:WINMM.dll
 0002:00000cc8       __IMPORT_DESCRIPTOR_KERNEL32 00610cc8     kernel32:KERNEL32.dll
 0002:00000cdc       __IMPORT_DESCRIPTOR_USER32 00610cdc     user32:USER32.dll
 0002:00000cf0       __IMPORT_DESCRIPTOR_GDI32  00610cf0     gdi32:GDI32.dll
 0002:00000d04       __IMPORT_DESCRIPTOR_DSOUND 00610d04     dsound:DSOUND.dll
 0002:00000d18       __NULL_IMPORT_DESCRIPTOR   00610d18     d3d11:d3d11.dll
 0003:00000000       _AUX_                      00612000     libv2:synth.obj
 0003:000003d0       ?CONV_RGBA_NxNyHR_M@TextureBuilder@@2UConversionParams@1@A 006123d0     TextureBuilder.obj
 0003:00000404       ?CONV_NxNyNzH@TextureBuilder@@2UConversionParams@1@A 00612404     TextureBuilder.obj
 0003:0000053c       ?LUMINANCE@@3VNjFloat4@@B  0061253c     GodComplex.obj
 0003:0000054c       ?One@NjFloat2@@2V1@B       0061254c     Math.obj
 0003:00000554       ?UnitX@NjFloat2@@2V1@B     00612554     Math.obj
 0003:0000055c       ?UnitY@NjFloat2@@2V1@B     0061255c     Math.obj
 0003:00000564       ?One@NjFloat3@@2V1@B       00612564     Math.obj
 0003:00000570       ?UnitX@NjFloat3@@2V1@B     00612570     Math.obj
 0003:0000057c       ?UnitY@NjFloat3@@2V1@B     0061257c     Math.obj
 0003:00000588       ?UnitZ@NjFloat3@@2V1@B     00612588     Math.obj
 0003:00000594       ?One@NjFloat4@@2V1@B       00612594     Math.obj
 0003:000005a4       ?UnitX@NjFloat4@@2V1@B     006125a4     Math.obj
 0003:000005b4       ?UnitY@NjFloat4@@2V1@B     006125b4     Math.obj
 0003:000005c4       ?UnitZ@NjFloat4@@2V1@B     006125c4     Math.obj
 0003:000005d4       ?UnitW@NjFloat4@@2V1@B     006125d4     Math.obj
 0003:000005e4       ?DESCRIPTOR@DepthStencilFormatD32F@@2VDesc@1@A 006125e4     DepthStencilFormats.obj
 0003:000005e8       ?DESCRIPTOR@PixelFormatRGBA8@@2VDesc@1@A 006125e8     PixelFormats.obj
 0003:000005ec       ?DESCRIPTOR@PixelFormatRGBA8_sRGB@@2VDesc@1@A 006125ec     PixelFormats.obj
 0003:000005f0       ?DESCRIPTOR@PixelFormatR16F@@2VDesc@1@A 006125f0     PixelFormats.obj
 0003:000005f4       ?DESCRIPTOR@PixelFormatR16_UINT@@2VDesc@1@A 006125f4     PixelFormats.obj
 0003:000005f8       ?DESCRIPTOR@PixelFormatRG16F@@2VDesc@1@A 006125f8     PixelFormats.obj
 0003:000005fc       ?DESCRIPTOR@PixelFormatRGBA16_UINT@@2VDesc@1@A 006125fc     PixelFormats.obj
 0003:00000600       ?DESCRIPTOR@PixelFormatRGBA16F@@2VDesc@1@A 00612600     PixelFormats.obj
 0003:00000604       ?DESCRIPTOR@PixelFormatR32F@@2VDesc@1@A 00612604     PixelFormats.obj
 0003:00000608       ?DESCRIPTOR@PixelFormatRG32F@@2VDesc@1@A 00612608     PixelFormats.obj
 0003:0000060c       ?DESCRIPTOR@PixelFormatRGBA32F@@2VDesc@1@A 0061260c     PixelFormats.obj
 0003:00000610       ?DESCRIPTOR@VertexFormatPt4@@2VDesc@1@A 00612610     VertexFormats.obj
 0003:00000614       ?DESCRIPTOR@VertexFormatP3@@2VDesc@1@A 00612614     VertexFormats.obj
 0003:00000618       ?DESCRIPTOR@VertexFormatP3T2@@2VDesc@1@A 00612618     VertexFormats.obj
 0003:0000061c       ?DESCRIPTOR@VertexFormatP3N3G3T2@@2VDesc@1@A 0061261c     VertexFormats.obj
 0003:00000620       ?DESCRIPTOR@VertexFormatP3N3G3T2T2@@2VDesc@1@A 00612620     VertexFormats.obj
 0003:00000624       ?DESCRIPTOR@VertexFormatP3N3G3T3T3@@2VDesc@1@A 00612624     VertexFormats.obj
 0003:0000062c       ?ms_pInputElements@Desc@VertexFormatP3@@0PAUD3D11_INPUT_ELEMENT_DESC@@A 0061262c     VertexFormats.obj
 0003:00000648       ?ms_pInputElements@Desc@VertexFormatP3N3G3T2@@0PAUD3D11_INPUT_ELEMENT_DESC@@A 00612648     VertexFormats.obj
 0003:000006b8       ?ms_pInputElements@Desc@VertexFormatP3N3G3T3T3@@0PAUD3D11_INPUT_ELEMENT_DESC@@A 006126b8     VertexFormats.obj
 0003:00000744       ?ms_pInputElements@Desc@VertexFormatPt4@@0PAUD3D11_INPUT_ELEMENT_DESC@@A 00612744     VertexFormats.obj
 0003:00000760       ?ms_pInputElements@Desc@VertexFormatP3N3G3T2T2@@0PAUD3D11_INPUT_ELEMENT_DESC@@A 00612760     VertexFormats.obj
 0003:000007ec       ?ms_pInputElements@Desc@VertexFormatP3T2@@0PAUD3D11_INPUT_ELEMENT_DESC@@A 006127ec     VertexFormats.obj
 0003:00021dd8       ?p2@?1??SetFrame@syWRonan@Ronan@@QAEXABUPhoneme@3@0MAAUsyVRonan@3@@Z@4U43@A 00633dd8     libv2:ronan.obj
 0003:00021e28       ?p1@?1??SetFrame@syWRonan@Ronan@@QAEXABUPhoneme@3@0MAAUsyVRonan@3@@Z@4U43@A 00633e28     libv2:ronan.obj
 0003:00021ee0       ?gs_pMusicPlayerWorkMem@@3PAXA 00633ee0     GodComplex.obj
 0003:00021ee4       ?gs_WindowInfos@@3UWININFO@@A 00633ee4     GodComplex.obj
 0003:00021ef8       ?gs_Music@@3VV2MPlayer@@A  00633ef8     GodComplex.obj
 0003:003240b4       __fltused                  009360b4     Camera.obj
 0003:003240c0       ?gs_pPrimQuad@@3PAVPrimitive@@A 009360c0     Intro.obj
 0003:003240e0       ?gs_pTexNoise3D@@3PAVTexture3D@@A 009360e0     Intro.obj
 0003:003240e4       ?ms_ppOutputs@StructuredBuffer@ComputeShader@@1PAPAV12@A 009360e4     ComputeShader.obj
 0003:0032410c       ?Zero@NjFloat2@@2V1@B      0093610c     Math.obj
 0003:00324114       ?Zero@NjFloat3@@2V1@B      00936114     Math.obj
 0003:00324120       ?Zero@NjFloat4@@2V1@B      00936120     Math.obj
 0003:00324130       ?gs_Device@@3VDevice@@A    00936130     GodComplex.obj

 entry point at        0000:00000000

 Static symbols

 0001:000036d5       ?sFtol@@YIHM@Z             006046d5 f   libv2:ronan.obj
 0001:000036e1       ?sFPow@@YINNN@Z            006046e1 f   libv2:ronan.obj
 0001:0000374f       ?sFExp@@YINN@Z             0060474f f   libv2:ronan.obj
 0001:00003804       ?flerp@Ronan@@YIMMMM@Z     00604804 f   libv2:ronan.obj
 0001:00003817       ?db2lin@Ronan@@YIMMMM@Z    00604817 f   libv2:ronan.obj
 0001:000040d9       ?ASM_memcpy@@YIXPAXPBXH@Z  006050d9 f    CIL library: CIL module
 0001:000053ac       ?ASM_memset@@YIXPAXHH@Z    006063ac f    CIL library: CIL module
 0001:00005ab2       ?ReleaseDirectXObject@@YIXAAPAXPAX@Z 00606ab2 f    CIL library: CIL module
 0001:00005abb       ?ASM_ceilf@@YIHM@Z         00606abb f    CIL library: CIL module
 0001:00005d99       ?ReleaseDirectXObject@@YIXAAPAXPAX@Z 00606d99 f    CIL library: CIL module
 0001:00005da2       ?ASM_ceilf@@YIHM@Z         00606da2 f    CIL library: CIL module
 0001:000065fb       ?ASM_memcpy@@YIXPAXPBXH@Z  006075fb f    CIL library: CIL module
 0001:00006abc       ?ASM_memcpy@@YIXPAXPBXH@Z  00607abc f    CIL library: CIL module
 0001:00006d8c       ?ASM_floorf@@YIHM@Z        00607d8c f    CIL library: CIL module
 0001:00006e7a       ??D@YI?AVNjFloat4@@MABV0@@Z 00607e7a f    CIL library: CIL module
 0001:00006ea2       ??D@YI?AVNjFloat3@@MABV0@@Z 00607ea2 f    CIL library: CIL module
 0001:00007c27       ?ASM_floorf@@YIHM@Z        00608c27 f    CIL library: CIL module
 0001:0000a345       ?ASM_powf@@YIMMM@Z         0060b345 f    CIL library: CIL module
 0001:0000a36b       ??D@YI?AVNjFloat4@@MABV0@@Z 0060b36b f    CIL library: CIL module
 0001:0000b08d       ?ASM_ceilf@@YIHM@Z         0060c08d f    CIL library: CIL module
 0001:0000b0ac       ?ASM_floorf@@YIHM@Z        0060c0ac f    CIL library: CIL module
 0001:0000b41c       ??D@YI?AVNjFloat4@@MABV0@@Z 0060c41c f    CIL library: CIL module
 0001:0000b444       ??D@YI?AVNjFloat2@@MABV0@@Z 0060c444 f    CIL library: CIL module
 0001:0000c55c       ?ASM_memset@@YIXPAXHH@Z    0060d55c f    CIL library: CIL module
 0001:0000c703       ??D@YI?AVNjFloat4@@MABV0@@Z 0060d703 f    CIL library: CIL module
 0001:0000c728       ??D@YI?AVNjFloat2@@MABV0@@Z 0060d728 f    CIL library: CIL module
 0001:0000d153       ??D@YI?AVNjFloat3@@MABV0@@Z 0060e153 f    CIL library: CIL module
 0001:0000d39c       ?ASM_floorf@@YIHM@Z        0060e39c f    CIL library: CIL module
 0001:0000d3bb       ?ASM_powf@@YIMMM@Z         0060e3bb f    CIL library: CIL module
 0001:0000d402       ??D@YI?AVNjFloat3@@MABV0@@Z 0060e402 f    CIL library: CIL module
 0001:0000d422       ??D@YI?AVNjFloat2@@MABV0@@Z 0060e422 f    CIL library: CIL module
 0001:0000df81       ?ShowProgress@@YIXPAUWININFO@@H@Z 0060ef81 f    CIL library: CIL module
 0001:0000e077       ?WndProc@@YGJPAUHWND__@@IIJ@Z 0060f077 f    CIL library: CIL module
 0001:0000e0cb       ?ASM_memset@@YIXPAXHH@Z    0060f0cb f    CIL library: CIL module
 0001:0000e554       ?_acosf@@YIMM@Z            0060f554 f    CIL library: CIL module
 0001:0000e641       ??D@YI?AVNjFloat2@@MABV0@@Z 0060f641 f    CIL library: CIL module
 0001:0000eab0       ?FLOAT2BYTE@@YIEM@Z        0060fab0 f    CIL library: CIL module
 0001:0000eaec       ??__Egs_Device@@YAXXZ      0060faec f    CIL library: CIL module
