 GodComplex

 Timestamp is 51950fb7 (Thu May 16 18:56:23 2013)

 Preferred load address is 00600000

 Start         Length     Name                   Class
 0001:00000000 000665b0H .text                   CODE
 0001:000665b0 000000abH .text$x                 CODE
 0001:00066660 00000a31H .text$yc                CODE
 0001:000670a0 0000004fH .text$yd                CODE
 0002:00000000 00000244H .idata$5                DATA
 0002:00000244 00000004H .CRT$XCA                DATA
 0002:00000248 000000bcH .CRT$XCU                DATA
 0002:00000304 00000004H .CRT$XCZ                DATA
 0002:00000308 00000004H .CRT$XIA                DATA
 0002:0000030c 00000014H .CRT$XIC                DATA
 0002:00000320 00000004H .CRT$XIY                DATA
 0002:00000324 00000004H .CRT$XIZ                DATA
 0002:00000328 00000004H .CRT$XPA                DATA
 0002:0000032c 00000008H .CRT$XPX                DATA
 0002:00000334 00000004H .CRT$XPXA               DATA
 0002:00000338 00000004H .CRT$XPZ                DATA
 0002:0000033c 00000004H .CRT$XTA                DATA
 0002:00000340 00000004H .CRT$XTZ                DATA
 0002:00000350 00017914H .rdata                  DATA
 0002:00017c64 00000053H .rdata$debug            DATA
 0002:00017cb8 000000dcH .rdata$r                DATA
 0002:00017d94 00000004H .rtc$IAA                DATA
 0002:00017d98 00000004H .rtc$IZZ                DATA
 0002:00017d9c 00000004H .rtc$TAA                DATA
 0002:00017da0 00000004H .rtc$TZZ                DATA
 0002:00017da8 000008acH .xdata$x                DATA
 0002:00018654 000000b4H .idata$2                DATA
 0002:00018708 00000014H .idata$3                DATA
 0002:0001871c 00000244H .idata$4                DATA
 0002:00018960 00000a1eH .idata$6                DATA
 0002:0001937e 00000000H .edata                  DATA
 0003:00000000 00001c48H .data                   DATA
 0003:00001c60 00004920H .bss                    DATA
 0004:00000000 000002ccH .rsrc$01                DATA
 0004:000002d0 0003a010H .rsrc$02                DATA

  Address         Publics by Value              Rva+Base       Lib:Object

 0000:00000000       ___safe_se_handler_table   00000000     <absolute>
 0000:00000000       __except_list              00000000     <absolute>
 0000:00000000       ___safe_se_handler_count   00000000     <absolute>
 0000:00000000       ___ImageBase               00600000     <linker-defined>
 0001:00000000       ??2@YAPAXI@Z               00601000 f i GodComplex.obj
 0001:00000020       ??3@YAXPAX@Z               00601020 f i GodComplex.obj
 0001:00000030       __purecall                 00601030 f   GodComplex.obj
 0001:00000040       _ceil                      00601040 f   GodComplex.obj
 0001:000000a0       ?WindowInit@@YIHXZ         006010a0 f   GodComplex.obj
 0001:000004d0       ?WindowExit@@YIXXZ         006014d0 f   GodComplex.obj
 0001:00000580       ?DrawTime@@YIXM@Z          00601580 f   GodComplex.obj
 0001:000006d0       ?HandleEvents@@YIXXZ       006016d0 f   GodComplex.obj
 0001:00000920       ?print@@YAXPBDZZ           00601920 f   GodComplex.obj
 0001:00000970       _WinMain@16                00601970 f   GodComplex.obj
 0001:00000c70       ?IsInitialized@Device@@QBE_NXZ 00601c70 f i GodComplex.obj
 0001:00000c90       ??0NjFloat4@@QAE@MMMM@Z    00601c90 f i GodComplex.obj
 0001:00000cd0       ??0EffectRoom@@QAE@AAVTexture2D@@@Z 00601cd0 f   EffectRoom.obj
 0001:00000f10       ??1EffectRoom@@QAE@XZ      00601f10 f   EffectRoom.obj
 0001:000010a0       ?AnimateFailure@EffectRoom@@IAEMAAM00MMM@Z 006020a0 f   EffectRoom.obj
 0001:00001230       ?Render@EffectRoom@@QAEXMM@Z 00602230 f   EffectRoom.obj
 0001:000015c0       ?BuildRoom@EffectRoom@@IAEXABVTextureBuilder@@@Z 006025c0 f   EffectRoom.obj
 0001:00003bc0       ?FillRoundedRect@RoomFillers@@YIXABUDrawInfos@DrawUtils@@AAUPixel@@@Z 00604bc0 f   EffectRoom.obj
 0001:00003cc0       ?BuildRoomTextures@EffectRoom@@IAEXAAVTextureBuilder@@@Z 00604cc0 f   EffectRoom.obj
 0001:00003de0       ??0NjFloat4@@QAE@XZ        00604de0 f i EffectRoom.obj
 0001:00003e10       ?Set@NjFloat4@@QAEXMMMM@Z  00604e10 f i EffectRoom.obj
 0001:00003e40       ?HasErrors@Material@@QBE_NXZ 00604e40 f i EffectRoom.obj
 0001:00003e60       @sinf@4                    00604e60 f i EffectRoom.obj
 0001:00003e90       ?abs@@YAMM@Z               00604e90 f i EffectRoom.obj
 0001:00003eb0       @fabsf@4                   00604eb0 f i EffectRoom.obj
 0001:00003ee0       ?GetLayeredTexture@Primitive@Object@Scene@@QBEPBVTexture2D@@XZ 00604ee0 f i EffectScene.obj
 0001:00003ee0       ?GetDirectionalLightsCount@Scene@@QBEHXZ 00604ee0 f i EffectScene.obj
 0001:00003ee0       ?DefaultRenderTarget@Device@@QBEABVTexture2D@@XZ 00604ee0 f i EffectRoom.obj
 0001:00003f00       ?GetEnabledDirectionalLightsCount@Scene@@QBEHXZ 00604f00 f i EffectScene.obj
 0001:00003f00       ?GetWidth@Texture2D@@QBEHXZ 00604f00 f i EffectVolumetric.obj
 0001:00003f00       ?GetWidth@Texture3D@@QBEHXZ 00604f00 f i EffectVolumetric.obj
 0001:00003f00       ?DefaultDepthStencil@Device@@QBEABVTexture2D@@XZ 00604f00 f i EffectRoom.obj
 0001:00003f20       ??0NjFloat2@@QAE@MM@Z      00604f20 f i EffectRoom.obj
 0001:00003f50       ??0NjFloat3@@QAE@MMM@Z     00604f50 f i EffectRoom.obj
 0001:00003f80       ?Set@NjFloat3@@QAEXMMM@Z   00604f80 f i EffectRoom.obj
 0001:00003fb0       ??GNjFloat3@@QBE?AV0@ABV0@@Z 00604fb0 f i EffectRoom.obj
 0001:00004000       ??HNjFloat3@@QBE?AV0@ABV0@@Z 00605000 f i EffectRoom.obj
 0001:00004050       ??0NjFloat4@@QAE@ABVNjFloat3@@M@Z 00605050 f i EffectRoom.obj
 0001:00004090       ??BNjFloat4@@QAE?AVNjFloat3@@XZ 00605090 f i EffectRoom.obj
 0001:000040d0       ??0NjHalf4@@QAE@XZ         006050d0 f i EffectRoom.obj
 0001:00004120       ?HasErrors@ComputeShader@@QBE_NXZ 00605120 f i EffectRoom.obj
 0001:00004140       ??0VertexFormatP3N3G3T3T3@@QAE@XZ 00605140 f i EffectRoom.obj
 0001:00004190       ??0NjFloat3@@QAE@XZ        00605190 f i EffectRoom.obj
 0001:000041c0       ??_H@YGXPAXIHP6EPAX0@Z@Z   006051c0 f i EffectRoom.obj
 0001:000041f0       ??_G?$SB@ULightMapResult@?7??BuildRoom@EffectRoom@@IAEXABVTextureBuilder@@@Z@@@QAEPAXI@Z 006051f0 f i EffectRoom.obj
 0001:000041f0       ??_G?$SB@ULightMapInfos@?7??BuildRoom@EffectRoom@@IAEXABVTextureBuilder@@@Z@@@QAEPAXI@Z 006051f0 f i EffectRoom.obj
 0001:00004220       ??0Pixel@@QAE@ABVNjFloat4@@MMH@Z 00605220 f i EffectRoom.obj
 0001:00004270       ??0?$CB@UCBObject@EffectRoom@@@@QAE@AAVDevice@@H_N@Z 00605270 f i EffectRoom.obj
 0001:000042e0       ??0?$CB@UCBTesselate@EffectRoom@@@@QAE@AAVDevice@@H_N@Z 006052e0 f i EffectRoom.obj
 0001:00004350       ??0?$SB@ULightMapInfos@?7??BuildRoom@EffectRoom@@IAEXABVTextureBuilder@@@Z@@@QAE@AAVDevice@@H_N@Z 00605350 f i EffectRoom.obj
 0001:00004390       ?Write@?$SB@ULightMapInfos@?7??BuildRoom@EffectRoom@@IAEXABVTextureBuilder@@@Z@@@QAEXH@Z 00605390 f i EffectRoom.obj
 0001:000043c0       ?SetInput@?$SB@ULightMapResult@?7??BuildRoom@EffectRoom@@IAEXABVTextureBuilder@@@Z@@@QAEXH@Z 006053c0 f i EffectRoom.obj
 0001:000043c0       ?SetInput@?$SB@ULightMapInfos@?7??BuildRoom@EffectRoom@@IAEXABVTextureBuilder@@@Z@@@QAEXH@Z 006053c0 f i EffectRoom.obj
 0001:000043e0       ??0?$SB@ULightMapResult@?7??BuildRoom@EffectRoom@@IAEXABVTextureBuilder@@@Z@@@QAE@AAVDevice@@H_N@Z 006053e0 f i EffectRoom.obj
 0001:00004420       ??1?$SB@ULightMapResult@?7??BuildRoom@EffectRoom@@IAEXABVTextureBuilder@@@Z@@@QAE@XZ 00605420 f i EffectRoom.obj
 0001:00004420       ??1?$SB@ULightMapInfos@?7??BuildRoom@EffectRoom@@IAEXABVTextureBuilder@@@Z@@@QAE@XZ 00605420 f i EffectRoom.obj
 0001:00004470       ?Read@?$SB@ULightMapResult@?7??BuildRoom@EffectRoom@@IAEXABVTextureBuilder@@@Z@@@QAEXH@Z 00605470 f i EffectRoom.obj
 0001:000044a0       ?Clear@?$SB@ULightMapResult@?7??BuildRoom@EffectRoom@@IAEXABVTextureBuilder@@@Z@@@QAEXABVNjFloat4@@@Z 006054a0 f i EffectRoom.obj
 0001:000044c0       ?SetOutput@?$SB@ULightMapResult@?7??BuildRoom@EffectRoom@@IAEXABVTextureBuilder@@@Z@@@QAEXH@Z 006054c0 f i EffectRoom.obj
 0001:000044e0       ??0?$CB@UCBRender@?BJ@??BuildRoom@EffectRoom@@IAEXABVTextureBuilder@@@Z@@@QAE@AAVDevice@@H_N@Z 006054e0 f i EffectRoom.obj
 0001:00004540       ??0CBObject@EffectRoom@@QAE@XZ 00605540 f i EffectRoom.obj
 0001:00004580       ??0CBTesselate@EffectRoom@@QAE@XZ 00605580 f i EffectRoom.obj
 0001:000045b0       ??0NjFloat2@@QAE@XZ        006055b0 f i EffectRoom.obj
 0001:000045d0       ??1?$CB@UCBData@Camera@@@@UAE@XZ 006055d0 f i Camera.obj
 0001:000045d0       ??1?$CB@UCBDiffusion@EffectTranslucency@@@@UAE@XZ 006055d0 f i EffectTranslucency.obj
 0001:000045d0       ??1?$CB@UCBVolume@EffectVolumetric@@@@UAE@XZ 006055d0 f i EffectVolumetric.obj
 0001:000045d0       ??1?$CB@UCBGlobal@@@@UAE@XZ 006055d0 f i Intro.obj
 0001:000045d0       ??1?$CB@UCBTest@@@@UAE@XZ  006055d0 f i Intro.obj
 0001:000045d0       ??1?$CB@UCBPrimitive@Primitive@Object@Scene@@@@UAE@XZ 006055d0 f i Scene.obj
 0001:000045d0       ??1?$CB@UCBObject@EffectRoom@@@@UAE@XZ 006055d0 f i EffectRoom.obj
 0001:000045d0       ??1?$CB@UCBPreComputeCS@EffectVolumetric@@@@UAE@XZ 006055d0 f i EffectVolumetric.obj
 0001:000045d0       ??1?$CB@UCBObject@Object@Scene@@@@UAE@XZ 006055d0 f i Scene.obj
 0001:000045d0       ??1?$CB@UCBSplat@EffectVolumetric@@@@UAE@XZ 006055d0 f i EffectVolumetric.obj
 0001:000045d0       ??1?$CB@UCBRender@EffectScene@@@@UAE@XZ 006055d0 f i EffectScene.obj
 0001:000045d0       ??1?$CB@UCBObject@EffectTranslucency@@@@UAE@XZ 006055d0 f i EffectTranslucency.obj
 0001:000045d0       ??1?$CB@UCBLight@EffectScene@@@@UAE@XZ 006055d0 f i EffectScene.obj
 0001:000045d0       ??1?$CB@UCBTesselate@EffectRoom@@@@UAE@XZ 006055d0 f i EffectRoom.obj
 0001:000045d0       ??1?$CB@UCBObject@EffectVolumetric@@@@UAE@XZ 006055d0 f i EffectVolumetric.obj
 0001:000045d0       ??1?$CB@UCBAtmosphere@EffectVolumetric@@@@UAE@XZ 006055d0 f i EffectVolumetric.obj
 0001:000045d0       ??1?$CB@UCBRender@?BJ@??BuildRoom@EffectRoom@@IAEXABVTextureBuilder@@@Z@@@UAE@XZ 006055d0 f i EffectRoom.obj
 0001:000045d0       ??1?$CB@UCBShadow@EffectVolumetric@@@@UAE@XZ 006055d0 f i EffectVolumetric.obj
 0001:000045d0       ??1?$CB@UCBPass@EffectTranslucency@@@@UAE@XZ 006055d0 f i EffectTranslucency.obj
 0001:000045f0       ?Init@?$SB@ULightMapInfos@?7??BuildRoom@EffectRoom@@IAEXABVTextureBuilder@@@Z@@@QAEXAAVDevice@@H_N@Z 006055f0 f i EffectRoom.obj
 0001:000046a0       ?Init@?$SB@ULightMapResult@?7??BuildRoom@EffectRoom@@IAEXABVTextureBuilder@@@Z@@@QAEXAAVDevice@@H_N@Z 006056a0 f i EffectRoom.obj
 0001:00004750       ??0LightMapInfos@?7??BuildRoom@EffectRoom@@IAEXABVTextureBuilder@@@Z@QAE@XZ 00605750 f i EffectRoom.obj
 0001:00004790       ??$CLAMP@M@@YIMABM00@Z     00605790 f i EffectRoom.obj
 0001:000047c0       ??$MIN@M@@YIMABM0@Z        006057c0 f i EffectRoom.obj
 0001:00004800       ??$MAX@M@@YIMABM0@Z        00605800 f i EffectRoom.obj
 0001:00004840       ??$SATURATE@M@@YIMABM@Z    00605840 f i EffectRoom.obj
 0001:00004890       ??$LERP@M@@YIMABM0M@Z      00605890 f i EffectRoom.obj
 0001:000048c0       ?TweakSphereExternal@@YIXAAVNjFloat3@@00AAVNjFloat2@@PAX@Z 006058c0 f   EffectTranslucency.obj
 0001:00004950       ?TweakTorusInternal@@YIXAAVNjFloat3@@00AAVNjFloat2@@PAX@Z 00605950 f   EffectTranslucency.obj
 0001:000049e0       ??0EffectTranslucency@@QAE@AAVTexture2D@@@Z 006059e0 f   EffectTranslucency.obj
 0001:00004f50       ??1EffectTranslucency@@QAE@XZ 00605f50 f   EffectTranslucency.obj
 0001:000051c0       ?Render@EffectTranslucency@@QAEXMM@Z 006061c0 f   EffectTranslucency.obj
 0001:00005dd0       ?ComputePhase@EffectTranslucency@@IAE?AVNjFloat3@@ABV2@HHMM@Z 00606dd0 f   EffectTranslucency.obj
 0001:00005fa0       @cosf@4                    00606fa0 f i EffectTranslucency.obj
 0001:00005fd0       @atanf@4                   00606fd0 f i EffectTranslucency.obj
 0001:00006000       ??0?$CB@UCBObject@EffectTranslucency@@@@QAE@AAVDevice@@H_N@Z 00607000 f i EffectTranslucency.obj
 0001:00006070       ??0?$CB@UCBDiffusion@EffectTranslucency@@@@QAE@AAVDevice@@H_N@Z 00607070 f i EffectTranslucency.obj
 0001:000060e0       ??0?$CB@UCBPass@EffectTranslucency@@@@QAE@AAVDevice@@H_N@Z 006070e0 f i EffectTranslucency.obj
 0001:00006140       ??0CBObject@EffectTranslucency@@QAE@XZ 00607140 f i EffectTranslucency.obj
 0001:00006170       ??0CBDiffusion@EffectTranslucency@@QAE@XZ 00607170 f i EffectTranslucency.obj
 0001:000061d0       ??0EffectVolumetric@@QAE@AAVDevice@@AAVTexture2D@@AAVPrimitive@@AAVCamera@@@Z 006071d0 f   EffectVolumetric.obj
 0001:00007200       ??1EffectVolumetric@@QAE@XZ 00608200 f   EffectVolumetric.obj
 0001:00007840       ?Render@EffectVolumetric@@QAEXMM@Z 00608840 f   EffectVolumetric.obj
 0001:00008a70       ?Project2ShadowPlane@EffectVolumetric@@IAE?AVNjFloat3@@ABV2@AAM@Z 00609a70 f   EffectVolumetric.obj
 0001:00008b20       ?World2ShadowQuad@EffectVolumetric@@IAE?AVNjFloat2@@ABVNjFloat3@@AAM@Z 00609b20 f   EffectVolumetric.obj
 0001:00008b90       ?ComputeShadowTransform@EffectVolumetric@@IAEXXZ 00609b90 f   EffectVolumetric.obj
 0001:00009e50       ?ComputeFrustumIntersection@EffectVolumetric@@IAEXQAVNjFloat3@@MAAVNjFloat2@@1@Z 0060ae50 f   EffectVolumetric.obj
 0001:00009fe0       ?ComputeTerrainShadowTransform@EffectVolumetric@@IAE?AVNjFloat4x4@@XZ 0060afe0 f   EffectVolumetric.obj
 0001:0000a880       ?BuildFractalTexture@EffectVolumetric@@IAEPAVTexture3D@@_N@Z 0060b880 f   EffectVolumetric.obj
 0001:0000b200       ?PreComputeSkyTables@EffectVolumetric@@IAEXXZ 0060c200 f   EffectVolumetric.obj
 0001:0000b450       ?FreeSkyTables@EffectVolumetric@@IAEXXZ 0060c450 f   EffectVolumetric.obj
 0001:0000b5f0       ?UpdateStageProfiling@?A0xb4a8beaa@@YIXH@Z 0060c5f0 f   EffectVolumetric.obj
 0001:0000b680       ?FinalizeStageProfiling@?A0xb4a8beaa@@YIXH@Z 0060c680 f   EffectVolumetric.obj
 0001:0000b6c0       ?InitUpdateSkyTables@EffectVolumetric@@IAEXXZ 0060c6c0 f   EffectVolumetric.obj
 0001:0000bc10       ?ExitUpdateSkyTables@EffectVolumetric@@IAEXXZ 0060cc10 f   EffectVolumetric.obj
 0001:0000bef0       ?TriggerSkyTablesUpdate@EffectVolumetric@@IAEXXZ 0060cef0 f   EffectVolumetric.obj
 0001:0000bf10       ?InitStage@EffectVolumetric@@IAEXH@Z 0060cf10 f   EffectVolumetric.obj
 0001:0000bfa0       ?InitSinglePassStage@EffectVolumetric@@IAEXHHHQAH@Z 0060cfa0 f   EffectVolumetric.obj
 0001:0000c030       ?IncreaseStagePass@EffectVolumetric@@IAE_NH@Z 0060d030 f   EffectVolumetric.obj
 0001:0000c140       ?UpdateSkyTables@EffectVolumetric@@IAEXXZ 0060d140 f   EffectVolumetric.obj
 0001:0000cde0       ?BuildTransmittanceTable@EffectVolumetric@@IAEXHHAAVTexture2D@@@Z 0060dde0 f   EffectVolumetric.obj
 0001:0000d3d0       ?ComputeOpticalDepth@EffectVolumetric@@IBEMMMMAA_NH@Z 0060e3d0 f   EffectVolumetric.obj
 0001:0000d620       ?GetTransmittance@EffectVolumetric@@IBE?AVNjFloat3@@MM@Z 0060e620 f   EffectVolumetric.obj
 0001:0000d6f0       ?GetTransmittance@EffectVolumetric@@IBE?AVNjFloat3@@MMM@Z 0060e6f0 f   EffectVolumetric.obj
 0001:0000d870       ?SampleTransmittance@EffectVolumetric@@IBE?AVNjFloat3@@VNjFloat2@@@Z 0060e870 f   EffectVolumetric.obj
 0001:0000da70       ?ComputeSphericalData@EffectVolumetric@@IBEXABVNjFloat3@@AAMAAV2@@Z 0060ea70 f   EffectVolumetric.obj
 0001:0000daf0       ?SphereIntersectionEnter@EffectVolumetric@@IBEMABVNjFloat3@@0M@Z 0060eaf0 f   EffectVolumetric.obj
 0001:0000dbb0       ?SphereIntersectionExit@EffectVolumetric@@IBEMABVNjFloat3@@0M@Z 0060ebb0 f   EffectVolumetric.obj
 0001:0000dc70       ?SphereIntersections@EffectVolumetric@@IBEXABVNjFloat3@@0MAAVNjFloat2@@@Z 0060ec70 f   EffectVolumetric.obj
 0001:0000dd50       ?ComputeNearestHit@EffectVolumetric@@IBEMABVNjFloat3@@0MAA_N@Z 0060ed50 f   EffectVolumetric.obj
 0001:0000ddd0       ?Set@NjFloat2@@QAEXMM@Z    0060edd0 f i EffectVolumetric.obj
 0001:0000ddf0       ??GNjFloat3@@QBE?AV0@XZ    0060edf0 f i EffectVolumetric.obj
 0001:0000de30       ??_G?$MMF@UParametersBlock@EffectVolumetric@@@@QAEPAXI@Z 0060ee30 f i EffectVolumetric.obj
 0001:0000de60       ??1?$MMF@UParametersBlock@EffectVolumetric@@@@QAE@XZ 0060ee60 f i EffectVolumetric.obj
 0001:0000de80       ??HNjFloat2@@QBE?AV0@ABV0@@Z 0060ee80 f i EffectVolumetric.obj
 0001:0000dec0       ?GetdUV@Texture2D@@QBE?AVNjFloat3@@XZ 0060eec0 f i EffectVolumetric.obj
 0001:0000df00       ??UNjFloat3@@QBEMABV0@@Z   0060ef00 f i EffectVolumetric.obj
 0001:0000df40       ?Min@NjFloat2@@QBE?AV1@ABV1@@Z 0060ef40 f i EffectVolumetric.obj
 0001:0000df80       ?Max@NjFloat2@@QBE?AV1@ABV1@@Z 0060ef80 f i EffectVolumetric.obj
 0001:0000dfc0       ??GNjFloat2@@QBE?AV0@ABV0@@Z 0060efc0 f i EffectVolumetric.obj
 0001:0000e000       ??DNjFloat2@@QBE?AV0@ABV0@@Z 0060f000 f i EffectVolumetric.obj
 0001:0000e040       ?Normalize@NjFloat3@@QAEAAV1@XZ 0060f040 f i EffectVolumetric.obj
 0001:0000e090       ?Length@NjFloat3@@QBEMXZ   0060f090 f i EffectVolumetric.obj
 0001:0000e0d0       @sqrtf@4                   0060f0d0 f i EffectVolumetric.obj
 0001:0000e100       ??KNjFloat3@@QBE?AV0@M@Z   0060f100 f i EffectVolumetric.obj
 0001:0000e140       ?GetRow@NjFloat4x4@@QBE?AVNjFloat4@@H@Z 0060f140 f i EffectVolumetric.obj
 0001:0000e1a0       ?SetRow@NjFloat4x4@@QAEAAV1@HABVNjFloat4@@@Z 0060f1a0 f i EffectVolumetric.obj
 0001:0000e200       ?Min@NjFloat3@@QBE?AV1@ABV1@@Z 0060f200 f i EffectVolumetric.obj
 0001:0000e260       ?Max@NjFloat3@@QBE?AV1@ABV1@@Z 0060f260 f i EffectVolumetric.obj
 0001:0000e2c0       ??TNjFloat3@@QBE?AV0@ABV0@@Z 0060f2c0 f i EffectVolumetric.obj
 0001:0000e330       ?SetRow@NjFloat4x4@@QAEAAV1@HABVNjFloat3@@M@Z 0060f330 f i EffectVolumetric.obj
 0001:0000e390       ??_GNoise@@QAEPAXI@Z       0060f390 f i EffectVolumetric.obj
 0001:0000e3c0       ?SetGroupsCount@CBPreComputeCS@EffectVolumetric@@QAEXIII@Z 0060f3c0 f i EffectVolumetric.obj
 0001:0000e3f0       ?SetTargetSize@CBPreComputeCS@EffectVolumetric@@QAEXIII@Z 0060f3f0 f i EffectVolumetric.obj
 0001:0000e420       ?GetHeight@Texture3D@@QBEHXZ 0060f420 f i EffectVolumetric.obj
 0001:0000e420       ?GetFormat@Material@@QAEABVIVertexFormatDescriptor@@XZ 0060f420 f i Primitive.obj
 0001:0000e420       ?GetHeight@Texture2D@@QBEHXZ 0060f420 f i EffectVolumetric.obj
 0001:0000e420       ?GetDirectionalLights@Scene@@QBEPBVLight@1@XZ 0060f420 f i EffectScene.obj
 0001:0000e440       ?GetPointLightsCount@Scene@@QBEHXZ 0060f440 f i EffectScene.obj
 0001:0000e440       ?GetDepth@Texture3D@@QBEHXZ 0060f440 f i EffectVolumetric.obj
 0001:0000e460       ?tan@@YAMM@Z               0060f460 f i EffectVolumetric.obj
 0001:0000e480       @tanf@4                    0060f480 f i EffectVolumetric.obj
 0001:0000e4b0       ??DNjFloat3@@QBE?AV0@M@Z   0060f4b0 f i EffectVolumetric.obj
 0001:0000e4f0       ??0NjHalf4@@QAE@ABVNjFloat4@@@Z 0060f4f0 f i EffectVolumetric.obj
 0001:0000e550       ??HNjFloat4@@QBE?AV0@ABV0@@Z 0060f550 f i EffectVolumetric.obj
 0001:0000e5b0       ?atan@@YAMM@Z              0060f5b0 f i EffectVolumetric.obj
 0001:0000e5d0       ?sqrt@@YAMM@Z              0060f5d0 f i EffectVolumetric.obj
 0001:0000e5f0       ??KNjFloat3@@QBE?AV0@ABV0@@Z 0060f5f0 f i EffectVolumetric.obj
 0001:0000e640       ??0?$CB@UCBObject@EffectVolumetric@@@@QAE@AAVDevice@@H_N@Z 0060f640 f i EffectVolumetric.obj
 0001:0000e6b0       ?UpdateData@?$CB@UCBObject@Object@Scene@@@@QAEXXZ 0060f6b0 f i Scene.obj
 0001:0000e6b0       ?UpdateData@?$CB@UCBPass@EffectTranslucency@@@@QAEXXZ 0060f6b0 f i EffectTranslucency.obj
 0001:0000e6b0       ?UpdateData@?$CB@UCBRender@?BJ@??BuildRoom@EffectRoom@@IAEXABVTextureBuilder@@@Z@@@QAEXXZ 0060f6b0 f i EffectRoom.obj
 0001:0000e6b0       ?UpdateData@?$CB@UCBPreComputeCS@EffectVolumetric@@@@QAEXXZ 0060f6b0 f i EffectVolumetric.obj
 0001:0000e6b0       ?UpdateData@?$CB@UCBGlobal@@@@QAEXXZ 0060f6b0 f i Intro.obj
 0001:0000e6b0       ?UpdateData@?$CB@UCBData@Camera@@@@QAEXXZ 0060f6b0 f i Camera.obj
 0001:0000e6b0       ?UpdateData@?$CB@UCBObject@EffectRoom@@@@QAEXXZ 0060f6b0 f i EffectRoom.obj
 0001:0000e6b0       ?UpdateData@?$CB@UCBVolume@EffectVolumetric@@@@QAEXXZ 0060f6b0 f i EffectVolumetric.obj
 0001:0000e6b0       ?UpdateData@?$CB@UCBRender@EffectScene@@@@QAEXXZ 0060f6b0 f i EffectScene.obj
 0001:0000e6b0       ?UpdateData@?$CB@UCBAtmosphere@EffectVolumetric@@@@QAEXXZ 0060f6b0 f i EffectVolumetric.obj
 0001:0000e6b0       ?UpdateData@?$CB@UCBLight@EffectScene@@@@QAEXXZ 0060f6b0 f i EffectScene.obj
 0001:0000e6b0       ?UpdateData@?$CB@UCBShadow@EffectVolumetric@@@@QAEXXZ 0060f6b0 f i EffectVolumetric.obj
 0001:0000e6b0       ?UpdateData@?$CB@UCBDiffusion@EffectTranslucency@@@@QAEXXZ 0060f6b0 f i EffectTranslucency.obj
 0001:0000e6b0       ?UpdateData@?$CB@UCBPrimitive@Primitive@Object@Scene@@@@QAEXXZ 0060f6b0 f i Scene.obj
 0001:0000e6b0       ?UpdateData@?$CB@UCBObject@EffectVolumetric@@@@QAEXXZ 0060f6b0 f i EffectVolumetric.obj
 0001:0000e6b0       ?UpdateData@?$CB@UCBSplat@EffectVolumetric@@@@QAEXXZ 0060f6b0 f i EffectVolumetric.obj
 0001:0000e6b0       ?UpdateData@?$CB@UCBObject@EffectTranslucency@@@@QAEXXZ 0060f6b0 f i EffectTranslucency.obj
 0001:0000e6e0       ??0?$CB@UCBAtmosphere@EffectVolumetric@@@@QAE@AAVDevice@@H_N@Z 0060f6e0 f i EffectVolumetric.obj
 0001:0000e750       ??0?$CB@UCBShadow@EffectVolumetric@@@@QAE@AAVDevice@@H_N@Z 0060f750 f i EffectVolumetric.obj
 0001:0000e7c0       ??0?$CB@UCBVolume@EffectVolumetric@@@@QAE@AAVDevice@@H_N@Z 0060f7c0 f i EffectVolumetric.obj
 0001:0000e830       ??0?$MMF@UParametersBlock@EffectVolumetric@@@@QAE@PBD@Z 0060f830 f i EffectVolumetric.obj
 0001:0000e860       ?GetMappedMemory@?$MMF@UParametersBlock@EffectVolumetric@@@@QAEAAUParametersBlock@EffectVolumetric@@XZ 0060f860 f i EffectVolumetric.obj
 0001:0000e880       ?CheckForChange@?$MMF@UParametersBlock@EffectVolumetric@@@@QAE_NXZ 0060f880 f i EffectVolumetric.obj
 0001:0000e8a0       ??0?$CB@UCBPreComputeCS@EffectVolumetric@@@@QAE@AAVDevice@@H_N@Z 0060f8a0 f i EffectVolumetric.obj
 0001:0000e900       ??0CBObject@EffectVolumetric@@QAE@XZ 0060f900 f i EffectVolumetric.obj
 0001:0000e930       ??0CBAtmosphere@EffectVolumetric@@QAE@XZ 0060f930 f i EffectVolumetric.obj
 0001:0000e960       ??0CBShadow@EffectVolumetric@@QAE@XZ 0060f960 f i EffectVolumetric.obj
 0001:0000e980       ??0CBVolume@EffectVolumetric@@QAE@XZ 0060f980 f i EffectVolumetric.obj
 0001:0000ea00       ??$MAX@H@@YIHABH0@Z        0060fa00 f i EffectVolumetric.obj
 0001:0000ea40       ??$MIN@H@@YIHABH0@Z        0060fa40 f i EffectVolumetric.obj
 0001:0000ea80       ??$MIN@N@@YINABN0@Z        0060fa80 f i EffectVolumetric.obj
 0001:0000eac0       ??$MAX@N@@YINABN0@Z        0060fac0 f i EffectVolumetric.obj
 0001:0000eb00       ??$CLAMP@H@@YIHABH00@Z     0060fb00 f i EffectVolumetric.obj
 0001:0000eb30       ??0MaterialBank@@QAE@AAVDevice@@@Z 0060fb30 f   MaterialBank.obj
 0001:0000eb90       ??1MaterialBank@@QAE@XZ    0060fb90 f   MaterialBank.obj
 0001:0000ebe0       ?AllocateMaterials@MaterialBank@@QAEXH@Z 0060fbe0 f   MaterialBank.obj
 0001:0000ec60       ?DestroyMaterials@MaterialBank@@QAEXXZ 0060fc60 f   MaterialBank.obj
 0001:0000ecb0       ?GetMaterialAt@MaterialBank@@QAEAAVMaterial@1@H@Z 0060fcb0 f   MaterialBank.obj
 0001:0000ed00       ?UpdateMaterialsBuffer@MaterialBank@@QAEXXZ 0060fd00 f   MaterialBank.obj
 0001:0000ef70       ?SetStaticParameters@Material@MaterialBank@@QAEXAAV2@PBDABUStaticParameters@12@@Z 0060ff70 f   MaterialBank.obj
 0001:0000efb0       ?SetDynamicParameters@Material@MaterialBank@@QAEXABUDynamicParameters@12@@Z 0060ffb0 f   MaterialBank.obj
 0001:0000efd0       ??0Material@MaterialBank@@QAE@XZ 0060ffd0 f i MaterialBank.obj
 0001:0000eff0       ??0StaticParameters@Material@MaterialBank@@QAE@XZ 0060fff0 f i MaterialBank.obj
 0001:0000f010       @logf@4                    00610010 f i MaterialBank.obj
 0001:0000f040       ?GetStatic@Material@MaterialBank@@QBEABUStaticParameters@12@XZ 00610040 f i MaterialBank.obj
 0001:0000f060       ??0?$TB@UStaticParameters@Material@MaterialBank@@$0EA@@@QAE@AAVDevice@@H_N@Z 00610060 f i MaterialBank.obj
 0001:0000f110       ?UpdateData@?$TB@UStaticParameters@Material@MaterialBank@@$0EA@@@QAEXXZ 00610110 f i MaterialBank.obj
 0001:0000f140       ??_E?$TB@UStaticParameters@Material@MaterialBank@@$0EA@@@UAEPAXI@Z 00610140 f i MaterialBank.obj
 0001:0000f140       ??_G?$TB@UStaticParameters@Material@MaterialBank@@$0EA@@@UAEPAXI@Z 00610140 f i MaterialBank.obj
 0001:0000f170       ??1?$TB@UStaticParameters@Material@MaterialBank@@$0EA@@@UAE@XZ 00610170 f i MaterialBank.obj
 0001:0000f1b0       ??0EffectScene@@QAE@AAVDevice@@AAVScene@@AAVPrimitive@@@Z 006101b0 f   EffectScene.obj
 0001:0000fbc0       ??1EffectScene@@QAE@XZ     00610bc0 f   EffectScene.obj
 0001:000101b0       ?Render@EffectScene@@QAEXMM@Z 006111b0 f   EffectScene.obj
 0001:00010dd0       ?GetMipLevelsCount@Texture2D@@QBEHXZ 00611dd0 f i EffectScene.obj
 0001:00010dd0       ?GetEnabledPointLightsCount@Scene@@QBEHXZ 00611dd0 f i EffectScene.obj
 0001:00010df0       ?GetPointLights@Scene@@QBEPBVLight@1@XZ 00611df0 f i EffectScene.obj
 0001:00010e10       ?GetShaderView@StructuredBuffer@@QAEPAUID3D11ShaderResourceView@@XZ 00611e10 f i ComputeShader.obj
 0001:00010e10       ?GetSpotLightsCount@Scene@@QBEHXZ 00611e10 f i EffectScene.obj
 0001:00010e30       ?GetUnorderedAccessView@StructuredBuffer@@QAEPAUID3D11UnorderedAccessView@@XZ 00611e30 f i ComputeShader.obj
 0001:00010e30       ?GetEnabledSpotLightsCount@Scene@@QBEHXZ 00611e30 f i EffectScene.obj
 0001:00010e50       ?GetSpotLights@Scene@@QBEPBVLight@1@XZ 00611e50 f i EffectScene.obj
 0001:00010e70       ?GetEnvMap@Scene@@QBEPBVTexture2D@@XZ 00611e70 f i EffectScene.obj
 0001:00010e90       ??0?$CB@UCBSplat@EffectVolumetric@@@@QAE@AAVDevice@@H_N@Z 00611e90 f i EffectVolumetric.obj
 0001:00010e90       ??0?$CB@UCBRender@EffectScene@@@@QAE@AAVDevice@@H_N@Z 00611e90 f i EffectScene.obj
 0001:00010f00       ??0?$CB@UCBLight@EffectScene@@@@QAE@AAVDevice@@H_N@Z 00611f00 f i EffectScene.obj
 0001:00010f70       ??0CBSplat@EffectVolumetric@@QAE@XZ 00611f70 f i EffectVolumetric.obj
 0001:00010f70       ??0CBRender@EffectScene@@QAE@XZ 00611f70 f i EffectScene.obj
 0001:00010f90       ??0CBLight@EffectScene@@QAE@XZ 00611f90 f i EffectScene.obj
 0001:00010fd0       ??0Scene@@QAE@AAVDevice@@@Z 00611fd0 f   Scene.obj
 0001:00011070       ??1Scene@@QAE@XZ           00612070 f   Scene.obj
 0001:000110c0       ?Update@Scene@@QAEXMM@Z    006120c0 f   Scene.obj
 0001:00011120       ?Render@Scene@@QBEXAAVMaterial@@_N@Z 00612120 f   Scene.obj
 0001:00011190       ?AllocateObjects@Scene@@QAEXH@Z 00612190 f   Scene.obj
 0001:00011210       ?DestroyObjects@Scene@@QAEXXZ 00612210 f   Scene.obj
 0001:000112c0       ?CreateObjectAt@Scene@@QAEAAVObject@1@HPBD@Z 006122c0 f   Scene.obj
 0001:00011380       ?GetObjectAt@Scene@@QAEAAVObject@1@H@Z 00612380 f   Scene.obj
 0001:000113d0       ?AllocateLights@Scene@@QAEXHHH@Z 006123d0 f   Scene.obj
 0001:00011530       ?DestroyLights@Scene@@QAEXXZ 00612530 f   Scene.obj
 0001:000115e0       ?GetDirectionalLightAt@Scene@@QAEAAVLight@1@H@Z 006125e0 f   Scene.obj
 0001:00011630       ?GetPointLightAt@Scene@@QAEAAVLight@1@H@Z 00612630 f   Scene.obj
 0001:00011680       ?GetSpotLightAt@Scene@@QAEAAVLight@1@H@Z 00612680 f   Scene.obj
 0001:000116d0       ?SetDirectionalLightEnabled@Scene@@QAEXH_N@Z 006126d0 f   Scene.obj
 0001:00011740       ?SetPointLightEnabled@Scene@@QAEXH_N@Z 00612740 f   Scene.obj
 0001:000117b0       ?SetSpotLightEnabled@Scene@@QAEXH_N@Z 006127b0 f   Scene.obj
 0001:00011820       ?SetEnvMap@Scene@@QAEXAAVTexture2D@@@Z 00612820 f   Scene.obj
 0001:00011840       ??0Object@Scene@@QAE@AAV1@PBD@Z 00612840 f   Scene.obj
 0001:00011940       ??1Object@Scene@@QAE@XZ    00612940 f   Scene.obj
 0001:00011990       ?SetPRS@Object@Scene@@QAEXABVNjFloat3@@ABVNjFloat4@@0@Z 00612990 f   Scene.obj
 0001:00011a00       ?Update@Object@Scene@@QAEXMM@Z 00612a00 f   Scene.obj
 0001:00011a50       ?Render@Object@Scene@@QBEXAAVMaterial@@_N@Z 00612a50 f   Scene.obj
 0001:00011ab0       ?AllocatePrimitives@Object@Scene@@QAEXH@Z 00612ab0 f   Scene.obj
 0001:00011b60       ?DestroyPrimitives@Object@Scene@@QAEXXZ 00612b60 f   Scene.obj
 0001:00011c00       ?GetPrimitiveAt@Object@Scene@@QAEAAVPrimitive@12@H@Z 00612c00 f   Scene.obj
 0001:00011c50       ??0Primitive@Object@Scene@@QAE@AAV12@@Z 00612c50 f   Scene.obj
 0001:00011cb0       ??1Primitive@Object@Scene@@QAE@XZ 00612cb0 f   Scene.obj
 0001:00011cf0       ?Render@Primitive@Object@Scene@@QBEXAAVMaterial@@_N@Z 00612cf0 f   Scene.obj
 0001:00011d90       ?SetRenderPrimitive@Primitive@Object@Scene@@QAEXAAV1@@Z 00612d90 f   Scene.obj
 0001:00011db0       ?SetLayerMaterials@Primitive@Object@Scene@@QAEXAAVTexture2D@@HHHH@Z 00612db0 f   Scene.obj
 0001:00012030       ??0Light@Scene@@QAE@XZ     00613030 f   Scene.obj
 0001:00012070       ?SetDirectional@Light@Scene@@QAEXABVNjFloat3@@00MMM@Z 00613070 f   Scene.obj
 0001:000120f0       ?SetPoint@Light@Scene@@QAEXABVNjFloat3@@0M@Z 006130f0 f   Scene.obj
 0001:00012140       ?SetSpot@Light@Scene@@QAEXABVNjFloat3@@00MMM@Z 00613140 f   Scene.obj
 0001:000121c0       ??_GMaterialBank@@QAEPAXI@Z 006131c0 f i Scene.obj
 0001:000121f0       ??_GObject@Scene@@QAEPAXI@Z 006131f0 f i Scene.obj
 0001:00012220       ??_GPrimitive@Object@Scene@@QAEPAXI@Z 00613220 f i Scene.obj
 0001:00012250       ?GetDynamic@Material@MaterialBank@@QBEABUDynamicParameters@12@XZ 00613250 f i Scene.obj
 0001:00012270       ??0?$CB@UCBObject@Object@Scene@@@@QAE@AAVDevice@@H_N@Z 00613270 f i Scene.obj
 0001:000122d0       ??0?$CB@UCBPrimitive@Primitive@Object@Scene@@@@QAE@AAVDevice@@H_N@Z 006132d0 f i Scene.obj
 0001:00012340       ??0CBPrimitive@Primitive@Object@Scene@@QAE@XZ 00613340 f i Scene.obj
 0001:00012390       ?CombineDistances@@YIMQAMQAH11PAX@Z 00613390 f   Intro.obj
 0001:000123d0       ?FBMDelegate@@YIMABVNjFloat2@@PAX@Z 006133d0 f   Intro.obj
 0001:00012460       ?RMFDelegate@@YIMABVNjFloat2@@PAX@Z 00613460 f   Intro.obj
 0001:000124c0       ?FillNoise@@YIXHHABVNjFloat2@@AAVNjFloat4@@PAX@Z 006134c0 f   Intro.obj
 0001:00012530       ?FillRectangle@@YIXABUDrawInfos@DrawUtils@@AAUPixel@@@Z 00613530 f   Intro.obj
 0001:000125d0       ?FillEllipse@@YIXABUDrawInfos@DrawUtils@@AAUPixel@@@Z 006135d0 f   Intro.obj
 0001:00012680       ?FillLine@@YIXABUDrawInfos@DrawUtils@@AAUPixel@@@Z 00613680 f   Intro.obj
 0001:00012700       ?FillScratch@@YIXABUDrawInfos@DrawUtils@@AAUPixel@@MM@Z 00613700 f   Intro.obj
 0001:00012800       ?FillSplotch@@YIXABUDrawInfos@DrawUtils@@AAUPixel@@@Z 00613800 f   Intro.obj
 0001:00012930       ?Build2DTextures@@YIHAAUIntroProgressDelegate@@@Z 00613930 f   Intro.obj
 0001:00012df0       ?Delete2DTextures@@YIXXZ   00613df0 f   Intro.obj
 0001:00012e30       ?Build3DTextures@@YIHAAUIntroProgressDelegate@@@Z 00613e30 f   Intro.obj
 0001:000137e0       ?Delete3DTextures@@YIXXZ   006147e0 f   Intro.obj
 0001:00013820       ?IntroInit@@YIHAAUIntroProgressDelegate@@@Z 00614820 f   Intro.obj
 0001:00013b30       ?IntroExit@@YIXXZ          00614b30 f   Intro.obj
 0001:00013d40       ?IntroDo@@YI_NMM@Z         00614d40 f   Intro.obj
 0001:00013f00       ?Blend@Pixel@@QAEXABU1@M@Z 00614f00 f i Intro.obj
 0001:00013fc0       ??DNjFloat4@@QBE?AV0@M@Z   00614fc0 f i Intro.obj
 0001:00014010       ?Length@NjFloat2@@QBEMXZ   00615010 f i Intro.obj
 0001:00014040       ?Min@NjFloat2@@QBEMXZ      00615040 f i Intro.obj
 0001:00014060       ?GetMips@TextureBuilder@@QAEPAPAUPixel@@XZ 00615060 f i Intro.obj
 0001:00014080       ??BNjHalf4@@QAE?AVNjFloat4@@XZ 00615080 f i Intro.obj
 0001:000140e0       ??_GEffectVolumetric@@QAEPAXI@Z 006150e0 f i Intro.obj
 0001:00014110       ??_GEffectScene@@QAEPAXI@Z 00615110 f i Intro.obj
 0001:00014140       ??_GEffectTranslucency@@QAEPAXI@Z 00615140 f i Intro.obj
 0001:00014170       ??_GEffectRoom@@QAEPAXI@Z  00615170 f i Intro.obj
 0001:000141a0       ??_GScene@@QAEPAXI@Z       006151a0 f i Intro.obj
 0001:000141d0       ??_GCamera@@QAEPAXI@Z      006151d0 f i Intro.obj
 0001:00014200       ?DXSwapChain@Device@@QAEAAUIDXGISwapChain@@XZ 00615200 f i Intro.obj
 0001:00014220       ??0?$CB@UCBGlobal@@@@QAE@AAVDevice@@H_N@Z 00615220 f i Intro.obj
 0001:00014290       ??0?$CB@UCBTest@@@@QAE@AAVDevice@@H_N@Z 00615290 f i Intro.obj
 0001:000142f0       ??_G?$CB@UCBData@Camera@@@@UAEPAXI@Z 006152f0 f i Camera.obj
 0001:000142f0       ??_G?$CB@UCBPrimitive@Primitive@Object@Scene@@@@UAEPAXI@Z 006152f0 f i Scene.obj
 0001:000142f0       ??_E?$CB@UCBSplat@EffectVolumetric@@@@UAEPAXI@Z 006152f0 f i EffectVolumetric.obj
 0001:000142f0       ??_E?$CB@UCBPrimitive@Primitive@Object@Scene@@@@UAEPAXI@Z 006152f0 f i Scene.obj
 0001:000142f0       ??_E?$CB@UCBPreComputeCS@EffectVolumetric@@@@UAEPAXI@Z 006152f0 f i EffectVolumetric.obj
 0001:000142f0       ??_E?$CB@UCBObject@EffectTranslucency@@@@UAEPAXI@Z 006152f0 f i EffectTranslucency.obj
 0001:000142f0       ??_E?$CB@UCBTesselate@EffectRoom@@@@UAEPAXI@Z 006152f0 f i EffectRoom.obj
 0001:000142f0       ??_E?$CB@UCBData@Camera@@@@UAEPAXI@Z 006152f0 f i Camera.obj
 0001:000142f0       ??_G?$CB@UCBPreComputeCS@EffectVolumetric@@@@UAEPAXI@Z 006152f0 f i EffectVolumetric.obj
 0001:000142f0       ??_G?$CB@UCBSplat@EffectVolumetric@@@@UAEPAXI@Z 006152f0 f i EffectVolumetric.obj
 0001:000142f0       ??_E?$CB@UCBObject@EffectRoom@@@@UAEPAXI@Z 006152f0 f i EffectRoom.obj
 0001:000142f0       ??_G?$CB@UCBObject@EffectTranslucency@@@@UAEPAXI@Z 006152f0 f i EffectTranslucency.obj
 0001:000142f0       ??_G?$CB@UCBPass@EffectTranslucency@@@@UAEPAXI@Z 006152f0 f i EffectTranslucency.obj
 0001:000142f0       ??_G?$CB@UCBGlobal@@@@UAEPAXI@Z 006152f0 f i Intro.obj
 0001:000142f0       ??_G?$CB@UCBAtmosphere@EffectVolumetric@@@@UAEPAXI@Z 006152f0 f i EffectVolumetric.obj
 0001:000142f0       ??_E?$CB@UCBObject@Object@Scene@@@@UAEPAXI@Z 006152f0 f i Scene.obj
 0001:000142f0       ??_G?$CB@UCBRender@EffectScene@@@@UAEPAXI@Z 006152f0 f i EffectScene.obj
 0001:000142f0       ??_E?$CB@UCBPass@EffectTranslucency@@@@UAEPAXI@Z 006152f0 f i EffectTranslucency.obj
 0001:000142f0       ??_G?$CB@UCBLight@EffectScene@@@@UAEPAXI@Z 006152f0 f i EffectScene.obj
 0001:000142f0       ??_G?$CB@UCBShadow@EffectVolumetric@@@@UAEPAXI@Z 006152f0 f i EffectVolumetric.obj
 0001:000142f0       ??_G?$CB@UCBObject@EffectVolumetric@@@@UAEPAXI@Z 006152f0 f i EffectVolumetric.obj
 0001:000142f0       ??_E?$CB@UCBRender@EffectScene@@@@UAEPAXI@Z 006152f0 f i EffectScene.obj
 0001:000142f0       ??_E?$CB@UCBVolume@EffectVolumetric@@@@UAEPAXI@Z 006152f0 f i EffectVolumetric.obj
 0001:000142f0       ??_G?$CB@UCBDiffusion@EffectTranslucency@@@@UAEPAXI@Z 006152f0 f i EffectTranslucency.obj
 0001:000142f0       ??_E?$CB@UCBAtmosphere@EffectVolumetric@@@@UAEPAXI@Z 006152f0 f i EffectVolumetric.obj
 0001:000142f0       ??_E?$CB@UCBRender@?BJ@??BuildRoom@EffectRoom@@IAEXABVTextureBuilder@@@Z@@@UAEPAXI@Z 006152f0 f i EffectRoom.obj
 0001:000142f0       ??_G?$CB@UCBTesselate@EffectRoom@@@@UAEPAXI@Z 006152f0 f i EffectRoom.obj
 0001:000142f0       ??_G?$CB@UCBRender@?BJ@??BuildRoom@EffectRoom@@IAEXABVTextureBuilder@@@Z@@@UAEPAXI@Z 006152f0 f i EffectRoom.obj
 0001:000142f0       ??_E?$CB@UCBDiffusion@EffectTranslucency@@@@UAEPAXI@Z 006152f0 f i EffectTranslucency.obj
 0001:000142f0       ??_E?$CB@UCBLight@EffectScene@@@@UAEPAXI@Z 006152f0 f i EffectScene.obj
 0001:000142f0       ??_E?$CB@UCBShadow@EffectVolumetric@@@@UAEPAXI@Z 006152f0 f i EffectVolumetric.obj
 0001:000142f0       ??_E?$CB@UCBTest@@@@UAEPAXI@Z 006152f0 f i Intro.obj
 0001:000142f0       ??_G?$CB@UCBObject@EffectRoom@@@@UAEPAXI@Z 006152f0 f i EffectRoom.obj
 0001:000142f0       ??_E?$CB@UCBObject@EffectVolumetric@@@@UAEPAXI@Z 006152f0 f i EffectVolumetric.obj
 0001:000142f0       ??_G?$CB@UCBVolume@EffectVolumetric@@@@UAEPAXI@Z 006152f0 f i EffectVolumetric.obj
 0001:000142f0       ??_G?$CB@UCBTest@@@@UAEPAXI@Z 006152f0 f i Intro.obj
 0001:000142f0       ??_E?$CB@UCBGlobal@@@@UAEPAXI@Z 006152f0 f i Intro.obj
 0001:000142f0       ??_G?$CB@UCBObject@Object@Scene@@@@UAEPAXI@Z 006152f0 f i Scene.obj
 0001:00014320       ??0DictionaryU32@@QAE@H@Z  00615320 f   Hashtable.obj
 0001:000143a0       ??1DictionaryU32@@QAE@XZ   006153a0 f   Hashtable.obj
 0001:00014420       ?Get@DictionaryU32@@QBEPAXI@Z 00615420 f   Hashtable.obj
 0001:000144a0       ?Add@DictionaryU32@@QAEXIPAX@Z 006154a0 f   Hashtable.obj
 0001:00014530       ?Remove@DictionaryU32@@QAEXI@Z 00615530 f   Hashtable.obj
 0001:000145c0       ?ForEach@DictionaryU32@@QAEXP6IXAAPAXPAX@Z1@Z 006155c0 f   Hashtable.obj
 0001:00014620       ?QuatFromAngleAxis@NjFloat4@@SI?AV1@MABVNjFloat3@@@Z 00615620 f   Math.obj
 0001:000146f0       ?Inverse@NjFloat4x4@@QBE?AV1@XZ 006156f0 f   Math.obj
 0001:00014880       ?Determinant@NjFloat4x4@@QBEMXZ 00615880 f   Math.obj
 0001:000148f0       ?CoFactor@NjFloat4x4@@QBEMHH@Z 006158f0 f   Math.obj
 0001:00014b40       ??D@YI?AVNjFloat4@@ABV0@ABVNjFloat4x4@@@Z 00615b40 f   Math.obj
 0001:00014c60       ?FromQuat@NjFloat4x4@@QAEAAV1@ABVNjFloat4@@@Z 00615c60 f   Math.obj
 0001:00014dc0       ?PRS@NjFloat4x4@@QAEAAV1@ABVNjFloat3@@ABVNjFloat4@@0@Z 00615dc0 f   Math.obj
 0001:00014ee0       ?BuildFromPRS@NjFloat4x4@@SI?AV1@ABVNjFloat3@@ABVNjFloat4@@0@Z 00615ee0 f   Math.obj
 0001:00014f20       ?Rot@NjFloat4x4@@QAEAAV1@ABVNjFloat3@@0@Z 00615f20 f   Math.obj
 0001:00014ff0       ?RotX@NjFloat4x4@@QAEAAV1@M@Z 00615ff0 f   Math.obj
 0001:00015060       ?RotY@NjFloat4x4@@QAEAAV1@M@Z 00616060 f   Math.obj
 0001:000150d0       ?RotZ@NjFloat4x4@@QAEAAV1@M@Z 006160d0 f   Math.obj
 0001:00015140       ?PYR@NjFloat4x4@@QAEAAV1@MMM@Z 00616140 f   Math.obj
 0001:000151d0       ??0NjHalf@@QAE@M@Z         006161d0 f   Math.obj
 0001:000152a0       ??BNjHalf@@QBEMXZ          006162a0 f   Math.obj
 0001:00015380       ??DNjFloat4x4@@QBE?AV0@ABV0@@Z 00616380 f   Math.obj
 0001:00015730       ??RNjFloat4x4@@QAEAAMHH@Z  00616730 f   Math.obj
 0001:000157e0       ?Normalize@NjFloat4@@QAEAAV1@XZ 006167e0 f i Math.obj
 0001:00015840       ?Length@NjFloat4@@QBEMXZ   00616840 f i Math.obj
 0001:00015890       ?FromAngleAxis@NjFloat4x4@@QAEAAV1@MABVNjFloat3@@@Z 00616890 f i Math.obj
 0001:000158c0       ??0DrawUtils@@QAE@XZ       006168c0 f   Draw.obj
 0001:000159b0       ?SetupSurface@DrawUtils@@QAEXHHPAUPixel@@@Z 006169b0 f   Draw.obj
 0001:000159f0       ?SetupSurface@DrawUtils@@QAEXAAVTextureBuilder@@@Z 006169f0 f   Draw.obj
 0001:00015a30       ?SetupTransform@DrawUtils@@QAEXMMM@Z 00616a30 f   Draw.obj
 0001:00015ac0       ?DrawRectangle@DrawUtils@@QBEXMMMMMMP6IXABUDrawInfos@1@AAUPixel@@@ZPAX@Z 00616ac0 f   Draw.obj
 0001:00015c20       ?DrawPixel@DrawContextRECT@DrawUtils@@UAEXXZ 00616c20 f   Draw.obj
 0001:00015e80       ?DrawLine@DrawUtils@@QBEXMMMMMP6IXABUDrawInfos@1@AAUPixel@@@ZPAX@Z 00616e80 f   Draw.obj
 0001:00016160       ?DrawPixel@DrawContextLINE@DrawUtils@@UAEXXZ 00617160 f   Draw.obj
 0001:00016280       ?DrawEllipse@DrawUtils@@QBEXMMMMMMP6IXABUDrawInfos@1@AAUPixel@@@ZPAX@Z 00617280 f   Draw.obj
 0001:000163c0       ?DrawPixel@DrawContextELLIPSE@DrawUtils@@UAEXXZ 006173c0 f   Draw.obj
 0001:000164e0       ?DrawScratch@DrawUtils@@QBEXABVNjFloat2@@0MMMMMP6IXABUDrawInfos@1@AAUPixel@@MM@ZPAX@Z 006174e0 f   Draw.obj
 0001:000168e0       ?DrawPixel@DrawContextSCRATCH@DrawUtils@@UAEXXZ 006178e0 f   Draw.obj
 0001:000169d0       ?Transform@DrawUtils@@IBEXABVNjFloat4@@AAV2@@Z 006179d0 f   Draw.obj
 0001:00016a40       ?DrawQuad@DrawUtils@@IBEXQAVNjFloat4@@AAUDrawContext@1@@Z 00617a40 f   Draw.obj
 0001:000171a0       ??0DrawInfos@DrawUtils@@QAE@XZ 006181a0 f i Draw.obj
 0001:000171c0       ??0DrawContextRECT@DrawUtils@@QAE@XZ 006181c0 f i Draw.obj
 0001:000171e0       ?NewScanline@DrawContext@DrawUtils@@UAEXXZ 006181e0 f i Draw.obj
 0001:00017250       ??0DrawContextLINE@DrawUtils@@QAE@XZ 00618250 f i Draw.obj
 0001:00017270       ??0DrawContextELLIPSE@DrawUtils@@QAE@XZ 00618270 f i Draw.obj
 0001:00017290       ??0DrawContextSCRATCH@DrawUtils@@QAE@XZ 00618290 f i Draw.obj
 0001:000172b0       ??0DrawContext@DrawUtils@@QAE@XZ 006182b0 f i Draw.obj
 0001:000172e0       ?GetWidth@TextureBuilder@@QBEHXZ 006182e0 f i Draw.obj
 0001:000172e0       ?DXDevice@Device@@QAEAAUID3D11Device@@XZ 006182e0 f i ComputeShader.obj
 0001:000172e0       ?GetErrorCode@EffectVolumetric@@QBEHXZ 006182e0 f i Intro.obj
 0001:000172f0       ??KNjFloat2@@QBE?AV0@M@Z   006182f0 f i Draw.obj
 0001:00017330       ??0NjFloat4@@QAE@ABVNjFloat2@@MM@Z 00618330 f i Draw.obj
 0001:00017370       ?Normalize@NjFloat2@@QAEAAV1@XZ 00618370 f i Draw.obj
 0001:000173b0       ??UNjFloat2@@QBEMABV0@@Z   006183b0 f i Draw.obj
 0001:000173e0       ??GNjFloat4@@QBE?AV0@ABV0@@Z 006183e0 f i Draw.obj
 0001:00017440       ??KNjFloat4@@QBE?AV0@M@Z   00618440 f i Draw.obj
 0001:00017490       ?FillBlurGaussianHW@@YIXHHABVNjFloat2@@AAUPixel@@PAX@Z 00618490 f   Filters.obj
 0001:000176f0       ?FillBlurGaussianVW@@YIXHHABVNjFloat2@@AAUPixel@@PAX@Z 006186f0 f   Filters.obj
 0001:00017900       ?FillBlurGaussianHC@@YIXHHABVNjFloat2@@AAUPixel@@PAX@Z 00618900 f   Filters.obj
 0001:00017b10       ?FillBlurGaussianVC@@YIXHHABVNjFloat2@@AAUPixel@@PAX@Z 00618b10 f   Filters.obj
 0001:00017d20       ?BlurGaussian@Filters@@SIXAAVTextureBuilder@@MM_NM@Z 00618d20 f   Filters.obj
 0001:00017ff0       ?FillUnsharpMaskSubtract@@YIXHHABVNjFloat2@@AAUPixel@@PAX@Z 00618ff0 f   Filters.obj
 0001:000180f0       ?UnsharpMask@Filters@@SIXAAVTextureBuilder@@M@Z 006190f0 f   Filters.obj
 0001:00018160       ?FillBCG@@YIXHHABVNjFloat2@@AAUPixel@@PAX@Z 00619160 f   Filters.obj
 0001:00018230       ?BrightnessContrastGamma@Filters@@SIXAAVTextureBuilder@@MMM@Z 00619230 f   Filters.obj
 0001:00018290       ?FillEmboss@@YIXHHABVNjFloat2@@AAUPixel@@PAX@Z 00619290 f   Filters.obj
 0001:000183b0       ?Emboss@Filters@@SIXAAVTextureBuilder@@ABVNjFloat2@@M@Z 006193b0 f   Filters.obj
 0001:00018430       ?FillErode@@YIXHHABVNjFloat2@@AAUPixel@@PAX@Z 00619430 f   Filters.obj
 0001:000185a0       ?Erode@Filters@@SIXAAVTextureBuilder@@H@Z 006195a0 f   Filters.obj
 0001:00018620       ?FillDilate@@YIXHHABVNjFloat2@@AAUPixel@@PAX@Z 00619620 f   Filters.obj
 0001:00018790       ?Dilate@Filters@@SIXAAVTextureBuilder@@H@Z 00619790 f   Filters.obj
 0001:00018810       ??0Pixel@@QAE@XZ           00619810 f i Filters.obj
 0001:00018870       ?Max@NjFloat4@@QBE?AV1@ABV1@@Z 00619870 f i Filters.obj
 0001:000188e0       ??UNjFloat4@@QBEMABV0@@Z   006198e0 f i Filters.obj
 0001:00018930       ??0__EmbossStruct@@QAE@XZ  00619930 f i Filters.obj
 0001:00018950       ?Min@NjFloat4@@QBE?AV1@ABV1@@Z 00619950 f i Filters.obj
 0001:000189c0       ?FillNormal@@YIXHHABVNjFloat2@@AAUPixel@@PAX@Z 006199c0 f   Generators.obj
 0001:00018bb0       ?ComputeNormal@Generators@@SIXABVTextureBuilder@@AAV2@M_N@Z 00619bb0 f   Generators.obj
 0001:00018bf0       ?FillAO@@YIXHHABVNjFloat2@@AAUPixel@@PAX@Z 00619bf0 f   Generators.obj
 0001:00018d70       ?ComputeAO@Generators@@SIXABVTextureBuilder@@AAV2@MHH_N@Z 00619d70 f   Generators.obj
 0001:00018dc0       ?FillDirtyness@@YIXHHABVNjFloat2@@AAUPixel@@PAX@Z 00619dc0 f   Generators.obj
 0001:00018f50       ?Dirtyness@Generators@@SIXAAVTextureBuilder@@ABVNoise@@MMMMM@Z 00619f50 f   Generators.obj
 0001:00019020       ?LCGRandom@@YIIAAI@Z       0061a020 f   Generators.obj
 0001:00019050       ?FillMarble@@YIXHHABVNjFloat2@@AAUPixel@@PAX@Z 0061a050 f   Generators.obj
 0001:000190d0       ?Marble@Generators@@SIXAAVTextureBuilder@@MHMMMMM@Z 0061a0d0 f   Generators.obj
 0001:000192f0       ??0Noise@@QAE@H@Z          0061a2f0 f   Noise.obj
 0001:00019900       ??1Noise@@QAE@XZ           0061a900 f   Noise.obj
 0001:000199c0       ?Perlin@Noise@@QBEMM@Z     0061a9c0 f   Noise.obj
 0001:00019ac0       ?Perlin@Noise@@QBEMABVNjFloat2@@@Z 0061aac0 f   Noise.obj
 0001:00019ca0       ?Perlin@Noise@@QBEMABVNjFloat3@@@Z 0061aca0 f   Noise.obj
 0001:0001a060       ?Perlin@Noise@@QBEMABVNjFloat4@@@Z 0061b060 f   Noise.obj
 0001:0001a9e0       ?Perlin@Noise@@QBEMABVNjFloat4@@M@Z 0061b9e0 f   Noise.obj
 0001:0001c0a0       ?Perlin@Noise@@QBEMABVNjFloat4@@ABVNjFloat2@@@Z 0061d0a0 f   Noise.obj
 0001:0001f400       ?PerlinVector@Noise@@QBE?AVNjFloat2@@ABV2@@Z 00620400 f   Noise.obj
 0001:0001f470       ?PerlinVector@Noise@@QBE?AVNjFloat3@@ABV2@@Z 00620470 f   Noise.obj
 0001:0001f530       ?SetWrappingParameters@Noise@@QAEXMI@Z 00620530 f   Noise.obj
 0001:0001f5e0       ?WrapPerlin@Noise@@QBEMM@Z 006205e0 f   Noise.obj
 0001:0001f640       ?WrapPerlin@Noise@@QBEMABVNjFloat2@@@Z 00620640 f   Noise.obj
 0001:0001f6f0       ?WrapPerlin@Noise@@QBEMABVNjFloat3@@@Z 006206f0 f   Noise.obj
 0001:0001f800       ?SetCellularWrappingParameters@Noise@@QAEXHHH@Z 00620800 f   Noise.obj
 0001:0001f830       ?CellularGetCenter@Noise@@QBEXHHAAVNjFloat2@@_N@Z 00620830 f   Noise.obj
 0001:0001f910       ?CellularGetCenter@Noise@@QBEXHHHAAVNjFloat3@@_N@Z 00620910 f   Noise.obj
 0001:0001fa50       ?Cellular@Noise@@QBEMABVNjFloat2@@P6IMQAMQAH22PAX@Z3_N@Z 00620a50 f   Noise.obj
 0001:0001fcb0       ?Cellular@Noise@@QBEMABVNjFloat3@@P6IMQAMQAH22PAX@Z3_N@Z 00620cb0 f   Noise.obj
 0001:00020020       ?Worley@Noise@@QBEMABVNjFloat2@@P6IMQAMQAH22PAX@Z3_N@Z 00621020 f   Noise.obj
 0001:000202b0       ?Worley@Noise@@QBEMABVNjFloat3@@P6IMQAMQAH22PAX@Z3_N@Z 006212b0 f   Noise.obj
 0001:00020650       ?LCGRandom@Noise@@SIIAAI@Z 00621650 f   Noise.obj
 0001:00020680       ?PoissonPointsCount@Noise@@ABEHI@Z 00621680 f   Noise.obj
 0001:000206e0       ?Create2DWaveletNoiseTile@Noise@@QAEXH@Z 006216e0 f   Noise.obj
 0001:00021080       ?Wavelet@Noise@@QBEMABVNjFloat2@@@Z 00622080 f   Noise.obj
 0001:00021270       ?FractionalBrownianMotion@Noise@@QBEMP6IMABVNjFloat2@@PAX@Z10MMH@Z 00622270 f   Noise.obj
 0001:00021310       ?RidgedMultiFractal@Noise@@QBEMP6IMABVNjFloat2@@PAX@Z10MMH@Z 00622310 f   Noise.obj
 0001:00021400       ?Lerp@Noise@@ABEMMMM@Z     00622400 f i Noise.obj
 0001:00021420       ?SCurve@Noise@@ABEMM@Z     00622420 f i Noise.obj
 0001:00021450       ?Dot@Noise@@ABEMIM@Z       00622450 f i Noise.obj
 0001:00021470       ?BiLerp@Noise@@ABEMMMMMMM@Z 00622470 f i Noise.obj
 0001:000214d0       ?Dot@Noise@@ABEMIMM@Z      006224d0 f i Noise.obj
 0001:00021510       ?TriLerp@Noise@@ABEMMMMMMMMMMMM@Z 00622510 f i Noise.obj
 0001:000215a0       ?Dot@Noise@@ABEMIMMM@Z     006225a0 f i Noise.obj
 0001:000215e0       ?Dot@Noise@@ABEMIMMMM@Z    006225e0 f i Noise.obj
 0001:00021630       ?Dot@Noise@@ABEMIMMMMM@Z   00622630 f i Noise.obj
 0001:00021690       ?Dot@Noise@@ABEMIMMMMMM@Z  00622690 f i Noise.obj
 0001:000216f0       ?LengthSq@NjFloat2@@QBEMXZ 006226f0 f i Noise.obj
 0001:00021720       ?LengthSq@NjFloat3@@QBEMXZ 00622720 f i Noise.obj
 0001:00021760       ?BuildSphere@GeometryBuilder@@SIXHHAAVIGeometryWriter@1@PBVMapperBase@1@P6IXAAVNjFloat3@@22AAVNjFloat2@@PAX@Z4@Z 00622760 f   GeometryBuilder.obj
 0001:00021df0       ?BuildCylinder@GeometryBuilder@@SIXHH_NAAVIGeometryWriter@1@PBVMapperBase@1@P6IXAAVNjFloat3@@33AAVNjFloat2@@PAX@Z5@Z 00622df0 f   GeometryBuilder.obj
 0001:00022500       ?BuildTorus@GeometryBuilder@@SIXHHMMAAVIGeometryWriter@1@PBVMapperBase@1@P6IXAAVNjFloat3@@22AAVNjFloat2@@PAX@Z4@Z 00623500 f   GeometryBuilder.obj
 0001:000229f0       ?BuildPlane@GeometryBuilder@@SIXHHABVNjFloat3@@0AAVIGeometryWriter@1@PBVMapperBase@1@P6IXAAV2@33AAVNjFloat2@@PAX@Z5@Z 006239f0 f   GeometryBuilder.obj
 0001:00022e20       ?BuildCube@GeometryBuilder@@SIXHHHAAVIGeometryWriter@1@PBVMapperBase@1@P6IXAAVNjFloat3@@22AAVNjFloat2@@PAX@Z4@Z 00623e20 f   GeometryBuilder.obj
 0001:000236c0       ?WriteVertex@GeometryBuilder@@CIXAAVIGeometryWriter@1@PAXABVNjFloat3@@22ABVNjFloat2@@P6IXAAV3@44AAV4@1@Z1@Z 006246c0 f   GeometryBuilder.obj
 0001:00023780       ??0MapperSpherical@GeometryBuilder@@QAE@MMABVNjFloat3@@00@Z 00624780 f   GeometryBuilder.obj
 0001:00023860       ?Map@MapperSpherical@GeometryBuilder@@UBEXABVNjFloat3@@00AAVNjFloat2@@_N@Z 00624860 f   GeometryBuilder.obj
 0001:000239a0       ??0MapperCylindrical@GeometryBuilder@@QAE@MMABVNjFloat3@@00@Z 006249a0 f   GeometryBuilder.obj
 0001:00023a80       ?Map@MapperCylindrical@GeometryBuilder@@UBEXABVNjFloat3@@00AAVNjFloat2@@_N@Z 00624a80 f   GeometryBuilder.obj
 0001:00023b60       ??0MapperPlanar@GeometryBuilder@@QAE@MMABVNjFloat3@@00@Z 00624b60 f   GeometryBuilder.obj
 0001:00023be0       ?Map@MapperPlanar@GeometryBuilder@@UBEXABVNjFloat3@@00AAVNjFloat2@@_N@Z 00624be0 f   GeometryBuilder.obj
 0001:00023c40       ??0MapperCube@GeometryBuilder@@QAE@MMABVNjFloat3@@000@Z 00624c40 f   GeometryBuilder.obj
 0001:00023d70       ?Map@MapperCube@GeometryBuilder@@UBEXABVNjFloat3@@00AAVNjFloat2@@_N@Z 00624d70 f   GeometryBuilder.obj
 0001:00024030       ??0MapperBase@GeometryBuilder@@QAE@XZ 00625030 f i GeometryBuilder.obj
 0001:00024050       @atan2f@8                  00625050 f i GeometryBuilder.obj
 0001:00024080       ??0RayTracer@@QAE@XZ       00625080 f   RayTracer.obj
 0001:000240a0       ??1RayTracer@@QAE@XZ       006250a0 f   RayTracer.obj
 0001:000240c0       ?InitGeometry@RayTracer@@QAEXHPBUQuad@1@@Z 006250c0 f   RayTracer.obj
 0001:00024240       ?Trace@RayTracer@@QAE_NAAURay@1@@Z 00625240 f   RayTracer.obj
 0001:00024430       ?ExitGeometry@RayTracer@@QAEXXZ 00625430 f   RayTracer.obj
 0001:00024470       ??0Quad_Internal@RayTracer@@QAE@XZ 00625470 f i RayTracer.obj
 0001:000244a0       ??0Quad@RayTracer@@QAE@XZ  006254a0 f i RayTracer.obj
 0001:000244e0       ??0TextureBuilder@@QAE@HH@Z 006254e0 f   TextureBuilder.obj
 0001:00024640       ??1TextureBuilder@@QAE@XZ  00625640 f   TextureBuilder.obj
 0001:000246c0       ?GetLastConvertedMips@TextureBuilder@@QBEPAPBXXZ 006256c0 f   TextureBuilder.obj
 0001:00024700       ?CopyFiller@Fillers@@YIXHHABVNjFloat2@@AAUPixel@@PAX@Z 00625700 f   TextureBuilder.obj
 0001:00024750       ?CopyFromFast@TextureBuilder@@QAEXABV1@@Z 00625750 f   TextureBuilder.obj
 0001:000247a0       ?CopyFrom@TextureBuilder@@QAEXABV1@@Z 006257a0 f   TextureBuilder.obj
 0001:000248d0       ?Clear@TextureBuilder@@QAEXABUPixel@@@Z 006258d0 f   TextureBuilder.obj
 0001:00024980       ?Fill@TextureBuilder@@QAEXP6IXHHABVNjFloat2@@AAUPixel@@PAX@Z2@Z 00625980 f   TextureBuilder.obj
 0001:00024a30       ?Get@TextureBuilder@@QBEXHHHAAUPixel@@@Z 00625a30 f   TextureBuilder.obj
 0001:00024b20       ?SampleWrap@TextureBuilder@@QBEXMMHAAUPixel@@@Z 00625b20 f   TextureBuilder.obj
 0001:00024eb0       ?SampleClamp@TextureBuilder@@QBEXMMHAAUPixel@@@Z 00625eb0 f   TextureBuilder.obj
 0001:000251e0       ?GenerateMips@TextureBuilder@@QBEX_N0@Z 006261e0 f   TextureBuilder.obj
 0001:00025640       ?Convert@TextureBuilder@@QBEPAPAXABVIPixelFormatDescriptor@@ABUConversionParams@1@AAHM_NM@Z 00626640 f   TextureBuilder.obj
 0001:00025b40       ?CreateTexture@TextureBuilder@@QBEPAVTexture2D@@ABVIPixelFormatDescriptor@@ABUConversionParams@1@_N2@Z 00626b40 f   TextureBuilder.obj
 0001:00025be0       ?Concat@TextureBuilder@@QBEPAVTexture2D@@HQAPAPAXQAHABVIPixelFormatDescriptor@@_N3@Z 00626be0 f   TextureBuilder.obj
 0001:00025d70       ?BuildComponent@TextureBuilder@@ABEMHABUConversionParams@1@AAUPixel@@11@Z 00626d70 f   TextureBuilder.obj
 0001:00025f40       ?sRGB2Linear@TextureBuilder@@SIMM@Z 00626f40 f   TextureBuilder.obj
 0001:00025fc0       ?Linear2sRGB@TextureBuilder@@SIMM@Z 00626fc0 f   TextureBuilder.obj
 0001:00026010       ?ReleaseSpecificBuffer@TextureBuilder@@ABEXXZ 00627010 f   TextureBuilder.obj
 0001:00026080       ?LoadFromRAWFile@TextureBuilder@@QAEXPBD_N@Z 00627080 f   TextureBuilder.obj
 0001:000262b0       ?LoadFromFloatFile@TextureBuilder@@QAEXPBD@Z 006272b0 f   TextureBuilder.obj
 0001:00026460       ??0Component@@QAE@AAVDevice@@@Z 00627460 f   Component.obj
 0001:000264b0       ??1Component@@UAE@XZ       006274b0 f   Component.obj
 0001:000264e0       ?Check@Component@@QBEXJ@Z  006274e0 f   Component.obj
 0001:00026500       ??_EComponent@@UAEPAXI@Z   00627500 f i Component.obj
 0001:00026500       ??_GComponent@@UAEPAXI@Z   00627500 f i Component.obj
 0001:00026530       ??0ComputeShader@@QAE@AAVDevice@@PBD1PAU_D3D_SHADER_MACRO@@1PAUID3DInclude@@@Z 00627530 f   ComputeShader.obj
 0001:000266f0       ??0ComputeShader@@QAE@AAVDevice@@PBDPAUID3D10Blob@@@Z 006276f0 f   ComputeShader.obj
 0001:000267a0       ??1ComputeShader@@UAE@XZ   006277a0 f   ComputeShader.obj
 0001:00026870       ?CompileShaders@ComputeShader@@AAEXPBDPAUID3D10Blob@@@Z 00627870 f   ComputeShader.obj
 0001:000269e0       ?Use@ComputeShader@@QAEXXZ 006279e0 f   ComputeShader.obj
 0001:00026a40       ?Dispatch@ComputeShader@@QAEXHHH@Z 00627a40 f   ComputeShader.obj
 0001:00026ac0       ?Open@ComputeShader@@UAGJW4_D3D_INCLUDE_TYPE@@PBDPBXPAPBXPAI@Z 00627ac0 f   ComputeShader.obj
 0001:00026b20       ?Close@ComputeShader@@UAGJPBX@Z 00627b20 f   ComputeShader.obj
 0001:00026b50       ?SetConstantBuffer@ComputeShader@@QAEXHAAVConstantBuffer@@@Z 00627b50 f   ComputeShader.obj
 0001:00026bb0       ?SetTexture@ComputeShader@@QAEXHPAUID3D11ShaderResourceView@@@Z 00627bb0 f   ComputeShader.obj
 0001:00026c10       ?SetStructuredBuffer@ComputeShader@@QAEXHAAVStructuredBuffer@@@Z 00627c10 f   ComputeShader.obj
 0001:00026c70       ?SetUnorderedAccessView@ComputeShader@@QAEXHAAVStructuredBuffer@@@Z 00627c70 f   ComputeShader.obj
 0001:00026ce0       ?Lock@ComputeShader@@ABE_NXZ 00627ce0 f   ComputeShader.obj
 0001:00026cf0       ?Unlock@ComputeShader@@ABEXXZ 00627cf0 f   ComputeShader.obj
 0001:00026d00       ?CopyString@ComputeShader@@ABEPBDPBD@Z 00627d00 f   ComputeShader.obj
 0001:00026d60       ?WatchShadersModifications@ComputeShader@@SIXXZ 00627d60 f   ComputeShader.obj
 0001:00026dd0       ?WatchShaderModifications@ComputeShader@@QAEXXZ 00627dd0 f   ComputeShader.obj
 0001:00026f30       ?ForceRecompile@ComputeShader@@QAEXXZ 00627f30 f   ComputeShader.obj
 0001:00026f60       ?GetFileModTime@ComputeShader@@AAE_JPBD@Z 00627f60 f   ComputeShader.obj
 0001:00026f90       ?CreateFromBinaryBlob@ComputeShader@@SIPAV1@AAVDevice@@PBD1@Z 00627f90 f   ComputeShader.obj
 0001:00027040       ??_EComputeShader@@UAEPAXI@Z 00628040 f i ComputeShader.obj
 0001:00027040       ??_GComputeShader@@UAEPAXI@Z 00628040 f i ComputeShader.obj
 0001:00027070       ?DXContext@Device@@QAEAAUID3D11DeviceContext@@XZ 00628070 f i ComputeShader.obj
 0001:00027070       ?GetHeight@TextureBuilder@@QBEHXZ 00628070 f i Draw.obj
 0001:00027070       ??$GetMappedMemory@UParametersBlock@EffectVolumetric@@@MemoryMappedFile@@QAEAAUParametersBlock@EffectVolumetric@@XZ 00628070 f i EffectVolumetric.obj
 0001:00027090       ?GetBuffer@ConstantBuffer@@QAEPAUID3D11Buffer@@XZ 00628090 f i ComputeShader.obj
 0001:000270b0       ?Add@?$DictionaryString@PAVMaterial@@@@QAEXPBDABQAVMaterial@@@Z 006280b0 f i Material.obj
 0001:000270b0       ?Add@?$DictionaryString@PAVComputeShader@@@@QAEXPBDABQAVComputeShader@@@Z 006280b0 f i ComputeShader.obj
 0001:000270e0       ?Remove@?$DictionaryString@PAVComputeShader@@@@QAEXPBD@Z 006280e0 f i ComputeShader.obj
 0001:000270e0       ?Remove@?$DictionaryString@PAVMaterial@@@@QAEXPBD@Z 006280e0 f i Material.obj
 0001:000271b0       ??0?$DictionaryString@PAVComputeShader@@@@QAE@H@Z 006281b0 f i ComputeShader.obj
 0001:00027220       ??1?$DictionaryString@PAVMaterial@@@@QAE@XZ 00628220 f i Material.obj
 0001:00027220       ??1?$DictionaryString@PAVComputeShader@@@@QAE@XZ 00628220 f i ComputeShader.obj
 0001:000272c0       ??0ConstantBuffer@@QAE@AAVDevice@@HPAX_N@Z 006282c0 f   ConstantBuffer.obj
 0001:00027450       ??1ConstantBuffer@@UAE@XZ  00628450 f   ConstantBuffer.obj
 0001:000274e0       ?UpdateData@ConstantBuffer@@QAEXPBX@Z 006284e0 f   ConstantBuffer.obj
 0001:00027590       ?Set@ConstantBuffer@@QAEXH@Z 00628590 f   ConstantBuffer.obj
 0001:000275f0       ?SetVS@ConstantBuffer@@QAEXH@Z 006285f0 f   ConstantBuffer.obj
 0001:00027660       ?SetHS@ConstantBuffer@@QAEXH@Z 00628660 f   ConstantBuffer.obj
 0001:000276e0       ?SetDS@ConstantBuffer@@QAEXH@Z 006286e0 f   ConstantBuffer.obj
 0001:00027760       ?SetGS@ConstantBuffer@@QAEXH@Z 00628760 f   ConstantBuffer.obj
 0001:000277d0       ?SetPS@ConstantBuffer@@QAEXH@Z 006287d0 f   ConstantBuffer.obj
 0001:00027840       ?SetCS@ConstantBuffer@@QAEXH@Z 00628840 f   ConstantBuffer.obj
 0001:000278c0       ??_EConstantBuffer@@UAEPAXI@Z 006288c0 f i ConstantBuffer.obj
 0001:000278c0       ??_GConstantBuffer@@UAEPAXI@Z 006288c0 f i ConstantBuffer.obj
 0001:000278f0       ??0Material@@QAE@AAVDevice@@ABVIVertexFormatDescriptor@@PBD2PAU_D3D_SHADER_MACRO@@22222PAUID3DInclude@@@Z 006288f0 f   Material.obj
 0001:00027b40       ??0Material@@QAE@AAVDevice@@ABVIVertexFormatDescriptor@@PBDPAUID3D10Blob@@3333@Z 00628b40 f   Material.obj
 0001:00027c60       ??1Material@@UAE@XZ        00628c60 f   Material.obj
 0001:00027e00       ?CompileShaders@Material@@AAEXPBDPAUID3D10Blob@@1111@Z 00628e00 f   Material.obj
 0001:00028610       ?CompileShader@Material@@SIPAUID3D10Blob@@PBD0PAU_D3D_SHADER_MACRO@@00PAUID3DInclude@@_N@Z 00629610 f   Material.obj
 0001:000287d0       ?Use@Material@@QAEXXZ      006297d0 f   Material.obj
 0001:00028900       ?Open@Material@@UAGJW4_D3D_INCLUDE_TYPE@@PBDPBXPAPBXPAI@Z 00629900 f   Material.obj
 0001:00028960       ?Close@Material@@UAGJPBX@Z 00629960 f   Material.obj
 0001:00028990       ?SetConstantBuffer@Material@@QAEXHAAVConstantBuffer@@@Z 00629990 f   Material.obj
 0001:00028ab0       ?SetTexture@Material@@QAEXHPAUID3D11ShaderResourceView@@@Z 00629ab0 f   Material.obj
 0001:00028bd0       ?Lock@Material@@ABE_NXZ    00629bd0 f   Material.obj
 0001:00028be0       ?Unlock@Material@@ABEXXZ   00629be0 f   Material.obj
 0001:00028bf0       ?CopyString@Material@@ABEPBDPBD@Z 00629bf0 f   Material.obj
 0001:00028c50       ?WatchShadersModifications@Material@@SIXXZ 00629c50 f   Material.obj
 0001:00028cc0       ?WatchShaderModifications@Material@@QAEXXZ 00629cc0 f   Material.obj
 0001:00028e10       ?ForceRecompile@Material@@QAEXXZ 00629e10 f   Material.obj
 0001:00028e40       ?GetFileModTime@Material@@AAE_JPBD@Z 00629e40 f   Material.obj
 0001:00028e70       ?CreateFromBinaryBlob@Material@@SIPAV1@AAVDevice@@ABVIVertexFormatDescriptor@@PBD22222@Z 00629e70 f   Material.obj
 0001:00028f90       ?SaveBinaryBlob@Material@@SIXPBD0AAUID3D10Blob@@@Z 00629f90 f   Material.obj
 0001:00029220       ?LoadBinaryBlob@Material@@SIPAUID3D10Blob@@PBD0@Z 0062a220 f   Material.obj
 0001:000294f0       ??_GMaterial@@UAEPAXI@Z    0062a4f0 f i Material.obj
 0001:000294f0       ??_EMaterial@@UAEPAXI@Z    0062a4f0 f i Material.obj
 0001:00029520       ?ForEach@?$Dictionary@UTweakableSourceFile@tweakval@@@@QAEXP6IXAAUTweakableSourceFile@tweakval@@PAX@Z1@Z 0062a520 f i tweakval.obj
 0001:00029520       ?ForEach@?$DictionaryString@PAVMaterial@@@@QAEXP6IXAAPAVMaterial@@PAX@Z1@Z 0062a520 f i Material.obj
 0001:00029520       ?ForEach@?$DictionaryString@PAVComputeShader@@@@QAEXP6IXAAPAVComputeShader@@PAX@Z1@Z 0062a520 f i ComputeShader.obj
 0001:00029580       ?Add@?$DictionaryString@PAVMaterial@@@@QAEAAPAVMaterial@@PBD@Z 0062a580 f i Material.obj
 0001:00029580       ?Add@?$DictionaryString@PAVComputeShader@@@@QAEAAPAVComputeShader@@PBD@Z 0062a580 f i ComputeShader.obj
 0001:00029660       ??0?$DictionaryString@PAVMaterial@@@@QAE@H@Z 0062a660 f i Material.obj
 0001:000296d0       ??0Primitive@@QAE@AAVDevice@@HPAXHPAGW4D3D_PRIMITIVE_TOPOLOGY@@ABVIVertexFormatDescriptor@@@Z 0062a6d0 f   Primitive.obj
 0001:00029770       ??0Primitive@@QAE@AAVDevice@@ABVIVertexFormatDescriptor@@@Z 0062a770 f   Primitive.obj
 0001:00029800       ??0Primitive@@QAE@AAVDevice@@HHW4D3D_PRIMITIVE_TOPOLOGY@@ABVIVertexFormatDescriptor@@@Z 0062a800 f   Primitive.obj
 0001:000298a0       ??1Primitive@@UAE@XZ       0062a8a0 f   Primitive.obj
 0001:00029940       ?Render@Primitive@@QAEXAAVMaterial@@@Z 0062a940 f   Primitive.obj
 0001:00029970       ?Render@Primitive@@QAEXAAVMaterial@@HHHHH@Z 0062a970 f   Primitive.obj
 0001:00029af0       ?RenderInstanced@Primitive@@QAEXAAVMaterial@@H@Z 0062aaf0 f   Primitive.obj
 0001:00029b30       ?RenderInstanced@Primitive@@QAEXAAVMaterial@@HHHHHH@Z 0062ab30 f   Primitive.obj
 0001:00029c80       ?Build@Primitive@@AAEXPAXPAG_N@Z 0062ac80 f   Primitive.obj
 0001:00029f70       ?UpdateDynamic@Primitive@@QAEXPAXPAGHH@Z 0062af70 f   Primitive.obj
 0001:0002a0f0       ?CreateBuffers@Primitive@@UAEXHHW4D3D_PRIMITIVE_TOPOLOGY@@AAPAX1AAH2@Z 0062b0f0 f   Primitive.obj
 0001:0002a1b0       ?WriteVertex@Primitive@@UAEXPAXABVNjFloat3@@11ABVNjFloat2@@@Z 0062b1b0 f   Primitive.obj
 0001:0002a1f0       ?WriteIndex@Primitive@@UAEXPAXH@Z 0062b1f0 f   Primitive.obj
 0001:0002a240       ?Finalize@Primitive@@UAEXPAX0@Z 0062b240 f   Primitive.obj
 0001:0002a290       ??_EPrimitive@@UAEPAXI@Z   0062b290 f i Primitive.obj
 0001:0002a290       ??_GPrimitive@@UAEPAXI@Z   0062b290 f i Primitive.obj
 0001:0002a2c0       ??8IVertexFormatDescriptor@@QBE_NABV0@@Z 0062b2c0 f i Primitive.obj
 0001:0002a3d0       ?GetVertexLayout@Material@@QAEPAUID3D11InputLayout@@XZ 0062b3d0 f i Primitive.obj
 0001:0002a410       ??0RasterizerState@@QAE@AAVDevice@@AAUD3D11_RASTERIZER_DESC@@@Z 0062b410 f   States.obj
 0001:0002a490       ??1RasterizerState@@UAE@XZ 0062b490 f   States.obj
 0001:0002a4c0       ??0DepthStencilState@@QAE@AAVDevice@@AAUD3D11_DEPTH_STENCIL_DESC@@@Z 0062b4c0 f   States.obj
 0001:0002a540       ??1DepthStencilState@@UAE@XZ 0062b540 f   States.obj
 0001:0002a570       ??0BlendState@@QAE@AAVDevice@@AAUD3D11_BLEND_DESC@@@Z 0062b570 f   States.obj
 0001:0002a5f0       ??1BlendState@@UAE@XZ      0062b5f0 f   States.obj
 0001:0002a620       ??_GRasterizerState@@UAEPAXI@Z 0062b620 f i States.obj
 0001:0002a620       ??_ERasterizerState@@UAEPAXI@Z 0062b620 f i States.obj
 0001:0002a650       ??_EDepthStencilState@@UAEPAXI@Z 0062b650 f i States.obj
 0001:0002a650       ??_GDepthStencilState@@UAEPAXI@Z 0062b650 f i States.obj
 0001:0002a680       ??_GBlendState@@UAEPAXI@Z  0062b680 f i States.obj
 0001:0002a680       ??_EBlendState@@UAEPAXI@Z  0062b680 f i States.obj
 0001:0002a6b0       ??0StructuredBuffer@@QAE@AAVDevice@@HH_N@Z 0062b6b0 f   StructuredBuffer.obj
 0001:0002a8a0       ??1StructuredBuffer@@UAE@XZ 0062b8a0 f   StructuredBuffer.obj
 0001:0002a910       ?Read@StructuredBuffer@@QBEXPAXH@Z 0062b910 f   StructuredBuffer.obj
 0001:0002aa30       ?Write@StructuredBuffer@@QAEXPAXH@Z 0062ba30 f   StructuredBuffer.obj
 0001:0002ab20       ?Clear@StructuredBuffer@@QAEXQAI@Z 0062bb20 f   StructuredBuffer.obj
 0001:0002ab60       ?Clear@StructuredBuffer@@QAEXABVNjFloat4@@@Z 0062bb60 f   StructuredBuffer.obj
 0001:0002aba0       ?SetInput@StructuredBuffer@@QAEXH@Z 0062bba0 f   StructuredBuffer.obj
 0001:0002ac70       ?SetOutput@StructuredBuffer@@QAEXH@Z 0062bc70 f   StructuredBuffer.obj
 0001:0002ad30       ??_EStructuredBuffer@@UAEPAXI@Z 0062bd30 f i StructuredBuffer.obj
 0001:0002ad30       ??_GStructuredBuffer@@UAEPAXI@Z 0062bd30 f i StructuredBuffer.obj
 0001:0002ad60       ??0Texture2D@@QAE@AAVDevice@@AAUID3D11Texture2D@@ABVIPixelFormatDescriptor@@@Z 0062bd60 f   Texture2D.obj
 0001:0002ae50       ??0Texture2D@@QAE@AAVDevice@@HHHABVIPixelFormatDescriptor@@HPBQBX_N33@Z 0062be50 f   Texture2D.obj
 0001:0002b240       ??0Texture2D@@QAE@AAVDevice@@HHABVIDepthStencilFormatDescriptor@@@Z 0062c240 f   Texture2D.obj
 0001:0002b3e0       ??1Texture2D@@UAE@XZ       0062c3e0 f   Texture2D.obj
 0001:0002b4f0       ?GetShaderView@Texture2D@@QBEPAUID3D11ShaderResourceView@@HHHH@Z 0062c4f0 f   Texture2D.obj
 0001:0002b630       ?GetTargetView@Texture2D@@QBEPAUID3D11RenderTargetView@@HHH@Z 0062c630 f   Texture2D.obj
 0001:0002b710       ?GetUAV@Texture2D@@QBEPAUID3D11UnorderedAccessView@@HHH@Z 0062c710 f   Texture2D.obj
 0001:0002b7f0       ?GetDepthStencilView@Texture2D@@QBEPAUID3D11DepthStencilView@@XZ 0062c7f0 f   Texture2D.obj
 0001:0002b870       ?Set@Texture2D@@QBEXH_NPAUID3D11ShaderResourceView@@@Z 0062c870 f   Texture2D.obj
 0001:0002ba00       ?SetVS@Texture2D@@QBEXH_NPAUID3D11ShaderResourceView@@@Z 0062ca00 f   Texture2D.obj
 0001:0002baa0       ?SetHS@Texture2D@@QBEXH_NPAUID3D11ShaderResourceView@@@Z 0062caa0 f   Texture2D.obj
 0001:0002bb40       ?SetDS@Texture2D@@QBEXH_NPAUID3D11ShaderResourceView@@@Z 0062cb40 f   Texture2D.obj
 0001:0002bbe0       ?SetGS@Texture2D@@QBEXH_NPAUID3D11ShaderResourceView@@@Z 0062cbe0 f   Texture2D.obj
 0001:0002bc80       ?SetPS@Texture2D@@QBEXH_NPAUID3D11ShaderResourceView@@@Z 0062cc80 f   Texture2D.obj
 0001:0002bd20       ?SetCS@Texture2D@@QBEXH_NPAUID3D11ShaderResourceView@@@Z 0062cd20 f   Texture2D.obj
 0001:0002bdc0       ?RemoveFromLastAssignedSlots@Texture2D@@QBEXXZ 0062cdc0 f   Texture2D.obj
 0001:0002be50       ?SetCSUAV@Texture2D@@QBEXHPAUID3D11UnorderedAccessView@@@Z 0062ce50 f   Texture2D.obj
 0001:0002bed0       ?RemoveFromLastAssignedSlotUAV@Texture2D@@QBEXXZ 0062ced0 f   Texture2D.obj
 0001:0002bf30       ?CopyFrom@Texture2D@@QAEXAAV1@@Z 0062cf30 f   Texture2D.obj
 0001:0002bf70       ?Map@Texture2D@@QAEAAUD3D11_MAPPED_SUBRESOURCE@@HH@Z 0062cf70 f   Texture2D.obj
 0001:0002bfd0       ?UnMap@Texture2D@@QAEXHH@Z 0062cfd0 f   Texture2D.obj
 0001:0002c020       ?NextMipSize@Texture2D@@SIXAAH0@Z 0062d020 f   Texture2D.obj
 0001:0002c080       ?ComputeMipLevelsCount@Texture2D@@SIHHHH@Z 0062d080 f   Texture2D.obj
 0001:0002c150       ?CalcSubResource@Texture2D@@QAEHHH@Z 0062d150 f   Texture2D.obj
 0001:0002c170       ?Save@Texture2D@@QAEXPBD@Z 0062d170 f   Texture2D.obj
 0001:0002c2a0       ?Load@Texture2D@@QAEXPBD@Z 0062d2a0 f   Texture2D.obj
 0001:0002c480       ??_GTexture2D@@UAEPAXI@Z   0062d480 f i Texture2D.obj
 0001:0002c480       ??_ETexture2D@@UAEPAXI@Z   0062d480 f i Texture2D.obj
 0001:0002c4b0       ??0Texture3D@@QAE@AAVDevice@@HHHABVIPixelFormatDescriptor@@HPBQBX_N33@Z 0062d4b0 f   Texture3D.obj
 0001:0002c800       ??1Texture3D@@UAE@XZ       0062d800 f   Texture3D.obj
 0001:0002c8f0       ?GetShaderView@Texture3D@@QBEPAUID3D11ShaderResourceView@@HH@Z 0062d8f0 f   Texture3D.obj
 0001:0002c9b0       ?GetTargetView@Texture3D@@QBEPAUID3D11RenderTargetView@@HHH@Z 0062d9b0 f   Texture3D.obj
 0001:0002ca80       ?GetUAV@Texture3D@@QBEPAUID3D11UnorderedAccessView@@HHH@Z 0062da80 f   Texture3D.obj
 0001:0002cb50       ?Set@Texture3D@@QAEXH_NPAUID3D11ShaderResourceView@@@Z 0062db50 f   Texture3D.obj
 0001:0002cce0       ?SetVS@Texture3D@@QAEXH_NPAUID3D11ShaderResourceView@@@Z 0062dce0 f   Texture3D.obj
 0001:0002cd70       ?SetHS@Texture3D@@QAEXH_NPAUID3D11ShaderResourceView@@@Z 0062dd70 f   Texture3D.obj
 0001:0002ce10       ?SetDS@Texture3D@@QAEXH_NPAUID3D11ShaderResourceView@@@Z 0062de10 f   Texture3D.obj
 0001:0002ceb0       ?SetGS@Texture3D@@QAEXH_NPAUID3D11ShaderResourceView@@@Z 0062deb0 f   Texture3D.obj
 0001:0002cf40       ?SetPS@Texture3D@@QAEXH_NPAUID3D11ShaderResourceView@@@Z 0062df40 f   Texture3D.obj
 0001:0002cfd0       ?SetCS@Texture3D@@QAEXH_NPAUID3D11ShaderResourceView@@@Z 0062dfd0 f   Texture3D.obj
 0001:0002d070       ?RemoveFromLastAssignedSlots@Texture3D@@QBEXXZ 0062e070 f   Texture3D.obj
 0001:0002d0e0       ?SetCSUAV@Texture3D@@QBEXHPAUID3D11UnorderedAccessView@@@Z 0062e0e0 f   Texture3D.obj
 0001:0002d160       ?RemoveFromLastAssignedSlotUAV@Texture3D@@QBEXXZ 0062e160 f   Texture3D.obj
 0001:0002d1c0       ?CopyFrom@Texture3D@@QAEXAAV1@@Z 0062e1c0 f   Texture3D.obj
 0001:0002d200       ?Map@Texture3D@@QAEAAUD3D11_MAPPED_SUBRESOURCE@@H@Z 0062e200 f   Texture3D.obj
 0001:0002d250       ?UnMap@Texture3D@@QAEXH@Z  0062e250 f   Texture3D.obj
 0001:0002d290       ?NextMipSize@Texture3D@@SIXAAH00@Z 0062e290 f   Texture3D.obj
 0001:0002d310       ?ComputeMipLevelsCount@Texture3D@@SIHHHHH@Z 0062e310 f   Texture3D.obj
 0001:0002d3f0       ?Save@Texture3D@@QAEXPBD@Z 0062e3f0 f   Texture3D.obj
 0001:0002d500       ?Load@Texture3D@@QAEXPBD@Z 0062e500 f   Texture3D.obj
 0001:0002d6d0       ??_GTexture3D@@UAEPAXI@Z   0062e6d0 f i Texture3D.obj
 0001:0002d6d0       ??_ETexture3D@@UAEPAXI@Z   0062e6d0 f i Texture3D.obj
 0001:0002d700       ??0Device@@QAE@XZ          0062e700 f   Device.obj
 0001:0002d790       ?ComponentsCount@Device@@QBEHXZ 0062e790 f   Device.obj
 0001:0002d7e0       ?Init@Device@@QAEXHHPAUHWND__@@_N1@Z 0062e7e0 f   Device.obj
 0001:0002e7d0       ?Exit@Device@@QAEXXZ       0062f7d0 f   Device.obj
 0001:0002e8e0       ?ClearRenderTarget@Device@@QAEXABVTexture2D@@ABVNjFloat4@@@Z 0062f8e0 f   Device.obj
 0001:0002e920       ?ClearRenderTarget@Device@@QAEXABVTexture3D@@ABVNjFloat4@@@Z 0062f920 f   Device.obj
 0001:0002e960       ?ClearDepthStencil@Device@@QAEXABVTexture2D@@ME_N1@Z 0062f960 f   Device.obj
 0001:0002e9c0       ?SetRenderTarget@Device@@QAEXABVTexture2D@@PBV2@PBUD3D11_VIEWPORT@@@Z 0062f9c0 f   Device.obj
 0001:0002ea30       ?SetRenderTarget@Device@@QAEXABVTexture3D@@PBVTexture2D@@PBUD3D11_VIEWPORT@@@Z 0062fa30 f   Device.obj
 0001:0002eaa0       ?SetRenderTarget@Device@@QAEXHHABUID3D11RenderTargetView@@PAUID3D11DepthStencilView@@PBUD3D11_VIEWPORT@@@Z 0062faa0 f   Device.obj
 0001:0002eae0       ?SetRenderTargets@Device@@QAEXHHHPBQAUID3D11RenderTargetView@@PAUID3D11DepthStencilView@@PBUD3D11_VIEWPORT@@@Z 0062fae0 f   Device.obj
 0001:0002eb80       ?RemoveRenderTargets@Device@@QAEXXZ 0062fb80 f   Device.obj
 0001:0002ebb0       ?SetStates@Device@@QAEXPAVRasterizerState@@PAVDepthStencilState@@PAVBlendState@@@Z 0062fbb0 f   Device.obj
 0001:0002ec80       ?SetStatesReferences@Device@@QAEXABVNjFloat4@@IE@Z 0062fc80 f   Device.obj
 0001:0002ecc0       ?RemoveShaderResources@Device@@QAEXHHI@Z 0062fcc0 f   Device.obj
 0001:0002ee20       ?RegisterComponent@Device@@AAEXAAVComponent@@@Z 0062fe20 f   Device.obj
 0001:0002ee60       ?UnRegisterComponent@Device@@AAEXAAVComponent@@@Z 0062fe60 f   Device.obj
 0001:0002eeb0       ?Check@Device@@SI_NJ@Z     0062feb0 f   Device.obj
 0001:0002ef00       ?Write@Desc@DepthStencilFormatD24S8@@UAEXAAUDepthStencilFormat@@MH@Z 0062ff00 f   DepthStencilFormats.obj
 0001:0002ef80       ?Read@Desc@DepthStencilFormatD24S8@@UBEXABUDepthStencilFormat@@AAMAAH@Z 0062ff80 f   DepthStencilFormats.obj
 0001:0002efe0       ??0Desc@DepthStencilFormatD32F@@QAE@XZ 0062ffe0 f i DepthStencilFormats.obj
 0001:0002f000       ?DirectXFormat@Desc@DepthStencilFormatD32F@@UBE?AW4DXGI_FORMAT@@XZ 00630000 f i DepthStencilFormats.obj
 0001:0002f010       ?WritableDirectXFormat@Desc@DepthStencilFormatD32F@@UBE?AW4DXGI_FORMAT@@XZ 00630010 f i DepthStencilFormats.obj
 0001:0002f020       ?Write@Desc@DepthStencilFormatD32F@@UAEXAAUDepthStencilFormat@@MH@Z 00630020 f i DepthStencilFormats.obj
 0001:0002f040       ?Read@Desc@DepthStencilFormatD32F@@UBEXABUDepthStencilFormat@@AAMAAH@Z 00630040 f i DepthStencilFormats.obj
 0001:0002f060       ??0IDepthStencilFormatDescriptor@@QAE@XZ 00630060 f i DepthStencilFormats.obj
 0001:0002f080       ??0IFormatDescriptor@@QAE@XZ 00630080 f i DepthStencilFormats.obj
 0001:0002f0a0       ??0Desc@DepthStencilFormatD24S8@@QAE@XZ 006300a0 f i DepthStencilFormats.obj
 0001:0002f0c0       ?WritableDirectXFormat@Desc@DepthStencilFormatD24S8@@UBE?AW4DXGI_FORMAT@@XZ 006300c0 f i DepthStencilFormats.obj
 0001:0002f0d0       ?ReadableDirectXFormat@Desc@DepthStencilFormatD24S8@@UBE?AW4DXGI_FORMAT@@XZ 006300d0 f i DepthStencilFormats.obj
 0001:0002f0e0       ??0Desc@PixelFormatR8@@QAE@XZ 006300e0 f i PixelFormats.obj
 0001:0002f100       ?DirectXFormat@Desc@PixelFormatR8@@UBE?AW4DXGI_FORMAT@@XZ 00630100 f i PixelFormats.obj
 0001:0002f110       ?Write@Desc@PixelFormatR8@@UBEXPAEABVNjFloat4@@@Z 00630110 f i PixelFormats.obj
 0001:0002f180       ?Read@Desc@PixelFormatR8@@UBE?AVNjFloat4@@PBE@Z 00630180 f i PixelFormats.obj
 0001:0002f1d0       ??0IPixelFormatDescriptor@@QAE@XZ 006301d0 f i PixelFormats.obj
 0001:0002f1f0       ??0Desc@PixelFormatRGBA8@@QAE@XZ 006301f0 f i PixelFormats.obj
 0001:0002f210       ?DirectXFormat@Desc@PixelFormatRGBA8@@UBE?AW4DXGI_FORMAT@@XZ 00630210 f i PixelFormats.obj
 0001:0002f220       ?Read@Desc@PixelFormatRGBA8@@UBE?AVNjFloat4@@PBE@Z 00630220 f i PixelFormats.obj
 0001:0002f220       ?Read@Desc@PixelFormatRGBA8_sRGB@@UBE?AVNjFloat4@@PBE@Z 00630220 f i PixelFormats.obj
 0001:0002f2a0       ??0Desc@PixelFormatRGBA8_sRGB@@QAE@XZ 006302a0 f i PixelFormats.obj
 0001:0002f2c0       ?DirectXFormat@Desc@PixelFormatRGBA8_sRGB@@UBE?AW4DXGI_FORMAT@@XZ 006302c0 f i PixelFormats.obj
 0001:0002f2d0       ?Size@Desc@PixelFormatRGBA8@@UBEHXZ 006302d0 f i PixelFormats.obj
 0001:0002f2d0       ?Size@Desc@PixelFormatRGBA8_sRGB@@UBEHXZ 006302d0 f i PixelFormats.obj
 0001:0002f2d0       ?Size@Desc@PixelFormatR32F@@UBEHXZ 006302d0 f i PixelFormats.obj
 0001:0002f2d0       ?GetInputElementsCount@Desc@VertexFormatP3N3G3T2@@UBEHXZ 006302d0 f i VertexFormats.obj
 0001:0002f2d0       ?Size@Desc@PixelFormatRG16F@@UBEHXZ 006302d0 f i PixelFormats.obj
 0001:0002f2d0       ?Size@Desc@DepthStencilFormatD32F@@UBEHXZ 006302d0 f i DepthStencilFormats.obj
 0001:0002f2d0       ?Size@Desc@DepthStencilFormatD24S8@@UBEHXZ 006302d0 f i DepthStencilFormats.obj
 0001:0002f2e0       ?Write@Desc@PixelFormatRGBA8_sRGB@@UBEXPAEABVNjFloat4@@@Z 006302e0 f i PixelFormats.obj
 0001:0002f2e0       ?Write@Desc@PixelFormatRGBA8@@UBEXPAEABVNjFloat4@@@Z 006302e0 f i PixelFormats.obj
 0001:0002f350       ??0Desc@PixelFormatR16F@@QAE@XZ 00630350 f i PixelFormats.obj
 0001:0002f370       ?DirectXFormat@Desc@PixelFormatR16F@@UBE?AW4DXGI_FORMAT@@XZ 00630370 f i PixelFormats.obj
 0001:0002f380       ?Write@Desc@PixelFormatR16F@@UBEXPAEABVNjFloat4@@@Z 00630380 f i PixelFormats.obj
 0001:0002f3b0       ?Read@Desc@PixelFormatR16F@@UBE?AVNjFloat4@@PBE@Z 006303b0 f i PixelFormats.obj
 0001:0002f3f0       ??0Desc@PixelFormatR16_UINT@@QAE@XZ 006303f0 f i PixelFormats.obj
 0001:0002f410       ?DirectXFormat@Desc@PixelFormatR16_UINT@@UBE?AW4DXGI_FORMAT@@XZ 00630410 f i PixelFormats.obj
 0001:0002f420       ?Write@Desc@PixelFormatR16_UINT@@UBEXPAEABVNjFloat4@@@Z 00630420 f i PixelFormats.obj
 0001:0002f450       ?Read@Desc@PixelFormatR16_UINT@@UBE?AVNjFloat4@@PBE@Z 00630450 f i PixelFormats.obj
 0001:0002f4a0       ??0Desc@PixelFormatRG16F@@QAE@XZ 006304a0 f i PixelFormats.obj
 0001:0002f4c0       ?DirectXFormat@Desc@PixelFormatRG16F@@UBE?AW4DXGI_FORMAT@@XZ 006304c0 f i PixelFormats.obj
 0001:0002f4d0       ?Write@Desc@PixelFormatRG16F@@UBEXPAEABVNjFloat4@@@Z 006304d0 f i PixelFormats.obj
 0001:0002f520       ?Read@Desc@PixelFormatRG16F@@UBE?AVNjFloat4@@PBE@Z 00630520 f i PixelFormats.obj
 0001:0002f570       ??0Desc@PixelFormatRGBA16_UINT@@QAE@XZ 00630570 f i PixelFormats.obj
 0001:0002f590       ?Write@Desc@PixelFormatRGBA16_UINT@@UBEXPAEABVNjFloat4@@@Z 00630590 f i PixelFormats.obj
 0001:0002f610       ?Read@Desc@PixelFormatRGBA16_UINT@@UBE?AVNjFloat4@@PBE@Z 00630610 f i PixelFormats.obj
 0001:0002f690       ??0Desc@PixelFormatRGBA16F@@QAE@XZ 00630690 f i PixelFormats.obj
 0001:0002f6b0       ?DirectXFormat@Desc@PixelFormatRGBA16F@@UBE?AW4DXGI_FORMAT@@XZ 006306b0 f i PixelFormats.obj
 0001:0002f6c0       ?Size@Desc@PixelFormatRGBA16_UINT@@UBEHXZ 006306c0 f i PixelFormats.obj
 0001:0002f6c0       ?Size@Desc@PixelFormatRGBA16F@@UBEHXZ 006306c0 f i PixelFormats.obj
 0001:0002f6c0       ?Size@Desc@PixelFormatRG32F@@UBEHXZ 006306c0 f i PixelFormats.obj
 0001:0002f6d0       ?Write@Desc@PixelFormatRGBA16F@@UBEXPAEABVNjFloat4@@@Z 006306d0 f i PixelFormats.obj
 0001:0002f760       ?Read@Desc@PixelFormatRGBA16F@@UBE?AVNjFloat4@@PBE@Z 00630760 f i PixelFormats.obj
 0001:0002f7c0       ??0Desc@PixelFormatR32F@@QAE@XZ 006307c0 f i PixelFormats.obj
 0001:0002f7e0       ?ReadableDirectXFormat@Desc@DepthStencilFormatD32F@@UBE?AW4DXGI_FORMAT@@XZ 006307e0 f i DepthStencilFormats.obj
 0001:0002f7e0       ?DirectXFormat@Desc@PixelFormatR32F@@UBE?AW4DXGI_FORMAT@@XZ 006307e0 f i PixelFormats.obj
 0001:0002f7f0       ?Write@Desc@PixelFormatR32F@@UBEXPAEABVNjFloat4@@@Z 006307f0 f i PixelFormats.obj
 0001:0002f810       ?Read@Desc@PixelFormatR32F@@UBE?AVNjFloat4@@PBE@Z 00630810 f i PixelFormats.obj
 0001:0002f850       ??0Desc@PixelFormatRG32F@@QAE@XZ 00630850 f i PixelFormats.obj
 0001:0002f870       ?Write@Desc@PixelFormatRG32F@@UBEXPAEABVNjFloat4@@@Z 00630870 f i PixelFormats.obj
 0001:0002f8a0       ?Read@Desc@PixelFormatRG32F@@UBE?AVNjFloat4@@PBE@Z 006308a0 f i PixelFormats.obj
 0001:0002f8e0       ??0Desc@PixelFormatRGBA32F@@QAE@XZ 006308e0 f i PixelFormats.obj
 0001:0002f900       ?DirectXFormat@Desc@PixelFormatRG32F@@UBE?AW4DXGI_FORMAT@@XZ 00630900 f i PixelFormats.obj
 0001:0002f900       ?Size@Desc@VertexFormatPt4@@UBEHXZ 00630900 f i VertexFormats.obj
 0001:0002f900       ?Size@Desc@PixelFormatRGBA32F@@UBEHXZ 00630900 f i PixelFormats.obj
 0001:0002f910       ?Write@Desc@PixelFormatRGBA32F@@UBEXPAEABVNjFloat4@@@Z 00630910 f i PixelFormats.obj
 0001:0002f960       ?Read@Desc@PixelFormatRGBA32F@@UBE?AVNjFloat4@@PBE@Z 00630960 f i PixelFormats.obj
 0001:0002f9b0       ?Write@Desc@VertexFormatPt4@@UBEXPAXABVNjFloat3@@11ABVNjFloat2@@@Z 006309b0 f   VertexFormats.obj
 0001:0002f9f0       ?Write@Desc@VertexFormatP3@@UBEXPAXABVNjFloat3@@11ABVNjFloat2@@@Z 006309f0 f   VertexFormats.obj
 0001:0002fa20       ?Write@Desc@VertexFormatP3T2@@UBEXPAXABVNjFloat3@@11ABVNjFloat2@@@Z 00630a20 f   VertexFormats.obj
 0001:0002fa60       ?Write@Desc@VertexFormatP3N3G3T2@@UBEXPAXABVNjFloat3@@11ABVNjFloat2@@@Z 00630a60 f   VertexFormats.obj
 0001:0002fad0       ?Write@Desc@VertexFormatP3N3G3T2T2@@UBEXPAXABVNjFloat3@@11ABVNjFloat2@@@Z 00630ad0 f   VertexFormats.obj
 0001:0002fb50       ?Write@Desc@VertexFormatP3N3G3T3T3@@UBEXPAXABVNjFloat3@@11ABVNjFloat2@@@Z 00630b50 f   VertexFormats.obj
 0001:0002fc00       ??0Desc@VertexFormatPt4@@QAE@XZ 00630c00 f i VertexFormats.obj
 0001:0002fc20       ?GetInputElements@Desc@VertexFormatPt4@@UBEPAUD3D11_INPUT_ELEMENT_DESC@@XZ 00630c20 f i VertexFormats.obj
 0001:0002fc30       ??0IVertexFormatDescriptor@@QAE@XZ 00630c30 f i VertexFormats.obj
 0001:0002fc30       ??0IGeometryWriter@GeometryBuilder@@QAE@XZ 00630c30 f i Primitive.obj
 0001:0002fc50       ??0Desc@VertexFormatP3@@QAE@XZ 00630c50 f i VertexFormats.obj
 0001:0002fc70       ?Size@Desc@VertexFormatP3@@UBEHXZ 00630c70 f i VertexFormats.obj
 0001:0002fc70       ?DirectXFormat@Desc@PixelFormatRGBA16_UINT@@UBE?AW4DXGI_FORMAT@@XZ 00630c70 f i PixelFormats.obj
 0001:0002fc80       ?GetInputElements@Desc@VertexFormatP3@@UBEPAUD3D11_INPUT_ELEMENT_DESC@@XZ 00630c80 f i VertexFormats.obj
 0001:0002fc90       ?GetInputElementsCount@Desc@VertexFormatPt4@@UBEHXZ 00630c90 f i VertexFormats.obj
 0001:0002fc90       ?GetInputElementsCount@Desc@VertexFormatP3@@UBEHXZ 00630c90 f i VertexFormats.obj
 0001:0002fc90       ?Size@Desc@PixelFormatR8@@UBEHXZ 00630c90 f i PixelFormats.obj
 0001:0002fca0       ??0Desc@VertexFormatP3T2@@QAE@XZ 00630ca0 f i VertexFormats.obj
 0001:0002fcc0       ?Size@Desc@VertexFormatP3T2@@UBEHXZ 00630cc0 f i VertexFormats.obj
 0001:0002fcd0       ?GetInputElements@Desc@VertexFormatP3T2@@UBEPAUD3D11_INPUT_ELEMENT_DESC@@XZ 00630cd0 f i VertexFormats.obj
 0001:0002fce0       ?Size@Desc@PixelFormatR16_UINT@@UBEHXZ 00630ce0 f i PixelFormats.obj
 0001:0002fce0       ?GetInputElementsCount@Desc@VertexFormatP3T2@@UBEHXZ 00630ce0 f i VertexFormats.obj
 0001:0002fce0       ?Size@Desc@PixelFormatR16F@@UBEHXZ 00630ce0 f i PixelFormats.obj
 0001:0002fce0       ?DirectXFormat@Desc@PixelFormatRGBA32F@@UBE?AW4DXGI_FORMAT@@XZ 00630ce0 f i PixelFormats.obj
 0001:0002fcf0       ??0Desc@VertexFormatP3N3G3T2@@QAE@XZ 00630cf0 f i VertexFormats.obj
 0001:0002fd10       ?DirectXFormat@Desc@DepthStencilFormatD24S8@@UBE?AW4DXGI_FORMAT@@XZ 00630d10 f i DepthStencilFormats.obj
 0001:0002fd10       ?Size@Desc@VertexFormatP3N3G3T2@@UBEHXZ 00630d10 f i VertexFormats.obj
 0001:0002fd20       ?GetInputElements@Desc@VertexFormatP3N3G3T2@@UBEPAUD3D11_INPUT_ELEMENT_DESC@@XZ 00630d20 f i VertexFormats.obj
 0001:0002fd30       ??0Desc@VertexFormatP3N3G3T2T2@@QAE@XZ 00630d30 f i VertexFormats.obj
 0001:0002fd50       ?Size@Desc@VertexFormatP3N3G3T2T2@@UBEHXZ 00630d50 f i VertexFormats.obj
 0001:0002fd60       ?GetInputElements@Desc@VertexFormatP3N3G3T2T2@@UBEPAUD3D11_INPUT_ELEMENT_DESC@@XZ 00630d60 f i VertexFormats.obj
 0001:0002fd70       ?GetInputElementsCount@Desc@VertexFormatP3N3G3T3T3@@UBEHXZ 00630d70 f i VertexFormats.obj
 0001:0002fd70       ?GetInputElementsCount@Desc@VertexFormatP3N3G3T2T2@@UBEHXZ 00630d70 f i VertexFormats.obj
[...]
 0003:00005540       ___sse2_available          00688540     <common>
 0003:00005544       ___use_sse2_mathfcns       00688544     <common>
 0003:00005548       ___piob                    00688548     <common>
 0003:00005560       __bufin                    00688560     <common>
 0003:00006560       __nstream                  00689560     <common>
 0003:00006564       ___env_initialized         00689564     <common>
 0003:00006568       ___onexitend               00689568     <common>
 0003:0000656c       ___onexitbegin             0068956c     <common>
 0003:00006570       ___mbctype_initialized     00689570     <common>
 0003:00006574       ___dyn_tls_init_callback   00689574     <common>
 0003:00006578       __acmdln                   00689578     <common>
 0003:0000657c       __NoHeapEnableTerminationOnCorruption 0068957c     <common>

 entry point at        0001:0003c7a0

 Static symbols

 0001:00000070       ?ASM_ceilf@@YIHM@Z         00601070 f   GodComplex.obj
 0001:00000280       ?ASM_memset@@YIXPAXHH@Z    00601280 f   GodComplex.obj
 0001:000002a0       ?WndProc@@YGJPAUHWND__@@IIJ@Z 006012a0 f   GodComplex.obj
 0001:000006a0       ?ASM_floorf@@YIHM@Z        006016a0 f   GodComplex.obj
 0001:00000b20       ?ShowProgress@@YIXPAUWININFO@@H@Z 00601b20 f   GodComplex.obj
 0001:000011d0       ?ASM_expf@@YIMM@Z          006021d0 f   EffectRoom.obj
 0001:00001200       ?ASM_powf@@YIMMM@Z         00602200 f   EffectRoom.obj
 0001:00001570       ??D@YI?AVNjFloat4@@MABV0@@Z 00602570 f   EffectRoom.obj
 0001:00003b70       ??D@YI?AVNjFloat3@@MABV0@@Z 00604b70 f   EffectRoom.obj
 0001:00004900       ??D@YI?AVNjFloat3@@MABV0@@Z 00605900 f   EffectTranslucency.obj
 0001:00005f70       ?ASM_powf@@YIMMM@Z         00606f70 f   EffectTranslucency.obj
 0001:000071d0       ?ASM_ceilf@@YIHM@Z         006081d0 f   EffectVolumetric.obj
 0001:000089f0       ?ALMOST@@YI_NMM@Z          006099f0 f   EffectVolumetric.obj
 0001:00008a30       ??D@YI?AVNjFloat2@@MABV0@@Z 00609a30 f   EffectVolumetric.obj
 0001:00008ad0       ??D@YI?AVNjFloat3@@MABV0@@Z 00609ad0 f   EffectVolumetric.obj
 0001:00009e20       ?ASM_floorf@@YIHM@Z        0060ae20 f   EffectVolumetric.obj
 0001:0000d3a0       ?ASM_acosf@@YIMM@Z         0060e3a0 f   EffectVolumetric.obj
 0001:0000d5a0       ?ASM_expf@@YIMM@Z          0060e5a0 f   EffectVolumetric.obj
 0001:0000d5d0       ??D@YI?AVNjFloat4@@MABV0@@Z 0060e5d0 f   EffectVolumetric.obj
 0001:0000ef10       ?ASM_powf@@YIMMM@Z         0060ff10 f   MaterialBank.obj
 0001:0000ef40       ?ASM_memcpy@@YIXPAXPBXH@Z  0060ff40 f   MaterialBank.obj
 0001:00012420       ??D@YI?AVNjFloat2@@MABV0@@Z 00613420 f   Intro.obj
 0001:00013790       ??D@YI?AVNjFloat4@@MABV0@@Z 00614790 f   Intro.obj
 0001:00014380       ?ASM_memset@@YIXPAXHH@Z    00615380 f   Hashtable.obj
 0001:000146a0       ??D@YI?AVNjFloat3@@MABV0@@Z 006156a0 f   Math.obj
 0001:00014fc0       ?ASM_asinf@@YIMM@Z         00615fc0 f   Math.obj
 0001:00016120       ??D@YI?AVNjFloat2@@MABV0@@Z 00617120 f   Draw.obj
 0001:000168b0       ?ASM_ceilf@@YIHM@Z         006178b0 f   Draw.obj
 0001:00017120       ?ASM_floorf@@YIHM@Z        00618120 f   Draw.obj
 0001:00017150       ??D@YI?AVNjFloat4@@MABV0@@Z 00618150 f   Draw.obj
 0001:000176a0       ??D@YI?AVNjFloat4@@MABV0@@Z 006186a0 f   Filters.obj
 0001:00017f90       ?ASM_expf@@YIMM@Z          00618f90 f   Filters.obj
 0001:00017fc0       ?ASM_ceilf@@YIHM@Z         00618fc0 f   Filters.obj
 0001:00018200       ?ASM_powf@@YIMMM@Z         00619200 f   Filters.obj
 0001:00018f10       ??D@YI?AVNjFloat2@@MABV0@@Z 00619f10 f   Generators.obj
 0001:000192d0       ?ASM_fmodf@@YIMMM@Z        0061a2d0 f   Generators.obj
 0001:00019a90       ?ASM_floorf@@YIHM@Z        0061aa90 f   Noise.obj
 0001:00021240       ?ASM_ceilf@@YIHM@Z         00622240 f   Noise.obj
 0001:000213d0       ?ASM_expf@@YIMM@Z          006223d0 f   Noise.obj
 0001:000229a0       ??D@YI?AVNjFloat3@@MABV0@@Z 006239a0 f   GeometryBuilder.obj
 0001:00023950       ?ASM_fmodf@@YIMMM@Z        00624950 f   GeometryBuilder.obj
 0001:00023970       ?ASM_acosf@@YIMM@Z         00624970 f   GeometryBuilder.obj
 0001:00023fe0       ??D@YI?AVNjFloat4@@MABV0@@Z 00624fe0 f   GeometryBuilder.obj
 0001:00024210       ?ASM_memcpy@@YIXPAXPBXH@Z  00625210 f   RayTracer.obj
 0001:000243e0       ??D@YI?AVNjFloat3@@MABV0@@Z 006253e0 f   RayTracer.obj
 0001:00024880       ?ASM_log2f@@YIMM@Z         00625880 f   TextureBuilder.obj
 0001:000248a0       ?ASM_floorf@@YIHM@Z        006258a0 f   TextureBuilder.obj
 0001:00024950       ?ASM_memcpy@@YIXPAXPBXH@Z  00625950 f   TextureBuilder.obj
 0001:00024e60       ??D@YI?AVNjFloat4@@MABV0@@Z 00625e60 f   TextureBuilder.obj
 0001:000255f0       ??D@YI?AVNjFloat3@@MABV0@@Z 006265f0 f   TextureBuilder.obj
 0001:00025f90       ?ASM_powf@@YIMMM@Z         00626f90 f   TextureBuilder.obj
 0001:000266c0       ?ASM_memcpy@@YIXPAXPBXH@Z  006276c0 f   ComputeShader.obj
 0001:00026db0       ?WatchShader@@YIXAAPAVComputeShader@@PAX@Z 00627db0 f   ComputeShader.obj
 0001:00027020       ?ASM_memset@@YIXPAXHH@Z    00628020 f   ComputeShader.obj
 0001:00027560       ?ASM_memcpy@@YIXPAXPBXH@Z  00628560 f   ConstantBuffer.obj
 0001:00027b10       ?ASM_memcpy@@YIXPAXPBXH@Z  00628b10 f   Material.obj
 0001:00028ca0       ?WatchShader@@YIXAAPAVMaterial@@PAX@Z 00629ca0 f   Material.obj
 0001:000294d0       ?ASM_memset@@YIXPAXHH@Z    0062a4d0 f   Material.obj
 0001:0002a0c0       ?ASM_memcpy@@YIXPAXPBXH@Z  0062b0c0 f   Primitive.obj
 0001:0002aa00       ?ASM_memcpy@@YIXPAXPBXH@Z  0062ba00 f   StructuredBuffer.obj
 0001:0002b4c0       ?ReleaseDirectXObject@@YIXAAPAXPAX@Z 0062c4c0 f   Texture2D.obj
 0001:0002c120       ?ASM_ceilf@@YIHM@Z         0062d120 f   Texture2D.obj
 0001:0002c8c0       ?ReleaseDirectXObject@@YIXAAPAXPAX@Z 0062d8c0 f   Texture3D.obj
 0001:0002d3c0       ?ASM_ceilf@@YIHM@Z         0062e3c0 f   Texture3D.obj
 0001:0002e7b0       ?ASM_memset@@YIXPAXHH@Z    0062f7b0 f   Device.obj
 0001:0002f140       ?FLOAT2BYTE@@YIEM@Z        00630140 f   PixelFormats.obj
 0001:00032290       ?ASM_memcpy@@YIXPAXPBXH@Z  00633290 f   Resources.obj
 0001:000328e0       ?ASM_memset@@YIXPAXHH@Z    006338e0 f   Resources.obj
 0001:00032ff0       ?ASM_memset@@YIXPAXHH@Z    00633ff0 f   tweakval.obj
 0001:0003424a       ?sFtol@@YIHM@Z             0063524a f   libv2:ronan.obj
 0001:00034256       ?sFPow@@YINNN@Z            00635256 f   libv2:ronan.obj
 0001:000342c4       ?sFExp@@YINN@Z             006352c4 f   libv2:ronan.obj
 0001:00034379       ?flerp@Ronan@@YIMMMM@Z     00635379 f   libv2:ronan.obj
 0001:0003438c       ?db2lin@Ronan@@YIMMMM@Z    0063538c f   libv2:ronan.obj
 0001:00038270       _swprintf                  00639270 f   LIBCMTD:wassert.obj
 0001:0003a680       _IsRootUNCName             0063b680 f   LIBCMTD:stati32.obj
 0001:0003a790       __fullpath_helper          0063b790 f   LIBCMTD:stati32.obj
 0001:0003ad30       __onexit_nolock            0063bd30 f   LIBCMTD:onexit.obj
 0001:0003bef0       _cmpBYTE                   0063cef0 f   LIBCMTD:memcmp.obj
 0001:0003bf20       _cmpResult                 0063cf20 f   LIBCMTD:memcmp.obj
 0001:0003bf40       _unaligned_memcmp          0063cf40 f   LIBCMTD:memcmp.obj
 0001:0003c650       _cmpWORD                   0063d650 f   LIBCMTD:memcmp.obj
 0001:0003c6d0       _cmpDWORD                  0063d6d0 f   LIBCMTD:memcmp.obj
 0001:0003c7c0       ___tmainCRTStartup         0063d7c0 f   LIBCMTD:wincrt0.obj
 0001:0003c980       _fast_error_exit           0063d980 f   LIBCMTD:wincrt0.obj
 0001:0003c9b0       _check_managed_app         0063d9b0 f   LIBCMTD:wincrt0.obj
 0001:0003cee0       __cftoe2_l                 0063dee0 f   LIBCMTD:cvt.obj
 0001:0003dc50       __cftof2_l                 0063ec50 f   LIBCMTD:cvt.obj
 0001:0003e1d0       __shift                    0063f1d0 f   LIBCMTD:cvt.obj
 0001:0003e4e0       _doexit                    0063f4e0 f   LIBCMTD:crt0dat.obj
 0001:0003e7d0       __initterm                 0063f7d0 f   LIBCMTD:crt0dat.obj
 0001:0003eb80       _siglookup                 0063fb80 f   LIBCMTD:winsig.obj
 0001:0003ee80       _xtow_s@20                 0063fe80 f   LIBCMTD:xtows.obj
 0001:00040370       _flsall                    00641370 f   LIBCMTD:fflush.obj
 0001:00044a60       __get_fname                00645a60 f   LIBCMTD:_fpexcept_.obj
 0001:00045530       _ValidateLocalCookies      00646530 f   LIBCMTD:chandler4.obj
 0001:00045620       __nh_malloc_dbg_impl       00646620 f   LIBCMTD:dbgheap.obj
 0001:000456a0       __heap_alloc_dbg_impl      006466a0 f   LIBCMTD:dbgheap.obj
 0001:00045be0       _realloc_help              00646be0 f   LIBCMTD:dbgheap.obj
 0001:00046a00       _CheckBytes                00647a00 f   LIBCMTD:dbgheap.obj
 0001:000472b0       ?_CrtMemDumpAllObjectsSince_stat@@YAXPBU_CrtMemState@@PAUlocaleinfo_struct@@@Z 006482b0 f   LIBCMTD:dbgheap.obj
 0001:000475c0       __printMemBlockData        006485c0 f   LIBCMTD:dbgheap.obj
 0001:00049c70       __unwind_handler4          0064ac70 f   LIBCMTD:exsup4.obj
 0001:0004b950       __tsopen_nolock            0064c950 f   LIBCMTD:open.obj
 0001:0004ebf0       ?getSystemCP@@YAHH@Z       0064fbf0 f   LIBCMTD:mbctype.obj
 0001:0004f050       ?CPtoLCID@@YAHH@Z          00650050 f   LIBCMTD:mbctype.obj
 0001:0004f0d0       ?setSBCS@@YAXPAUthreadmbcinfostruct@@@Z 006500d0 f   LIBCMTD:mbctype.obj
 0001:0004f1b0       ?setSBUpLow@@YAXPAUthreadmbcinfostruct@@@Z 006501b0 f   LIBCMTD:mbctype.obj
 0001:000513a0       ?strtoxl@@YAKPAUlocaleinfo_struct@@PBDPAPBDHH@Z 006523a0 f   LIBCMTD:strtol.obj
 0001:00051cc0       _xcptlookup                00652cc0 f   LIBCMTD:winxfltr.obj
 0001:000520c0       _parse_cmdline             006530c0 f   LIBCMTD:stdargv.obj
 0001:00055600       _write_char                00656600 f   LIBCMTD:woutput.obj
 0001:00055600       _write_char                00656600 f   LIBCMTD:woutput.obj
 0001:00055660       _write_multi_char          00656660 f   LIBCMTD:woutput.obj
 0001:00055660       _write_multi_char          00656660 f   LIBCMTD:woutput.obj
 0001:000556a0       _write_string              006566a0 f   LIBCMTD:woutput.obj
 0001:000556a0       _write_string              006566a0 f   LIBCMTD:woutput.obj
 0001:00059a20       _write_char                0065aa20 f   LIBCMTD:outputs.obj
 0001:00059a20       _write_char                0065aa20 f   LIBCMTD:outputs.obj
 0001:00059ad0       _write_multi_char          0065aad0 f   LIBCMTD:outputs.obj
 0001:00059ad0       _write_multi_char          0065aad0 f   LIBCMTD:outputs.obj
 0001:00059b10       _write_string              0065ab10 f   LIBCMTD:outputs.obj
 0001:00059b10       _write_string              0065ab10 f   LIBCMTD:outputs.obj
 0001:0005af20       __is_LFH_enabled           0065bf20 f   LIBCMTD:expand.obj
 0001:0005bfe0       __unwind_handler           0065cfe0 f   LIBCMTD:exsup.obj
 0001:0005cf00       __tzset_nolock             0065df00 f   LIBCMTD:tzset.obj
 0001:0005d510       __isindst_nolock           0065e510 f   LIBCMTD:tzset.obj
 0001:0005d870       _cvtdate                   0065e870 f   LIBCMTD:tzset.obj
 0001:0005dda0       ?__crtLCMapStringA_stat@@YAHPAUlocaleinfo_struct@@KKPBDHPADHHH@Z 0065eda0 f   LIBCMTD:a_map.obj
 0001:0005ef30       ?__crtGetStringTypeA_stat@@YAHPAUlocaleinfo_struct@@KPBDHPAGHHH@Z 0065ff30 f   LIBCMTD:a_str.obj
 0001:0005f240       ?CatchGuardHandler@@YA?AW4_EXCEPTION_DISPOSITION@@PAUEHExceptionRecord@@PAUCatchGuardRN@@PAX2@Z 00660240 f   LIBCMTD:_trnsctrl_.obj
 0001:0005f380       ?TranslatorGuardHandler@@YA?AW4_EXCEPTION_DISPOSITION@@PAUEHExceptionRecord@@PAUTranslatorGuardRN@@PAX2@Z 00660380 f   LIBCMTD:_trnsctrl_.obj
 0001:00060070       ?x_ismbbtype_l@@YAHPAUlocaleinfo_struct@@IHH@Z 00661070 f   LIBCMTD:ismbbyte.obj
 0001:000601f0       __abstract_cw              006611f0 f   LIBCMTD:_ieee87_.obj
 0001:00060340       __hw_cw                    00661340 f   LIBCMTD:_ieee87_.obj
 0001:000604a0       ___control87_sse2          006614a0 f   LIBCMTD:_ieee87_.obj
 0001:00060520       ___abstract_cw_sse2        00661520 f   LIBCMTD:_ieee87_.obj
 0001:00060670       ___hw_cw_sse2              00661670 f   LIBCMTD:_ieee87_.obj
 0001:00061fe0       _xtoa_s@20                 00662fe0 f   LIBCMTD:xtoas.obj
 0001:00062830       ?wcsncnt@@YAIPB_WI@Z       00663830 f   LIBCMTD:wcstombs.obj
 0001:00063860       ?FindHandler@@YAXPAUEHExceptionRecord@@PAUEHRegistrationNode@@PAU_CONTEXT@@PAXPBU_s_FuncInfo@@EH1@Z 00664860 f   LIBCMTD:frame.obj
 0001:00063db0       ?FindHandlerForForeignException@@YAXPAUEHExceptionRecord@@PAUEHRegistrationNode@@PAU_CONTEXT@@PAXPBU_s_FuncInfo@@HH1@Z 00664db0 f   LIBCMTD:frame.obj
 0001:000641f0       ?CatchIt@@YAXPAUEHExceptionRecord@@PAUEHRegistrationNode@@PAU_CONTEXT@@PAXPBU_s_FuncInfo@@PBU_s_HandlerType@@PBU_s_CatchableType@@PBU_s_TryBlockMapEntry@@H1E@Z 006651f0 f   LIBCMTD:frame.obj
 0001:000642b0       ?CallCatchBlock@@YAPAXPAUEHExceptionRecord@@PAUEHRegistrationNode@@PAU_CONTEXT@@PBU_s_FuncInfo@@PAXHK@Z 006652b0 f   LIBCMTD:frame.obj
 0001:00064540       ?ExFilterRethrow@@YAHPAU_EXCEPTION_POINTERS@@@Z 00665540 f   LIBCMTD:frame.obj
 0001:00064a30       ?IsInExceptionSpec@@YAEPAUEHExceptionRecord@@PBU_s_ESTypeList@@@Z 00665a30 f   LIBCMTD:frame.obj
 0001:00064af0       ?CallUnexpected@@YAXPBU_s_ESTypeList@@@Z 00665af0 f   LIBCMTD:frame.obj
 0001:00064b3e       __catch$?CallUnexpected@@YAXPBU_s_ESTypeList@@@Z$0 00665b3e f   LIBCMTD:frame.obj
 0001:00064b80       ?Is_bad_exception_allowed@@YAEPBU_s_ESTypeList@@@Z 00665b80 f   LIBCMTD:frame.obj
 0001:00065640       ?__crtCompareStringA_stat@@YAHPAUlocaleinfo_struct@@KKPBDH1HH@Z 00666640 f   LIBCMTD:a_cmp.obj
 0001:000659d0       ?strncnt@@YAHPBDH@Z        006669d0 f   LIBCMTD:a_cmp.obj
 0001:000659d0       ?strncnt@@YAHPBDH@Z        006669d0 f   LIBCMTD:a_cmp.obj
 0001:00066150       _findenv                   00667150 f   LIBCMTD:setenv.obj
 0001:000661d0       _copy_environ              006671d0 f   LIBCMTD:setenv.obj
 0001:000665b0       __unwindfunclet$?getSystemCP@@YAHH@Z$0 006675b0 f   LIBCMTD:mbctype.obj
 0001:000665b8       __ehhandler$?getSystemCP@@YAHH@Z 006675b8 f   LIBCMTD:mbctype.obj
 0001:000665e0       __unwindfunclet$?strtoxl@@YAKPAUlocaleinfo_struct@@PBDPAPBDHH@Z$0 006675e0 f   LIBCMTD:strtol.obj
 0001:000665e8       __ehhandler$?strtoxl@@YAKPAUlocaleinfo_struct@@PBDPAPBDHH@Z 006675e8 f   LIBCMTD:strtol.obj
 0001:00066610       __unwindfunclet$?x_ismbbtype_l@@YAHPAUlocaleinfo_struct@@IHH@Z$0 00667610 f   LIBCMTD:ismbbyte.obj
 0001:00066618       __ehhandler$?x_ismbbtype_l@@YAHPAUlocaleinfo_struct@@IHH@Z 00667618 f   LIBCMTD:ismbbyte.obj
 0001:00066640       __ehhandler$?CallUnexpected@@YAXPBU_s_ESTypeList@@@Z 00667640 f   LIBCMTD:frame.obj
 0001:00066660       ??__ELUMINANCE@@YAXXZ      00667660 f   GodComplex.obj
 0001:000666a0       ??__Egs_Device@@YAXXZ      006676a0 f   GodComplex.obj
 0001:000666b0       ??__E?Zero@NjFloat2@@2V1@B@@YAXXZ 006676b0 f   Math.obj
 0001:000666d0       ??__E?One@NjFloat2@@2V1@B@@YAXXZ 006676d0 f   Math.obj
 0001:000666f0       ??__E?UnitX@NjFloat2@@2V1@B@@YAXXZ 006676f0 f   Math.obj
 0001:00066710       ??__E?UnitY@NjFloat2@@2V1@B@@YAXXZ 00667710 f   Math.obj
 0001:00066730       ??__E?Zero@NjFloat3@@2V1@B@@YAXXZ 00667730 f   Math.obj
 0001:00066760       ??__E?One@NjFloat3@@2V1@B@@YAXXZ 00667760 f   Math.obj
 0001:00066790       ??__E?UnitX@NjFloat3@@2V1@B@@YAXXZ 00667790 f   Math.obj
 0001:000667c0       ??__E?UnitY@NjFloat3@@2V1@B@@YAXXZ 006677c0 f   Math.obj
 0001:000667f0       ??__E?UnitZ@NjFloat3@@2V1@B@@YAXXZ 006677f0 f   Math.obj
 0001:00066820       ??__E?Zero@NjFloat4@@2V1@B@@YAXXZ 00667820 f   Math.obj
 0001:00066850       ??__E?One@NjFloat4@@2V1@B@@YAXXZ 00667850 f   Math.obj
 0001:00066880       ??__E?UnitX@NjFloat4@@2V1@B@@YAXXZ 00667880 f   Math.obj
 0001:000668b0       ??__E?UnitY@NjFloat4@@2V1@B@@YAXXZ 006678b0 f   Math.obj
 0001:000668e0       ??__E?UnitZ@NjFloat4@@2V1@B@@YAXXZ 006678e0 f   Math.obj
 0001:00066910       ??__E?UnitW@NjFloat4@@2V1@B@@YAXXZ 00667910 f   Math.obj
 0001:00066940       ??__E?ms_WatchedShaders@ComputeShader@@0V?$DictionaryString@PAVComputeShader@@@@A@@YAXXZ 00667940 f   ComputeShader.obj
 0001:00066970       ??__E?ms_WatchedShaders@Material@@0V?$DictionaryString@PAVMaterial@@@@A@@YAXXZ 00667970 f   Material.obj
 0001:000669a0       ??__E?DESCRIPTOR@DepthStencilFormatD32F@@2VDesc@1@A@@YAXXZ 006679a0 f   DepthStencilFormats.obj
 0001:000669b0       ??__E?DESCRIPTOR@DepthStencilFormatD24S8@@2VDesc@1@A@@YAXXZ 006679b0 f   DepthStencilFormats.obj
 0001:000669c0       ??__E?DESCRIPTOR@PixelFormatR8@@2VDesc@1@A@@YAXXZ 006679c0 f   PixelFormats.obj
 0001:000669d0       ??__E?DESCRIPTOR@PixelFormatRGBA8@@2VDesc@1@A@@YAXXZ 006679d0 f   PixelFormats.obj
 0001:000669e0       ??__E?DESCRIPTOR@PixelFormatRGBA8_sRGB@@2VDesc@1@A@@YAXXZ 006679e0 f   PixelFormats.obj
 0001:000669f0       ??__E?DESCRIPTOR@PixelFormatR16F@@2VDesc@1@A@@YAXXZ 006679f0 f   PixelFormats.obj
 0001:00066a00       ??__E?DESCRIPTOR@PixelFormatR16_UINT@@2VDesc@1@A@@YAXXZ 00667a00 f   PixelFormats.obj
 0001:00066a10       ??__E?DESCRIPTOR@PixelFormatRG16F@@2VDesc@1@A@@YAXXZ 00667a10 f   PixelFormats.obj
 0001:00066a20       ??__E?DESCRIPTOR@PixelFormatRGBA16_UINT@@2VDesc@1@A@@YAXXZ 00667a20 f   PixelFormats.obj
 0001:00066a30       ??__E?DESCRIPTOR@PixelFormatRGBA16F@@2VDesc@1@A@@YAXXZ 00667a30 f   PixelFormats.obj
 0001:00066a40       ??__E?DESCRIPTOR@PixelFormatR32F@@2VDesc@1@A@@YAXXZ 00667a40 f   PixelFormats.obj
 0001:00066a50       ??__E?DESCRIPTOR@PixelFormatRG32F@@2VDesc@1@A@@YAXXZ 00667a50 f   PixelFormats.obj
 0001:00066a60       ??__E?DESCRIPTOR@PixelFormatRGBA32F@@2VDesc@1@A@@YAXXZ 00667a60 f   PixelFormats.obj
 0001:00066a70       ??__E?DESCRIPTOR@VertexFormatPt4@@2VDesc@1@A@@YAXXZ 00667a70 f   VertexFormats.obj
 0001:00066a80       ??__E?ms_pInputElements@Desc@VertexFormatPt4@@0PAUD3D11_INPUT_ELEMENT_DESC@@A@@YAXXZ 00667a80 f   VertexFormats.obj
 0001:00066ad0       ??__E?DESCRIPTOR@VertexFormatP3@@2VDesc@1@A@@YAXXZ 00667ad0 f   VertexFormats.obj
 0001:00066ae0       ??__E?ms_pInputElements@Desc@VertexFormatP3@@0PAUD3D11_INPUT_ELEMENT_DESC@@A@@YAXXZ 00667ae0 f   VertexFormats.obj
 0001:00066b30       ??__E?DESCRIPTOR@VertexFormatP3T2@@2VDesc@1@A@@YAXXZ 00667b30 f   VertexFormats.obj
 0001:00066b40       ??__E?ms_pInputElements@Desc@VertexFormatP3T2@@0PAUD3D11_INPUT_ELEMENT_DESC@@A@@YAXXZ 00667b40 f   VertexFormats.obj
 0001:00066be0       ??__E?DESCRIPTOR@VertexFormatP3N3G3T2@@2VDesc@1@A@@YAXXZ 00667be0 f   VertexFormats.obj
 0001:00066bf0       ??__E?ms_pInputElements@Desc@VertexFormatP3N3G3T2@@0PAUD3D11_INPUT_ELEMENT_DESC@@A@@YAXXZ 00667bf0 f   VertexFormats.obj
 0001:00066d20       ??__E?DESCRIPTOR@VertexFormatP3N3G3T2T2@@2VDesc@1@A@@YAXXZ 00667d20 f   VertexFormats.obj
 0001:00066d30       ??__E?ms_pInputElements@Desc@VertexFormatP3N3G3T2T2@@0PAUD3D11_INPUT_ELEMENT_DESC@@A@@YAXXZ 00667d30 f   VertexFormats.obj
 0001:00066ea0       ??__E?DESCRIPTOR@VertexFormatP3N3G3T3T3@@2VDesc@1@A@@YAXXZ 00667ea0 f   VertexFormats.obj
 0001:00066eb0       ??__E?ms_pInputElements@Desc@VertexFormatP3N3G3T3T3@@0PAUD3D11_INPUT_ELEMENT_DESC@@A@@YAXXZ 00667eb0 f   VertexFormats.obj
 0001:00067020       ??__Egs_IncludesManager@@YAXXZ 00668020 f   Resources.obj
 0001:00067040       ??__Eg_TweakableFiles@tweakval@@YAXXZ 00668040 f   tweakval.obj
 0001:00067070       ??__Eg_TweakableValues@tweakval@@YAXXZ 00668070 f   tweakval.obj
 0001:000670a0       ??__F?ms_WatchedShaders@ComputeShader@@0V?$DictionaryString@PAVComputeShader@@@@A@@YAXXZ 006680a0 f   ComputeShader.obj
 0001:000670b0       ??__F?ms_WatchedShaders@Material@@0V?$DictionaryString@PAVMaterial@@@@A@@YAXXZ 006680b0 f   Material.obj
 0001:000670c0       ??__Fgs_IncludesManager@@YAXXZ 006680c0 f   Resources.obj
 0001:000670d0       ??__Fg_TweakableFiles@tweakval@@YAXXZ 006680d0 f   tweakval.obj
 0001:000670e0       ??__Fg_TweakableValues@tweakval@@YAXXZ 006680e0 f   tweakval.obj
